Archive member included because of file (symbol)

/local/cruisecontrol/SYSTEM_BIN/w_drive/824550273/UPCH_SAMVGW_INTELGRV_LNUX_02/LittleEndian/release_dbg//components/system_libraries/systemconfig/src/libsystemconfig.a(systemconfig.o)
                              /local/cruisecontrol/SYSTEM_BIN/w_drive/824550273/UPCH_SAMVGW_INTELGRV_LNUX_02/LittleEndian/release_dbg/components/../processes/common_services.o (SYSTEMCONFIG_OpenFile)
/local/cruisecontrol/SYSTEM_BIN/w_drive/824550273/UPCH_SAMVGW_INTELGRV_LNUX_02/LittleEndian/release_dbg//components/system_libraries/systemconfig/src/libsystemconfig.a(systemconfig_private.o)
                              /local/cruisecontrol/SYSTEM_BIN/w_drive/824550273/UPCH_SAMVGW_INTELGRV_LNUX_02/LittleEndian/release_dbg//components/system_libraries/systemconfig/src/libsystemconfig.a(systemconfig.o) (SYSCFG_PRIV_GetValue)
/local/cruisecontrol/SYSTEM_BIN/w_drive/824550273/UPCH_SAMVGW_INTELGRV_LNUX_02/LittleEndian/release_dbg//components/system_libraries/systemutil/src/libsystemutil.a(systemutil_thread.o)
                              /local/cruisecontrol/SYSTEM_BIN/w_drive/824550273/UPCH_SAMVGW_INTELGRV_LNUX_02/LittleEndian/release_dbg/components/../processes/common_services.o (SYSTEMUTIL_THR_Init)
/local/cruisecontrol/SYSTEM_BIN/w_drive/824550273/UPCH_SAMVGW_INTELGRV_LNUX_02/LittleEndian/release_dbg//components/system_libraries/systemutil/src/libsystemutil.a(systemutil_backtrace.o)
                              /local/cruisecontrol/SYSTEM_BIN/w_drive/824550273/UPCH_SAMVGW_INTELGRV_LNUX_02/LittleEndian/release_dbg/components/../processes/common_services.o (SYSTEMUTIL_LIBC_Backtrace)
/local/cruisecontrol/SYSTEM_BIN/w_drive/824550273/UPCH_SAMVGW_INTELGRV_LNUX_02/LittleEndian/release_dbg//components/system_libraries/systemutil/src/libsystemutil.a(systemutil_ctx.o)
                              /local/cruisecontrol/SYSTEM_BIN/w_drive/824550273/UPCH_SAMVGW_INTELGRV_LNUX_02/LittleEndian/release_dbg//components/system_libraries/systemutil/src/libsystemutil.a(systemutil_thread.o) (ContextTable)
/local/cruisecontrol/SYSTEM_BIN/w_drive/824550273/UPCH_SAMVGW_INTELGRV_LNUX_02/LittleEndian/release_dbg//components/system_libraries/systemutil/src/libsystemutil.a(systemutil_cfg_private.o)
                              /local/cruisecontrol/SYSTEM_BIN/w_drive/824550273/UPCH_SAMVGW_INTELGRV_LNUX_02/LittleEndian/release_dbg//components/system_libraries/systemutil/src/libsystemutil.a(systemutil_thread.o) (SYSTEMUTIL_CFG_Init)
/local/cruisecontrol/SYSTEM_BIN/w_drive/824550273/UPCH_SAMVGW_INTELGRV_LNUX_02/LittleEndian/release_dbg//components/system_libraries/systemutil/src/libsystemutil.a(systemutil_err_private.o)
                              /local/cruisecontrol/SYSTEM_BIN/w_drive/824550273/UPCH_SAMVGW_INTELGRV_LNUX_02/LittleEndian/release_dbg//components/system_libraries/systemutil/src/libsystemutil.a(systemutil_thread.o) (SYSTEMUTIL_COMMON_errlog)
/local/cruisecontrol/SYSTEM_BIN/w_drive/824550273/UPCH_SAMVGW_INTELGRV_LNUX_02/LittleEndian/release_dbg//components/system_libraries/systemutil/src/libsystemutil.a(systemutil_thread_stat.o)
                              /local/cruisecontrol/SYSTEM_BIN/w_drive/824550273/UPCH_SAMVGW_INTELGRV_LNUX_02/LittleEndian/release_dbg//components/system_libraries/systemutil/src/libsystemutil.a(systemutil_thread.o) (SYSTEMUTIL_THR_P_InitStat)
/local/cruisecontrol/SYSTEM_BIN/w_drive/824550273/UPCH_SAMVGW_INTELGRV_LNUX_02/LittleEndian/release_dbg//components/system_libraries/systemutil/src/libsystemutil.a(systemutil_dlist.o)
                              /local/cruisecontrol/SYSTEM_BIN/w_drive/824550273/UPCH_SAMVGW_INTELGRV_LNUX_02/LittleEndian/release_dbg//components/system_libraries/systemutil/src/libsystemutil.a(systemutil_thread_stat.o) (SYSTEMUTIL_DLIST_Init)
/local/cruisecontrol/SYSTEM_BIN/w_drive/824550273/UPCH_SAMVGW_INTELGRV_LNUX_02/LittleEndian/release_dbg//components/system_libraries/systemutil/src/libsystemutil.a(systemutil_mutex.o)
                              /local/cruisecontrol/SYSTEM_BIN/w_drive/824550273/UPCH_SAMVGW_INTELGRV_LNUX_02/LittleEndian/release_dbg//components/system_libraries/systemutil/src/libsystemutil.a(systemutil_dlist.o) (__SYSTEMUTIL_THR_MutexLockD)
/local/cruisecontrol/SYSTEM_BIN/w_drive/824550273/UPCH_SAMVGW_INTELGRV_LNUX_02/LittleEndian/release_dbg//components/system_libraries/diag/src/log/src/libdiag_log.a(diag_log.o)
                              /local/cruisecontrol/SYSTEM_BIN/w_drive/824550273/UPCH_SAMVGW_INTELGRV_LNUX_02/LittleEndian/release_dbg/components/../processes/common_services.o (__DIAG_LOG_ValidTrace)
/local/cruisecontrol/SYSTEM_BIN/w_drive/824550273/UPCH_SAMVGW_INTELGRV_LNUX_02/LittleEndian/release_dbg//components/system_libraries/diag/src/log/src/libdiag_log.a(diag_log_formatter.o)
[...]
Memory Configuration

Name             Origin             Length             Attributes
*default*        0x00000000         0xffffffff

Linker script and memory map

LOAD /local/cruisecontrol/SYSTEM_BIN/views/MANIFESTS.upc.master/FUSIONOS_10/BLD_UPCH_SAMVGW_INTELGRV_LNUX_02/platform_cfg/linux/compiler/i686_gcc_x86_linux_01/root/usr/lib/crt1.o
LOAD /local/cruisecontrol/SYSTEM_BIN/views/MANIFESTS.upc.master/FUSIONOS_10/BLD_UPCH_SAMVGW_INTELGRV_LNUX_02/platform_cfg/linux/compiler/i686_gcc_x86_linux_01/root/usr/lib/crti.o
LOAD /local/cruisecontrol/SYSTEM_BIN/views/MANIFESTS.upc.master/SYSTEM_BIN_2/i686_gcc_x86_linux_01/root/bin/../lib/gcc/i686-cm-linux/4.5.1/crtbegin.o
START GROUP
LOAD /local/cruisecontrol/SYSTEM_BIN/w_drive/824550273/UPCH_SAMVGW_INTELGRV_LNUX_02/LittleEndian/release_dbg/components/../processes/mw_starter_process.o
LOAD /local/cruisecontrol/SYSTEM_BIN/w_drive/824550273/UPCH_SAMVGW_INTELGRV_LNUX_02/LittleEndian/release_dbg/components/../processes/common_services.o
LOAD /local/cruisecontrol/SYSTEM_BIN/w_drive/824550273/UPCH_SAMVGW_INTELGRV_LNUX_02/LittleEndian/release_dbg//components/system_libraries/systemitc/src/libsystemitc.a
LOAD /local/cruisecontrol/SYSTEM_BIN/w_drive/824550273/UPCH_SAMVGW_INTELGRV_LNUX_02/LittleEndian/release_dbg//components/system_libraries/systemconfig/src/libsystemconfig.a
LOAD /local/cruisecontrol/SYSTEM_BIN/w_drive/824550273/UPCH_SAMVGW_INTELGRV_LNUX_02/LittleEndian/release_dbg//components/system_libraries/systemutil/src/libsystemutil.a
LOAD /local/cruisecontrol/SYSTEM_BIN/w_drive/824550273/UPCH_SAMVGW_INTELGRV_LNUX_02/LittleEndian/release_dbg//components/system_libraries/diag/src/log/src/libdiag_log.a
LOAD /local/cruisecontrol/SYSTEM_BIN/w_drive/824550273/UPCH_SAMVGW_INTELGRV_LNUX_02/LittleEndian/release_dbg//components/system_libraries/systemtime/src/libsystemtime.a
LOAD /local/cruisecontrol/SYSTEM_BIN/w_drive/824550273/UPCH_SAMVGW_INTELGRV_LNUX_02/LittleEndian/release_dbg//components/system_libraries/memman/src/libmemman.a
LOAD /local/cruisecontrol/SYSTEM_BIN/w_drive/824550273/UPCH_SAMVGW_INTELGRV_LNUX_02/LittleEndian/release_dbg//components/system_libraries/systemalarm/src/libsystemalarm.a
LOAD /local/cruisecontrol/SYSTEM_BIN/w_drive/824550273/UPCH_SAMVGW_INTELGRV_LNUX_02/LittleEndian/release_dbg//components/common_middleware/pwm/src/mw_starter/libMW_STARTER.a
LOAD /local/cruisecontrol/SYSTEM_BIN/w_drive/824550273/UPCH_SAMVGW_INTELGRV_LNUX_02/LittleEndian/release_dbg//components/../BUILD_SYSTEM/COMMON_MAKEFILES/projects/fusion2/helper_libraries/utilities_helper/src/libutilities_helper_osi_api.a
LOAD /local/cruisecontrol/SYSTEM_BIN/views/MANIFESTS.upc.master/FUSIONOS_10/BLD_UPCH_SAMVGW_INTELGRV_LNUX_02/platform_cfg/linux/compiler/i686_gcc_x86_linux_01/root/usr/lib/libm.so
LOAD /local/cruisecontrol/SYSTEM_BIN/views/MANIFESTS.upc.master/FUSIONOS_10/BLD_UPCH_SAMVGW_INTELGRV_LNUX_02/platform_cfg/linux/compiler/i686_gcc_x86_linux_01/root/usr/lib/libpthread.so
START GROUP
LOAD /local/cruisecontrol/SYSTEM_BIN/views/MANIFESTS.upc.master/FUSIONOS_10/BLD_UPCH_SAMVGW_INTELGRV_LNUX_02/platform_cfg/linux/compiler/i686_gcc_x86_linux_01/root/lib/libpthread.so.0
LOAD /local/cruisecontrol/SYSTEM_BIN/views/MANIFESTS.upc.master/FUSIONOS_10/BLD_UPCH_SAMVGW_INTELGRV_LNUX_02/platform_cfg/linux/compiler/i686_gcc_x86_linux_01/root/usr/lib/libpthread_nonshared.a
END GROUP
START GROUP
LOAD /local/cruisecontrol/SYSTEM_BIN/views/MANIFESTS.upc.master/FUSIONOS_10/BLD_UPCH_SAMVGW_INTELGRV_LNUX_02/platform_cfg/linux/compiler/i686_gcc_x86_linux_01/root/lib/libpthread.so.0
LOAD /local/cruisecontrol/SYSTEM_BIN/views/MANIFESTS.upc.master/FUSIONOS_10/BLD_UPCH_SAMVGW_INTELGRV_LNUX_02/platform_cfg/linux/compiler/i686_gcc_x86_linux_01/root/usr/lib/libpthread_nonshared.a
END GROUP
LOAD /local/cruisecontrol/SYSTEM_BIN/views/MANIFESTS.upc.master/FUSIONOS_10/BLD_UPCH_SAMVGW_INTELGRV_LNUX_02/platform_cfg/linux/compiler/i686_gcc_x86_linux_01/root/usr/lib/libdl.so
LOAD /local/cruisecontrol/SYSTEM_BIN/views/MANIFESTS.upc.master/FUSIONOS_10/BLD_UPCH_SAMVGW_INTELGRV_LNUX_02/platform_cfg/linux/compiler/i686_gcc_x86_linux_01/root/usr/lib/librt.so
LOAD /local/cruisecontrol/SYSTEM_BIN/views/MANIFESTS.upc.master/FUSIONOS_10/BLD_UPCH_SAMVGW_INTELGRV_LNUX_02/platform_cfg/linux/compiler/i686_gcc_x86_linux_01/root/i686-cm-linux/lib/libstdc++.a
END GROUP
LOAD /local/cruisecontrol/SYSTEM_BIN/views/MANIFESTS.upc.master/SYSTEM_BIN_2/i686_gcc_x86_linux_01/root/bin/../lib/gcc/i686-cm-linux/4.5.1/libgcc.a
LOAD /local/cruisecontrol/SYSTEM_BIN/views/MANIFESTS.upc.master/SYSTEM_BIN_2/i686_gcc_x86_linux_01/root/bin/../lib/gcc/i686-cm-linux/4.5.1/../../../../i686-cm-linux/lib/libgcc_s.so
LOAD /local/cruisecontrol/SYSTEM_BIN/views/MANIFESTS.upc.master/FUSIONOS_10/BLD_UPCH_SAMVGW_INTELGRV_LNUX_02/platform_cfg/linux/compiler/i686_gcc_x86_linux_01/root/usr/lib/libc.so
START GROUP
LOAD /local/cruisecontrol/SYSTEM_BIN/views/MANIFESTS.upc.master/FUSIONOS_10/BLD_UPCH_SAMVGW_INTELGRV_LNUX_02/platform_cfg/linux/compiler/i686_gcc_x86_linux_01/root/lib/libc.so.6
LOAD /local/cruisecontrol/SYSTEM_BIN/views/MANIFESTS.upc.master/FUSIONOS_10/BLD_UPCH_SAMVGW_INTELGRV_LNUX_02/platform_cfg/linux/compiler/i686_gcc_x86_linux_01/root/usr/lib/libc_nonshared.a
LOAD /local/cruisecontrol/SYSTEM_BIN/views/MANIFESTS.upc.master/FUSIONOS_10/BLD_UPCH_SAMVGW_INTELGRV_LNUX_02/platform_cfg/linux/compiler/i686_gcc_x86_linux_01/root/lib/ld-linux.so.2
END GROUP
LOAD /local/cruisecontrol/SYSTEM_BIN/views/MANIFESTS.upc.master/SYSTEM_BIN_2/i686_gcc_x86_linux_01/root/bin/../lib/gcc/i686-cm-linux/4.5.1/libgcc.a
LOAD /local/cruisecontrol/SYSTEM_BIN/views/MANIFESTS.upc.master/SYSTEM_BIN_2/i686_gcc_x86_linux_01/root/bin/../lib/gcc/i686-cm-linux/4.5.1/../../../../i686-cm-linux/lib/libgcc_s.so
LOAD /local/cruisecontrol/SYSTEM_BIN/views/MANIFESTS.upc.master/SYSTEM_BIN_2/i686_gcc_x86_linux_01/root/bin/../lib/gcc/i686-cm-linux/4.5.1/crtend.o
LOAD /local/cruisecontrol/SYSTEM_BIN/views/MANIFESTS.upc.master/FUSIONOS_10/BLD_UPCH_SAMVGW_INTELGRV_LNUX_02/platform_cfg/linux/compiler/i686_gcc_x86_linux_01/root/usr/lib/crtn.o
                0x08048000                PROVIDE (__executable_start, 0x8048000)
                0x08048114                . = (0x8048000 + SIZEOF_HEADERS)

.interp         0x08048114       0x13
 *(.interp)
 .interp        0x08048114       0x13 /local/cruisecontrol/SYSTEM_BIN/views/MANIFESTS.upc.master/FUSIONOS_10/BLD_UPCH_SAMVGW_INTELGRV_LNUX_02/platform_cfg/linux/compiler/i686_gcc_x86_linux_01/root/usr/lib/crt1.o

.note.gnu.build-id
 *(.note.gnu.build-id)

.hash           0x08048128      0x340
 *(.hash)
 .hash          0x08048128      0x340 /local/cruisecontrol/SYSTEM_BIN/views/MANIFESTS.upc.master/FUSIONOS_10/BLD_UPCH_SAMVGW_INTELGRV_LNUX_02/platform_cfg/linux/compiler/i686_gcc_x86_linux_01/root/usr/lib/crt1.o

.gnu.hash
 *(.gnu.hash)

.dynsym         0x08048468      0x6d0
 *(.dynsym)
 .dynsym        0x08048468      0x6d0 /local/cruisecontrol/SYSTEM_BIN/views/MANIFESTS.upc.master/FUSIONOS_10/BLD_UPCH_SAMVGW_INTELGRV_LNUX_02/platform_cfg/linux/compiler/i686_gcc_x86_linux_01/root/usr/lib/crt1.o

.dynstr         0x08048b38      0x58b
 *(.dynstr)
 .dynstr        0x08048b38      0x58b /local/cruisecontrol/SYSTEM_BIN/views/MANIFESTS.upc.master/FUSIONOS_10/BLD_UPCH_SAMVGW_INTELGRV_LNUX_02/platform_cfg/linux/compiler/i686_gcc_x86_linux_01/root/usr/lib/crt1.o

.gnu.version    0x080490c4       0xda
 *(.gnu.version)
 .gnu.version   0x080490c4       0xda /local/cruisecontrol/SYSTEM_BIN/views/MANIFESTS.upc.master/FUSIONOS_10/BLD_UPCH_SAMVGW_INTELGRV_LNUX_02/platform_cfg/linux/compiler/i686_gcc_x86_linux_01/root/usr/lib/crt1.o

.gnu.version_d  0x080491a0        0x0 load address 0x0804919e
 *(.gnu.version_d)
 .gnu.version_d
                0x00000000        0x0 /local/cruisecontrol/SYSTEM_BIN/views/MANIFESTS.upc.master/FUSIONOS_10/BLD_UPCH_SAMVGW_INTELGRV_LNUX_02/platform_cfg/linux/compiler/i686_gcc_x86_linux_01/root/usr/lib/crt1.o

.gnu.version_r  0x080491a0       0xd0
 *(.gnu.version_r)
 .gnu.version_r
                0x080491a0       0xd0 /local/cruisecontrol/SYSTEM_BIN/views/MANIFESTS.upc.master/FUSIONOS_10/BLD_UPCH_SAMVGW_INTELGRV_LNUX_02/platform_cfg/linux/compiler/i686_gcc_x86_linux_01/root/usr/lib/crt1.o

.rel.dyn        0x08049270       0x10
 *(.rel.init)
 *(.rel.text .rel.text.* .rel.gnu.linkonce.t.*)
 .rel.text      0x00000000        0x0 /local/cruisecontrol/SYSTEM_BIN/views/MANIFESTS.upc.master/FUSIONOS_10/BLD_UPCH_SAMVGW_INTELGRV_LNUX_02/platform_cfg/linux/compiler/i686_gcc_x86_linux_01/root/usr/lib/crt1.o
 .rel.text.main
                0x00000000        0x0 /local/cruisecontrol/SYSTEM_BIN/views/MANIFESTS.upc.master/FUSIONOS_10/BLD_UPCH_SAMVGW_INTELGRV_LNUX_02/platform_cfg/linux/compiler/i686_gcc_x86_linux_01/root/usr/lib/crt1.o
 .rel.text.sigpoll_handle
                0x00000000        0x0 /local/cruisecontrol/SYSTEM_BIN/views/MANIFESTS.upc.master/FUSIONOS_10/BLD_UPCH_SAMVGW_INTELGRV_LNUX_02/platform_cfg/linux/compiler/i686_gcc_x86_linux_01/root/usr/lib/crt1.o
 .rel.text.sigchld_handle
                0x00000000        0x0 /local/cruisecontrol/SYSTEM_BIN/views/MANIFESTS.upc.master/FUSIONOS_10/BLD_UPCH_SAMVGW_INTELGRV_LNUX_02/platform_cfg/linux/compiler/i686_gcc_x86_linux_01/root/usr/lib/crt1.o
 .rel.text.sigsegv_handle
                0x00000000        0x0 /local/cruisecontrol/SYSTEM_BIN/views/MANIFESTS.upc.master/FUSIONOS_10/BLD_UPCH_SAMVGW_INTELGRV_LNUX_02/platform_cfg/linux/compiler/i686_gcc_x86_linux_01/root/usr/lib/crt1.o
 .rel.text.common_set_process_name
                0x00000000        0x0 /local/cruisecontrol/SYSTEM_BIN/views/MANIFESTS.upc.master/FUSIONOS_10/BLD_UPCH_SAMVGW_INTELGRV_LNUX_02/platform_cfg/linux/compiler/i686_gcc_x86_linux_01/root/usr/lib/crt1.o
 .rel.text.common_get_release_complete_name
                0x00000000        0x0 /local/cruisecontrol/SYSTEM_BIN/views/MANIFESTS.upc.master/FUSIONOS_10/BLD_UPCH_SAMVGW_INTELGRV_LNUX_02/platform_cfg/linux/compiler/i686_gcc_x86_linux_01/root/usr/lib/crt1.o
 .rel.text.common_get_baseline_version_name
                0x00000000        0x0 /local/cruisecontrol/SYSTEM_BIN/views/MANIFESTS.upc.master/FUSIONOS_10/BLD_UPCH_SAMVGW_INTELGRV_LNUX_02/platform_cfg/linux/compiler/i686_gcc_x86_linux_01/root/usr/lib/crt1.o
 .rel.text.common_get_baseline_complete_name
                0x00000000        0x0 /local/cruisecontrol/SYSTEM_BIN/views/MANIFESTS.upc.master/FUSIONOS_10/BLD_UPCH_SAMVGW_INTELGRV_LNUX_02/platform_cfg/linux/compiler/i686_gcc_x86_linux_01/root/usr/lib/crt1.o
 .rel.text.common_get_backtrace_string
                0x00000000        0x0 /local/cruisecontrol/SYSTEM_BIN/views/MANIFESTS.upc.master/FUSIONOS_10/BLD_UPCH_SAMVGW_INTELGRV_LNUX_02/platform_cfg/linux/compiler/i686_gcc_x86_linux_01/root/usr/lib/crt1.o
 .rel.text.common_signal_handler
                0x00000000        0x0 /local/cruisecontrol/SYSTEM_BIN/views/MANIFESTS.upc.master/FUSIONOS_10/BLD_UPCH_SAMVGW_INTELGRV_LNUX_02/platform_cfg/linux/compiler/i686_gcc_x86_linux_01/root/usr/lib/crt1.o
 .rel.text.common_dump_backtrace
                0x00000000        0x0 /local/cruisecontrol/SYSTEM_BIN/views/MANIFESTS.upc.master/FUSIONOS_10/BLD_UPCH_SAMVGW_INTELGRV_LNUX_02/platform_cfg/linux/compiler/i686_gcc_x86_linux_01/root/usr/lib/crt1.o
 .rel.text.common_oom_disable
                0x00000000        0x0 /local/cruisecontrol/SYSTEM_BIN/views/MANIFESTS.upc.master/FUSIONOS_10/BLD_UPCH_SAMVGW_INTELGRV_LNUX_02/platform_cfg/linux/compiler/i686_gcc_x86_linux_01/root/usr/lib/crt1.o
 .rel.text.common_oom_enable
                0x00000000        0x0 /local/cruisecontrol/SYSTEM_BIN/views/MANIFESTS.upc.master/FUSIONOS_10/BLD_UPCH_SAMVGW_INTELGRV_LNUX_02/platform_cfg/linux/compiler/i686_gcc_x86_linux_01/root/usr/lib/crt1.o
 .rel.text.common_set_signal_handler
                0x00000000        0x0 /local/cruisecontrol/SYSTEM_BIN/views/MANIFESTS.upc.master/FUSIONOS_10/BLD_UPCH_SAMVGW_INTELGRV_LNUX_02/platform_cfg/linux/compiler/i686_gcc_x86_linux_01/root/usr/lib/crt1.o
 .rel.text.get_int32_for_byte_array
                0x00000000        0x0 /local/cruisecontrol/SYSTEM_BIN/views/MANIFESTS.upc.master/FUSIONOS_10/BLD_UPCH_SAMVGW_INTELGRV_LNUX_02/platform_cfg/linux/compiler/i686_gcc_x86_linux_01/root/usr/lib/crt1.o
 .rel.text.SYSTEMCONFIG_Init
                0x00000000        0x0 /local/cruisecontrol/SYSTEM_BIN/views/MANIFESTS.upc.master/FUSIONOS_10/BLD_UPCH_SAMVGW_INTELGRV_LNUX_02/platform_cfg/linux/compiler/i686_gcc_x86_linux_01/root/usr/lib/crt1.o
 .rel.text.SYSTEMCONFIG_Term
                0x00000000        0x0 /local/cruisecontrol/SYSTEM_BIN/views/MANIFESTS.upc.master/FUSIONOS_10/BLD_UPCH_SAMVGW_INTELGRV_LNUX_02/platform_cfg/linux/compiler/i686_gcc_x86_linux_01/root/usr/lib/crt1.o
 .rel.text.SYSTEMCONFIG_OpenFile
                0x00000000        0x0 /local/cruisecontrol/SYSTEM_BIN/views/MANIFESTS.upc.master/FUSIONOS_10/BLD_UPCH_SAMVGW_INTELGRV_LNUX_02/platform_cfg/linux/compiler/i686_gcc_x86_linux_01/root/usr/lib/crt1.o
 .rel.text.SYSTEMCONFIG_CloseFile
                0x00000000        0x0 /local/cruisecontrol/SYSTEM_BIN/views/MANIFESTS.upc.master/FUSIONOS_10/BLD_UPCH_SAMVGW_INTELGRV_LNUX_02/platform_cfg/linux/compiler/i686_gcc_x86_linux_01/root/usr/lib/crt1.o
 .rel.text.SYSTEMCONFIG_GetIntegerValue
                0x00000000        0x0 /local/cruisecontrol/SYSTEM_BIN/views/MANIFESTS.upc.master/FUSIONOS_10/BLD_UPCH_SAMVGW_INTELGRV_LNUX_02/platform_cfg/linux/compiler/i686_gcc_x86_linux_01/root/usr/lib/crt1.o
 .rel.text.SYSTEMCONFIG_GetInt64Value
                0x00000000        0x0 /local/cruisecontrol/SYSTEM_BIN/views/MANIFESTS.upc.master/FUSIONOS_10/BLD_UPCH_SAMVGW_INTELGRV_LNUX_02/platform_cfg/linux/compiler/i686_gcc_x86_linux_01/root/usr/lib/crt1.o
 .rel.text.SYSTEMCONFIG_GetBooleanValue
                0x00000000        0x0 /local/cruisecontrol/SYSTEM_BIN/views/MANIFESTS.upc.master/FUSIONOS_10/BLD_UPCH_SAMVGW_INTELGRV_LNUX_02/platform_cfg/linux/compiler/i686_gcc_x86_linux_01/root/usr/lib/crt1.o
 .rel.text.SYSTEMCONFIG_GetStringValue
                0x00000000        0x0 /local/cruisecontrol/SYSTEM_BIN/views/MANIFESTS.upc.master/FUSIONOS_10/BLD_UPCH_SAMVGW_INTELGRV_LNUX_02/platform_cfg/linux/compiler/i686_gcc_x86_linux_01/root/usr/lib/crt1.o
 .rel.text.SYSTEMCONFIG_GetStatusString
                0x00000000        0x0 /local/cruisecontrol/SYSTEM_BIN/views/MANIFESTS.upc.master/FUSIONOS_10/BLD_UPCH_SAMVGW_INTELGRV_LNUX_02/platform_cfg/linux/compiler/i686_gcc_x86_linux_01/root/usr/lib/crt1.o
 .rel.text.SYSCFG_PRIV_NameIsValid
                0x00000000        0x0 /local/cruisecontrol/SYSTEM_BIN/views/MANIFESTS.upc.master/FUSIONOS_10/BLD_UPCH_SAMVGW_INTELGRV_LNUX_02/platform_cfg/linux/compiler/i686_gcc_x86_linux_01/root/usr/lib/crt1.o
 .rel.text.SYSCFG_PRIV_ReadItemBinary
                0x00000000        0x0 /local/cruisecontrol/SYSTEM_BIN/views/MANIFESTS.upc.master/FUSIONOS_10/BLD_UPCH_SAMVGW_INTELGRV_LNUX_02/platform_cfg/linux/compiler/i686_gcc_x86_linux_01/root/usr/lib/crt1.o
 .rel.text.SYSCFG_PRIV_GetValue
                0x00000000        0x0 /local/cruisecontrol/SYSTEM_BIN/views/MANIFESTS.upc.master/FUSIONOS_10/BLD_UPCH_SAMVGW_INTELGRV_LNUX_02/platform_cfg/linux/compiler/i686_gcc_x86_linux_01/root/usr/lib/crt1.o
 .rel.text.SYSTEMUTIL_THR_P_check_initialized
                0x00000000        0x0 /local/cruisecontrol/SYSTEM_BIN/views/MANIFESTS.upc.master/FUSIONOS_10/BLD_UPCH_SAMVGW_INTELGRV_LNUX_02/platform_cfg/linux/compiler/i686_gcc_x86_linux_01/root/usr/lib/crt1.o
 .rel.text.SYSTEMUTIL_THR_P_print_error_msg
                0x00000000        0x0 /local/cruisecontrol/SYSTEM_BIN/views/MANIFESTS.upc.master/FUSIONOS_10/BLD_UPCH_SAMVGW_INTELGRV_LNUX_02/platform_cfg/linux/compiler/i686_gcc_x86_linux_01/root/usr/lib/crt1.o
 .rel.text.SYSTEMUTIL_THR_PRIV_ReleaseThreadStack
                0x00000000        0x0 /local/cruisecontrol/SYSTEM_BIN/views/MANIFESTS.upc.master/FUSIONOS_10/BLD_UPCH_SAMVGW_INTELGRV_LNUX_02/platform_cfg/linux/compiler/i686_gcc_x86_linux_01/root/usr/lib/crt1.o
 .rel.text.SYSTEMUTIL_THR_P_ThreadPrologue
                0x00000000        0x0 /local/cruisecontrol/SYSTEM_BIN/views/MANIFESTS.upc.master/FUSIONOS_10/BLD_UPCH_SAMVGW_INTELGRV_LNUX_02/platform_cfg/linux/compiler/i686_gcc_x86_linux_01/root/usr/lib/crt1.o
 .rel.text.SYSTEMUTIL_THR_Init
                0x00000000        0x0 /local/cruisecontrol/SYSTEM_BIN/views/MANIFESTS.upc.master/FUSIONOS_10/BLD_UPCH_SAMVGW_INTELGRV_LNUX_02/platform_cfg/linux/compiler/i686_gcc_x86_linux_01/root/usr/lib/crt1.o
 .rel.text.SYSTEMUTIL_THR_Term
                0x00000000        0x0 /local/cruisecontrol/SYSTEM_BIN/views/MANIFESTS.upc.master/FUSIONOS_10/BLD_UPCH_SAMVGW_INTELGRV_LNUX_02/platform_cfg/linux/compiler/i686_gcc_x86_linux_01/root/usr/lib/crt1.o
 .rel.text.SYSTEMUTIL_THR_InitThreadParam
                0x00000000        0x0 /local/cruisecontrol/SYSTEM_BIN/views/MANIFESTS.upc.master/FUSIONOS_10/BLD_UPCH_SAMVGW_INTELGRV_LNUX_02/platform_cfg/linux/compiler/i686_gcc_x86_linux_01/root/usr/lib/crt1.o
 .rel.text.SYSTEMUTIL_THR_Create
                0x00000000        0x0 /local/cruisecontrol/SYSTEM_BIN/views/MANIFESTS.upc.master/FUSIONOS_10/BLD_UPCH_SAMVGW_INTELGRV_LNUX_02/platform_cfg/linux/compiler/i686_gcc_x86_linux_01/root/usr/lib/crt1.o
 .rel.text.SYSTEMUTIL_THR_Exit
                0x00000000        0x0 /local/cruisecontrol/SYSTEM_BIN/views/MANIFESTS.upc.master/FUSIONOS_10/BLD_UPCH_SAMVGW_INTELGRV_LNUX_02/platform_cfg/linux/compiler/i686_gcc_x86_linux_01/root/usr/lib/crt1.o
 .rel.text.SYSTEMUTIL_THR_SetDetachState
                0x00000000        0x0 /local/cruisecontrol/SYSTEM_BIN/views/MANIFESTS.upc.master/FUSIONOS_10/BLD_UPCH_SAMVGW_INTELGRV_LNUX_02/platform_cfg/linux/compiler/i686_gcc_x86_linux_01/root/usr/lib/crt1.o
 .rel.text.SYSTEMUTIL_THR_SetPriority
                0x00000000        0x0 /local/cruisecontrol/SYSTEM_BIN/views/MANIFESTS.upc.master/FUSIONOS_10/BLD_UPCH_SAMVGW_INTELGRV_LNUX_02/platform_cfg/linux/compiler/i686_gcc_x86_linux_01/root/usr/lib/crt1.o
 .rel.text.SYSTEMUTIL_THR_SetStackSize
                0x00000000        0x0 /local/cruisecontrol/SYSTEM_BIN/views/MANIFESTS.upc.master/FUSIONOS_10/BLD_UPCH_SAMVGW_INTELGRV_LNUX_02/platform_cfg/linux/compiler/i686_gcc_x86_linux_01/root/usr/lib/crt1.o
 .rel.text.SYSTEMUTIL_THR_SetStack
                0x00000000        0x0 /local/cruisecontrol/SYSTEM_BIN/views/MANIFESTS.upc.master/FUSIONOS_10/BLD_UPCH_SAMVGW_INTELGRV_LNUX_02/platform_cfg/linux/compiler/i686_gcc_x86_linux_01/root/usr/lib/crt1.o
 .rel.text.SYSTEMUTIL_THR_Join
                0x00000000        0x0 /local/cruisecontrol/SYSTEM_BIN/views/MANIFESTS.upc.master/FUSIONOS_10/BLD_UPCH_SAMVGW_INTELGRV_LNUX_02/platform_cfg/linux/compiler/i686_gcc_x86_linux_01/root/usr/lib/crt1.o
 .rel.text.SYSTEMUTIL_THR_GetTid
                0x00000000        0x0 /local/cruisecontrol/SYSTEM_BIN/views/MANIFESTS.upc.master/FUSIONOS_10/BLD_UPCH_SAMVGW_INTELGRV_LNUX_02/platform_cfg/linux/compiler/i686_gcc_x86_linux_01/root/usr/lib/crt1.o
 .rel.text.SYSTEMUTIL_THR_Self
                0x00000000        0x0 /local/cruisecontrol/SYSTEM_BIN/views/MANIFESTS.upc.master/FUSIONOS_10/BLD_UPCH_SAMVGW_INTELGRV_LNUX_02/platform_cfg/linux/compiler/i686_gcc_x86_linux_01/root/usr/lib/crt1.o
 .rel.text.SYSTEMUTIL_THR_Equal
                0x00000000        0x0 /local/cruisecontrol/SYSTEM_BIN/views/MANIFESTS.upc.master/FUSIONOS_10/BLD_UPCH_SAMVGW_INTELGRV_LNUX_02/platform_cfg/linux/compiler/i686_gcc_x86_linux_01/root/usr/lib/crt1.o
 .rel.text.SYSTEMUTIL_THR_GetName
                0x00000000        0x0 /local/cruisecontrol/SYSTEM_BIN/views/MANIFESTS.upc.master/FUSIONOS_10/BLD_UPCH_SAMVGW_INTELGRV_LNUX_02/platform_cfg/linux/compiler/i686_gcc_x86_linux_01/root/usr/lib/crt1.o
 .rel.text.SYSTEMUTIL_THR_KeyCreate
                0x00000000        0x0 /local/cruisecontrol/SYSTEM_BIN/views/MANIFESTS.upc.master/FUSIONOS_10/BLD_UPCH_SAMVGW_INTELGRV_LNUX_02/platform_cfg/linux/compiler/i686_gcc_x86_linux_01/root/usr/lib/crt1.o
 .rel.text.SYSTEMUTIL_THR_KeyDelete
                0x00000000        0x0 /local/cruisecontrol/SYSTEM_BIN/views/MANIFESTS.upc.master/FUSIONOS_10/BLD_UPCH_SAMVGW_INTELGRV_LNUX_02/platform_cfg/linux/compiler/i686_gcc_x86_linux_01/root/usr/lib/crt1.o
 .rel.text.SYSTEMUTIL_THR_SetSpecific
                0x00000000        0x0 /local/cruisecontrol/SYSTEM_BIN/views/MANIFESTS.upc.master/FUSIONOS_10/BLD_UPCH_SAMVGW_INTELGRV_LNUX_02/platform_cfg/linux/compiler/i686_gcc_x86_linux_01/root/usr/lib/crt1.o
 .rel.text.SYSTEMUTIL_THR_GetSpecific
                0x00000000        0x0 /local/cruisecontrol/SYSTEM_BIN/views/MANIFESTS.upc.master/FUSIONOS_10/BLD_UPCH_SAMVGW_INTELGRV_LNUX_02/platform_cfg/linux/compiler/i686_gcc_x86_linux_01/root/usr/lib/crt1.o
 .rel.text.SYSTEMUTIL_THR_InitThreadParamFromConfigFile
                0x00000000        0x0 /local/cruisecontrol/SYSTEM_BIN/views/MANIFESTS.upc.master/FUSIONOS_10/BLD_UPCH_SAMVGW_INTELGRV_LNUX_02/platform_cfg/linux/compiler/i686_gcc_x86_linux_01/root/usr/lib/crt1.o
 .rel.text.SYSTEMUTIL_THR_SetProcessName
                0x00000000        0x0 /local/cruisecontrol/SYSTEM_BIN/views/MANIFESTS.upc.master/FUSIONOS_10/BLD_UPCH_SAMVGW_INTELGRV_LNUX_02/platform_cfg/linux/compiler/i686_gcc_x86_linux_01/root/usr/lib/crt1.o
 .rel.text.SYSTEMUTIL_THR_GetProcessName
                0x00000000        0x0 /local/cruisecontrol/SYSTEM_BIN/views/MANIFESTS.upc.master/FUSIONOS_10/BLD_UPCH_SAMVGW_INTELGRV_LNUX_02/platform_cfg/linux/compiler/i686_gcc_x86_linux_01/root/usr/lib/crt1.o
 .rel.text.SYSTEMUTIL_LIBC_Backtrace
                0x00000000        0x0 /local/cruisecontrol/SYSTEM_BIN/views/MANIFESTS.upc.master/FUSIONOS_10/BLD_UPCH_SAMVGW_INTELGRV_LNUX_02/platform_cfg/linux/compiler/i686_gcc_x86_linux_01/root/usr/lib/crt1.o
 .rel.text.SYSTEMUTIL_CTX_ContextCreate
                0x00000000        0x0 /local/cruisecontrol/SYSTEM_BIN/views/MANIFESTS.upc.master/FUSIONOS_10/BLD_UPCH_SAMVGW_INTELGRV_LNUX_02/platform_cfg/linux/compiler/i686_gcc_x86_linux_01/root/usr/lib/crt1.o
 .rel.text.SYSTEMUTIL_CTX_ContextDestroy
                0x00000000        0x0 /local/cruisecontrol/SYSTEM_BIN/views/MANIFESTS.upc.master/FUSIONOS_10/BLD_UPCH_SAMVGW_INTELGRV_LNUX_02/platform_cfg/linux/compiler/i686_gcc_x86_linux_01/root/usr/lib/crt1.o
 .rel.text.SYSTEMUTIL_CTX_ContextSetPrintMsgFunc
                0x00000000        0x0 /local/cruisecontrol/SYSTEM_BIN/views/MANIFESTS.upc.master/FUSIONOS_10/BLD_UPCH_SAMVGW_INTELGRV_LNUX_02/platform_cfg/linux/compiler/i686_gcc_x86_linux_01/root/usr/lib/crt1.o
 .rel.text.SYSTEMUTIL_CTX_ContextSetPrintErrFunc
                0x00000000        0x0 /local/cruisecontrol/SYSTEM_BIN/views/MANIFESTS.upc.master/FUSIONOS_10/BLD_UPCH_SAMVGW_INTELGRV_LNUX_02/platform_cfg/linux/compiler/i686_gcc_x86_linux_01/root/usr/lib/crt1.o
 .rel.text.SYSTEMUTIL_CTX_ContextSetReallocFunc
                0x00000000        0x0 /local/cruisecontrol/SYSTEM_BIN/views/MANIFESTS.upc.master/FUSIONOS_10/BLD_UPCH_SAMVGW_INTELGRV_LNUX_02/platform_cfg/linux/compiler/i686_gcc_x86_linux_01/root/usr/lib/crt1.o
 .rel.text.SYSTEMUTIL_CFG_Init
                0x00000000        0x0 /local/cruisecontrol/SYSTEM_BIN/views/MANIFESTS.upc.master/FUSIONOS_10/BLD_UPCH_SAMVGW_INTELGRV_LNUX_02/platform_cfg/linux/compiler/i686_gcc_x86_linux_01/root/usr/lib/crt1.o
 .rel.text.SYSTEMUTIL_CFG_Term
                0x00000000        0x0 /local/cruisecontrol/SYSTEM_BIN/views/MANIFESTS.upc.master/FUSIONOS_10/BLD_UPCH_SAMVGW_INTELGRV_LNUX_02/platform_cfg/linux/compiler/i686_gcc_x86_linux_01/root/usr/lib/crt1.o
 .rel.text.SYSTEMUTIL_CFG_GetIntegerValue
                0x00000000        0x0 /local/cruisecontrol/SYSTEM_BIN/views/MANIFESTS.upc.master/FUSIONOS_10/BLD_UPCH_SAMVGW_INTELGRV_LNUX_02/platform_cfg/linux/compiler/i686_gcc_x86_linux_01/root/usr/lib/crt1.o
 .rel.text.SYSTEMUTIL_COMMON_Status2Str
                0x00000000        0x0 /local/cruisecontrol/SYSTEM_BIN/views/MANIFESTS.upc.master/FUSIONOS_10/BLD_UPCH_SAMVGW_INTELGRV_LNUX_02/platform_cfg/linux/compiler/i686_gcc_x86_linux_01/root/usr/lib/crt1.o
 .rel.text.SYSTEMUTIL_COMMON_errlog
                0x00000000        0x0 /local/cruisecontrol/SYSTEM_BIN/views/MANIFESTS.upc.master/FUSIONOS_10/BLD_UPCH_SAMVGW_INTELGRV_LNUX_02/platform_cfg/linux/compiler/i686_gcc_x86_linux_01/root/usr/lib/crt1.o
 .rel.text.SYSTEMUTIL_COMMON_errMsglog
                0x00000000        0x0 /local/cruisecontrol/SYSTEM_BIN/views/MANIFESTS.upc.master/FUSIONOS_10/BLD_UPCH_SAMVGW_INTELGRV_LNUX_02/platform_cfg/linux/compiler/i686_gcc_x86_linux_01/root/usr/lib/crt1.o
 .rel.text.SYSTEMUTIL_P_SU_CTX_PrintErr
                0x00000000        0x0 /local/cruisecontrol/SYSTEM_BIN/views/MANIFESTS.upc.master/FUSIONOS_10/BLD_UPCH_SAMVGW_INTELGRV_LNUX_02/platform_cfg/linux/compiler/i686_gcc_x86_linux_01/root/usr/lib/crt1.o
 .rel.text.SYSTEMUTIL_P_SU_CTX_PrintMsg
                0x00000000        0x0 /local/cruisecontrol/SYSTEM_BIN/views/MANIFESTS.upc.master/FUSIONOS_10/BLD_UPCH_SAMVGW_INTELGRV_LNUX_02/platform_cfg/linux/compiler/i686_gcc_x86_linux_01/root/usr/lib/crt1.o
 .rel.text.SYSTEMUTIL_THR_P_ProcessThreadCb
                0x00000000        0x0 /local/cruisecontrol/SYSTEM_BIN/views/MANIFESTS.upc.master/FUSIONOS_10/BLD_UPCH_SAMVGW_INTELGRV_LNUX_02/platform_cfg/linux/compiler/i686_gcc_x86_linux_01/root/usr/lib/crt1.o
 .rel.text.SYSTEMUTIL_P_SU_CTX_Free
                0x00000000        0x0 /local/cruisecontrol/SYSTEM_BIN/views/MANIFESTS.upc.master/FUSIONOS_10/BLD_UPCH_SAMVGW_INTELGRV_LNUX_02/platform_cfg/linux/compiler/i686_gcc_x86_linux_01/root/usr/lib/crt1.o
 .rel.text.SYSTEMUTIL_P_SU_CTX_Malloc
                0x00000000        0x0 /local/cruisecontrol/SYSTEM_BIN/views/MANIFESTS.upc.master/FUSIONOS_10/BLD_UPCH_SAMVGW_INTELGRV_LNUX_02/platform_cfg/linux/compiler/i686_gcc_x86_linux_01/root/usr/lib/crt1.o
 .rel.text.SYSTEMUTIL_THR_P_DisplayThreadInfo
                0x00000000        0x0 /local/cruisecontrol/SYSTEM_BIN/views/MANIFESTS.upc.master/FUSIONOS_10/BLD_UPCH_SAMVGW_INTELGRV_LNUX_02/platform_cfg/linux/compiler/i686_gcc_x86_linux_01/root/usr/lib/crt1.o
 .rel.text.SYSTEMUTIL_THR_P_print_error_msg.clone.1
                0x00000000        0x0 /local/cruisecontrol/SYSTEM_BIN/views/MANIFESTS.upc.master/FUSIONOS_10/BLD_UPCH_SAMVGW_INTELGRV_LNUX_02/platform_cfg/linux/compiler/i686_gcc_x86_linux_01/root/usr/lib/crt1.o
 .rel.text.SYSTEMUTIL_THR_P_InitStat
                0x00000000        0x0 /local/cruisecontrol/SYSTEM_BIN/views/MANIFESTS.upc.master/FUSIONOS_10/BLD_UPCH_SAMVGW_INTELGRV_LNUX_02/platform_cfg/linux/compiler/i686_gcc_x86_linux_01/root/usr/lib/crt1.o
 .rel.text.SYSTEMUTIL_THR_P_TermStat
                0x00000000        0x0 /local/cruisecontrol/SYSTEM_BIN/views/MANIFESTS.upc.master/FUSIONOS_10/BLD_UPCH_SAMVGW_INTELGRV_LNUX_02/platform_cfg/linux/compiler/i686_gcc_x86_linux_01/root/usr/lib/crt1.o
 .rel.text.SYSTEMUTIL_THR_P_ThreadStarted
                0x00000000        0x0 /local/cruisecontrol/SYSTEM_BIN/views/MANIFESTS.upc.master/FUSIONOS_10/BLD_UPCH_SAMVGW_INTELGRV_LNUX_02/platform_cfg/linux/compiler/i686_gcc_x86_linux_01/root/usr/lib/crt1.o
 .rel.text.SYSTEMUTIL_THR_P_ThreadExited
                0x00000000        0x0 /local/cruisecontrol/SYSTEM_BIN/views/MANIFESTS.upc.master/FUSIONOS_10/BLD_UPCH_SAMVGW_INTELGRV_LNUX_02/platform_cfg/linux/compiler/i686_gcc_x86_linux_01/root/usr/lib/crt1.o
 .rel.text.SYSTEMUTIL_THR_P_ProcessThreadList
                0x00000000        0x0 /local/cruisecontrol/SYSTEM_BIN/views/MANIFESTS.upc.master/FUSIONOS_10/BLD_UPCH_SAMVGW_INTELGRV_LNUX_02/platform_cfg/linux/compiler/i686_gcc_x86_linux_01/root/usr/lib/crt1.o
 .rel.text.SYSTEMUTIL_THR_HIDDEN_DumpAllThreadInfo
                0x00000000        0x0 /local/cruisecontrol/SYSTEM_BIN/views/MANIFESTS.upc.master/FUSIONOS_10/BLD_UPCH_SAMVGW_INTELGRV_LNUX_02/platform_cfg/linux/compiler/i686_gcc_x86_linux_01/root/usr/lib/crt1.o
 .rel.text.SYSTEMUTIL_THR_P_paint_stack
                0x00000000        0x0 /local/cruisecontrol/SYSTEM_BIN/views/MANIFESTS.upc.master/FUSIONOS_10/BLD_UPCH_SAMVGW_INTELGRV_LNUX_02/platform_cfg/linux/compiler/i686_gcc_x86_linux_01/root/usr/lib/crt1.o
 .rel.text.SYSTEMUTIL_THR_P_get_peak_stack_usage
                0x00000000        0x0 /local/cruisecontrol/SYSTEM_BIN/views/MANIFESTS.upc.master/FUSIONOS_10/BLD_UPCH_SAMVGW_INTELGRV_LNUX_02/platform_cfg/linux/compiler/i686_gcc_x86_linux_01/root/usr/lib/crt1.o
 .rel.text.SYSTEMUTIL_DLIST_ContainsUnprotected
                0x00000000        0x0 /local/cruisecontrol/SYSTEM_BIN/views/MANIFESTS.upc.master/FUSIONOS_10/BLD_UPCH_SAMVGW_INTELGRV_LNUX_02/platform_cfg/linux/compiler/i686_gcc_x86_linux_01/root/usr/lib/crt1.o
 .rel.text.SYSTEMUTIL_DLIST_IsSortedUnprotected
                0x00000000        0x0 /local/cruisecontrol/SYSTEM_BIN/views/MANIFESTS.upc.master/FUSIONOS_10/BLD_UPCH_SAMVGW_INTELGRV_LNUX_02/platform_cfg/linux/compiler/i686_gcc_x86_linux_01/root/usr/lib/crt1.o
 .rel.text.SYSTEMUTIL_DLIST_IsSortedUnprotectedWithUserData
                0x00000000        0x0 /local/cruisecontrol/SYSTEM_BIN/views/MANIFESTS.upc.master/FUSIONOS_10/BLD_UPCH_SAMVGW_INTELGRV_LNUX_02/platform_cfg/linux/compiler/i686_gcc_x86_linux_01/root/usr/lib/crt1.o
 .rel.text.SYSTEMUTIL_DLIST_NodeIsInAListUnprotected
                0x00000000        0x0 /local/cruisecontrol/SYSTEM_BIN/views/MANIFESTS.upc.master/FUSIONOS_10/BLD_UPCH_SAMVGW_INTELGRV_LNUX_02/platform_cfg/linux/compiler/i686_gcc_x86_linux_01/root/usr/lib/crt1.o
 .rel.text.SYSTEMUTIL_DLIST_TransferUnprotected
                0x00000000        0x0 /local/cruisecontrol/SYSTEM_BIN/views/MANIFESTS.upc.master/FUSIONOS_10/BLD_UPCH_SAMVGW_INTELGRV_LNUX_02/platform_cfg/linux/compiler/i686_gcc_x86_linux_01/root/usr/lib/crt1.o
 .rel.text.SYSTEMUTIL_DLIST_MergeUnprotectedWithUserData
                0x00000000        0x0 /local/cruisecontrol/SYSTEM_BIN/views/MANIFESTS.upc.master/FUSIONOS_10/BLD_UPCH_SAMVGW_INTELGRV_LNUX_02/platform_cfg/linux/compiler/i686_gcc_x86_linux_01/root/usr/lib/crt1.o
 .rel.text.SYSTEMUTIL_DLIST_SortUnprotectedWithUserData
                0x00000000        0x0 /local/cruisecontrol/SYSTEM_BIN/views/MANIFESTS.upc.master/FUSIONOS_10/BLD_UPCH_SAMVGW_INTELGRV_LNUX_02/platform_cfg/linux/compiler/i686_gcc_x86_linux_01/root/usr/lib/crt1.o
 .rel.text.SYSTEMUTIL_DLIST_MergeUnprotected
                0x00000000        0x0 /local/cruisecontrol/SYSTEM_BIN/views/MANIFESTS.upc.master/FUSIONOS_10/BLD_UPCH_SAMVGW_INTELGRV_LNUX_02/platform_cfg/linux/compiler/i686_gcc_x86_linux_01/root/usr/lib/crt1.o
 .rel.text.SYSTEMUTIL_DLIST_SortUnprotected
                0x00000000        0x0 /local/cruisecontrol/SYSTEM_BIN/views/MANIFESTS.upc.master/FUSIONOS_10/BLD_UPCH_SAMVGW_INTELGRV_LNUX_02/platform_cfg/linux/compiler/i686_gcc_x86_linux_01/root/usr/lib/crt1.o
 .rel.text.SYSTEMUTIL_DLIST_Init
                0x00000000        0x0 /local/cruisecontrol/SYSTEM_BIN/views/MANIFESTS.upc.master/FUSIONOS_10/BLD_UPCH_SAMVGW_INTELGRV_LNUX_02/platform_cfg/linux/compiler/i686_gcc_x86_linux_01/root/usr/lib/crt1.o
 .rel.text.SYSTEMUTIL_DLIST_Term
                0x00000000        0x0 /local/cruisecontrol/SYSTEM_BIN/views/MANIFESTS.upc.master/FUSIONOS_10/BLD_UPCH_SAMVGW_INTELGRV_LNUX_02/platform_cfg/linux/compiler/i686_gcc_x86_linux_01/root/usr/lib/crt1.o
 .rel.text.SYSTEMUTIL_DLIST_Create
                0x00000000        0x0 /local/cruisecontrol/SYSTEM_BIN/views/MANIFESTS.upc.master/FUSIONOS_10/BLD_UPCH_SAMVGW_INTELGRV_LNUX_02/platform_cfg/linux/compiler/i686_gcc_x86_linux_01/root/usr/lib/crt1.o
 .rel.text.SYSTEMUTIL_DLIST_DestroyNodes
                0x00000000        0x0 /local/cruisecontrol/SYSTEM_BIN/views/MANIFESTS.upc.master/FUSIONOS_10/BLD_UPCH_SAMVGW_INTELGRV_LNUX_02/platform_cfg/linux/compiler/i686_gcc_x86_linux_01/root/usr/lib/crt1.o
 .rel.text.SYSTEMUTIL_DLIST_InsertAfter
                0x00000000        0x0 /local/cruisecontrol/SYSTEM_BIN/views/MANIFESTS.upc.master/FUSIONOS_10/BLD_UPCH_SAMVGW_INTELGRV_LNUX_02/platform_cfg/linux/compiler/i686_gcc_x86_linux_01/root/usr/lib/crt1.o
 .rel.text.SYSTEMUTIL_DLIST_InsertSorted
                0x00000000        0x0 /local/cruisecontrol/SYSTEM_BIN/views/MANIFESTS.upc.master/FUSIONOS_10/BLD_UPCH_SAMVGW_INTELGRV_LNUX_02/platform_cfg/linux/compiler/i686_gcc_x86_linux_01/root/usr/lib/crt1.o
 .rel.text.SYSTEMUTIL_DLIST_InsertSortedNoDupes
                0x00000000        0x0 /local/cruisecontrol/SYSTEM_BIN/views/MANIFESTS.upc.master/FUSIONOS_10/BLD_UPCH_SAMVGW_INTELGRV_LNUX_02/platform_cfg/linux/compiler/i686_gcc_x86_linux_01/root/usr/lib/crt1.o
 .rel.text.SYSTEMUTIL_DLIST_InsertBefore
                0x00000000        0x0 /local/cruisecontrol/SYSTEM_BIN/views/MANIFESTS.upc.master/FUSIONOS_10/BLD_UPCH_SAMVGW_INTELGRV_LNUX_02/platform_cfg/linux/compiler/i686_gcc_x86_linux_01/root/usr/lib/crt1.o
 .rel.text.SYSTEMUTIL_DLIST_Remove
                0x00000000        0x0 /local/cruisecontrol/SYSTEM_BIN/views/MANIFESTS.upc.master/FUSIONOS_10/BLD_UPCH_SAMVGW_INTELGRV_LNUX_02/platform_cfg/linux/compiler/i686_gcc_x86_linux_01/root/usr/lib/crt1.o
 .rel.text.SYSTEMUTIL_DLIST_Process
                0x00000000        0x0 /local/cruisecontrol/SYSTEM_BIN/views/MANIFESTS.upc.master/FUSIONOS_10/BLD_UPCH_SAMVGW_INTELGRV_LNUX_02/platform_cfg/linux/compiler/i686_gcc_x86_linux_01/root/usr/lib/crt1.o
 .rel.text.SYSTEMUTIL_DLIST_NodeCreate
                0x00000000        0x0 /local/cruisecontrol/SYSTEM_BIN/views/MANIFESTS.upc.master/FUSIONOS_10/BLD_UPCH_SAMVGW_INTELGRV_LNUX_02/platform_cfg/linux/compiler/i686_gcc_x86_linux_01/root/usr/lib/crt1.o
 .rel.text.SYSTEMUTIL_DLIST_NodeDestroy
                0x00000000        0x0 /local/cruisecontrol/SYSTEM_BIN/views/MANIFESTS.upc.master/FUSIONOS_10/BLD_UPCH_SAMVGW_INTELGRV_LNUX_02/platform_cfg/linux/compiler/i686_gcc_x86_linux_01/root/usr/lib/crt1.o
 .rel.text.SYSTEMUTIL_DLIST_NodeInit
                0x00000000        0x0 /local/cruisecontrol/SYSTEM_BIN/views/MANIFESTS.upc.master/FUSIONOS_10/BLD_UPCH_SAMVGW_INTELGRV_LNUX_02/platform_cfg/linux/compiler/i686_gcc_x86_linux_01/root/usr/lib/crt1.o
 .rel.text.SYSTEMUTIL_DLIST_NodeCleanup
                0x00000000        0x0 /local/cruisecontrol/SYSTEM_BIN/views/MANIFESTS.upc.master/FUSIONOS_10/BLD_UPCH_SAMVGW_INTELGRV_LNUX_02/platform_cfg/linux/compiler/i686_gcc_x86_linux_01/root/usr/lib/crt1.o
 .rel.text.SYSTEMUTIL_DLIST_Contains
                0x00000000        0x0 /local/cruisecontrol/SYSTEM_BIN/views/MANIFESTS.upc.master/FUSIONOS_10/BLD_UPCH_SAMVGW_INTELGRV_LNUX_02/platform_cfg/linux/compiler/i686_gcc_x86_linux_01/root/usr/lib/crt1.o
 .rel.text.SYSTEMUTIL_DLIST_Extract
                0x00000000        0x0 /local/cruisecontrol/SYSTEM_BIN/views/MANIFESTS.upc.master/FUSIONOS_10/BLD_UPCH_SAMVGW_INTELGRV_LNUX_02/platform_cfg/linux/compiler/i686_gcc_x86_linux_01/root/usr/lib/crt1.o
 .rel.text.SYSTEMUTIL_DLIST_Transfer
                0x00000000        0x0 /local/cruisecontrol/SYSTEM_BIN/views/MANIFESTS.upc.master/FUSIONOS_10/BLD_UPCH_SAMVGW_INTELGRV_LNUX_02/platform_cfg/linux/compiler/i686_gcc_x86_linux_01/root/usr/lib/crt1.o
 .rel.text.SYSTEMUTIL_DLIST_Merge
                0x00000000        0x0 /local/cruisecontrol/SYSTEM_BIN/views/MANIFESTS.upc.master/FUSIONOS_10/BLD_UPCH_SAMVGW_INTELGRV_LNUX_02/platform_cfg/linux/compiler/i686_gcc_x86_linux_01/root/usr/lib/crt1.o
 .rel.text.SYSTEMUTIL_DLIST_MergeWithUserData
                0x00000000        0x0 /local/cruisecontrol/SYSTEM_BIN/views/MANIFESTS.upc.master/FUSIONOS_10/BLD_UPCH_SAMVGW_INTELGRV_LNUX_02/platform_cfg/linux/compiler/i686_gcc_x86_linux_01/root/usr/lib/crt1.o
 .rel.text.SYSTEMUTIL_DLIST_Sort
                0x00000000        0x0 /local/cruisecontrol/SYSTEM_BIN/views/MANIFESTS.upc.master/FUSIONOS_10/BLD_UPCH_SAMVGW_INTELGRV_LNUX_02/platform_cfg/linux/compiler/i686_gcc_x86_linux_01/root/usr/lib/crt1.o
 .rel.text.SYSTEMUTIL_DLIST_SortWithUserData
                0x00000000        0x0 /local/cruisecontrol/SYSTEM_BIN/views/MANIFESTS.upc.master/FUSIONOS_10/BLD_UPCH_SAMVGW_INTELGRV_LNUX_02/platform_cfg/linux/compiler/i686_gcc_x86_linux_01/root/usr/lib/crt1.o
 .rel.text.SYSTEMUTIL_DLIST_Find
                0x00000000        0x0 /local/cruisecontrol/SYSTEM_BIN/views/MANIFESTS.upc.master/FUSIONOS_10/BLD_UPCH_SAMVGW_INTELGRV_LNUX_02/platform_cfg/linux/compiler/i686_gcc_x86_linux_01/root/usr/lib/crt1.o
 .rel.text.SYSTEMUTIL_DLIST_FindWithUserData
                0x00000000        0x0 /local/cruisecontrol/SYSTEM_BIN/views/MANIFESTS.upc.master/FUSIONOS_10/BLD_UPCH_SAMVGW_INTELGRV_LNUX_02/platform_cfg/linux/compiler/i686_gcc_x86_linux_01/root/usr/lib/crt1.o
 .rel.text.SYSTEMUTIL_DLIST_IsSorted
                0x00000000        0x0 /local/cruisecontrol/SYSTEM_BIN/views/MANIFESTS.upc.master/FUSIONOS_10/BLD_UPCH_SAMVGW_INTELGRV_LNUX_02/platform_cfg/linux/compiler/i686_gcc_x86_linux_01/root/usr/lib/crt1.o
 .rel.text.SYSTEMUTIL_DLIST_IsSortedWithUserData
                0x00000000        0x0 /local/cruisecontrol/SYSTEM_BIN/views/MANIFESTS.upc.master/FUSIONOS_10/BLD_UPCH_SAMVGW_INTELGRV_LNUX_02/platform_cfg/linux/compiler/i686_gcc_x86_linux_01/root/usr/lib/crt1.o
 .rel.text.SYSTEMUTIL_DLIST_IsEmpty
                0x00000000        0x0 /local/cruisecontrol/SYSTEM_BIN/views/MANIFESTS.upc.master/FUSIONOS_10/BLD_UPCH_SAMVGW_INTELGRV_LNUX_02/platform_cfg/linux/compiler/i686_gcc_x86_linux_01/root/usr/lib/crt1.o
 .rel.text.SYSTEMUTIL_DLIST_Destroy
                0x00000000        0x0 /local/cruisecontrol/SYSTEM_BIN/views/MANIFESTS.upc.master/FUSIONOS_10/BLD_UPCH_SAMVGW_INTELGRV_LNUX_02/platform_cfg/linux/compiler/i686_gcc_x86_linux_01/root/usr/lib/crt1.o
 .rel.text.SYSTEMUTIL_DLIST_IsFull
                0x00000000        0x0 /local/cruisecontrol/SYSTEM_BIN/views/MANIFESTS.upc.master/FUSIONOS_10/BLD_UPCH_SAMVGW_INTELGRV_LNUX_02/platform_cfg/linux/compiler/i686_gcc_x86_linux_01/root/usr/lib/crt1.o
 .rel.text.SYSTEMUTIL_DLIST_Append
                0x00000000        0x0 /local/cruisecontrol/SYSTEM_BIN/views/MANIFESTS.upc.master/FUSIONOS_10/BLD_UPCH_SAMVGW_INTELGRV_LNUX_02/platform_cfg/linux/compiler/i686_gcc_x86_linux_01/root/usr/lib/crt1.o
 .rel.text.SYSTEMUTIL_DLIST_Prepend
                0x00000000        0x0 /local/cruisecontrol/SYSTEM_BIN/views/MANIFESTS.upc.master/FUSIONOS_10/BLD_UPCH_SAMVGW_INTELGRV_LNUX_02/platform_cfg/linux/compiler/i686_gcc_x86_linux_01/root/usr/lib/crt1.o
 .rel.text.SYSTEMUTIL_DLIST_First
                0x00000000        0x0 /local/cruisecontrol/SYSTEM_BIN/views/MANIFESTS.upc.master/FUSIONOS_10/BLD_UPCH_SAMVGW_INTELGRV_LNUX_02/platform_cfg/linux/compiler/i686_gcc_x86_linux_01/root/usr/lib/crt1.o
 .rel.text.SYSTEMUTIL_DLIST_Last
                0x00000000        0x0 /local/cruisecontrol/SYSTEM_BIN/views/MANIFESTS.upc.master/FUSIONOS_10/BLD_UPCH_SAMVGW_INTELGRV_LNUX_02/platform_cfg/linux/compiler/i686_gcc_x86_linux_01/root/usr/lib/crt1.o
 .rel.text.SYSTEMUTIL_DLIST_Count
                0x00000000        0x0 /local/cruisecontrol/SYSTEM_BIN/views/MANIFESTS.upc.master/FUSIONOS_10/BLD_UPCH_SAMVGW_INTELGRV_LNUX_02/platform_cfg/linux/compiler/i686_gcc_x86_linux_01/root/usr/lib/crt1.o
 .rel.text.SYSTEMUTIL_DLIST_RemoveFirst
                0x00000000        0x0 /local/cruisecontrol/SYSTEM_BIN/views/MANIFESTS.upc.master/FUSIONOS_10/BLD_UPCH_SAMVGW_INTELGRV_LNUX_02/platform_cfg/linux/compiler/i686_gcc_x86_linux_01/root/usr/lib/crt1.o
 .rel.text.SYSTEMUTIL_DLIST_RemoveLast
                0x00000000        0x0 /local/cruisecontrol/SYSTEM_BIN/views/MANIFESTS.upc.master/FUSIONOS_10/BLD_UPCH_SAMVGW_INTELGRV_LNUX_02/platform_cfg/linux/compiler/i686_gcc_x86_linux_01/root/usr/lib/crt1.o
 .rel.text.SYSTEMUTIL_DLIST_NodePut
                0x00000000        0x0 /local/cruisecontrol/SYSTEM_BIN/views/MANIFESTS.upc.master/FUSIONOS_10/BLD_UPCH_SAMVGW_INTELGRV_LNUX_02/platform_cfg/linux/compiler/i686_gcc_x86_linux_01/root/usr/lib/crt1.o
 .rel.text.SYSTEMUTIL_DLIST_NodeGet
                0x00000000        0x0 /local/cruisecontrol/SYSTEM_BIN/views/MANIFESTS.upc.master/FUSIONOS_10/BLD_UPCH_SAMVGW_INTELGRV_LNUX_02/platform_cfg/linux/compiler/i686_gcc_x86_linux_01/root/usr/lib/crt1.o
 .rel.text.SYSTEMUTIL_DLIST_Next
                0x00000000        0x0 /local/cruisecontrol/SYSTEM_BIN/views/MANIFESTS.upc.master/FUSIONOS_10/BLD_UPCH_SAMVGW_INTELGRV_LNUX_02/platform_cfg/linux/compiler/i686_gcc_x86_linux_01/root/usr/lib/crt1.o
 .rel.text.SYSTEMUTIL_DLIST_Prev
                0x00000000        0x0 /local/cruisecontrol/SYSTEM_BIN/views/MANIFESTS.upc.master/FUSIONOS_10/BLD_UPCH_SAMVGW_INTELGRV_LNUX_02/platform_cfg/linux/compiler/i686_gcc_x86_linux_01/root/usr/lib/crt1.o
 .rel.text.SYSTEMUTIL_DLIST_NodeIsInAList
                0x00000000        0x0 /local/cruisecontrol/SYSTEM_BIN/views/MANIFESTS.upc.master/FUSIONOS_10/BLD_UPCH_SAMVGW_INTELGRV_LNUX_02/platform_cfg/linux/compiler/i686_gcc_x86_linux_01/root/usr/lib/crt1.o
 .rel.text.SYSTEMUTIL_DLIST_Verify
                0x00000000        0x0 /local/cruisecontrol/SYSTEM_BIN/views/MANIFESTS.upc.master/FUSIONOS_10/BLD_UPCH_SAMVGW_INTELGRV_LNUX_02/platform_cfg/linux/compiler/i686_gcc_x86_linux_01/root/usr/lib/crt1.o
 .rel.text.SYSTEMUTIL_THR_P_print_mutex_msg.clone.0
                0x00000000        0x0 /local/cruisecontrol/SYSTEM_BIN/views/MANIFESTS.upc.master/FUSIONOS_10/BLD_UPCH_SAMVGW_INTELGRV_LNUX_02/platform_cfg/linux/compiler/i686_gcc_x86_linux_01/root/usr/lib/crt1.o
 .rel.text.SYSTEMUTIL_THR_MutexLock
                0x00000000        0x0 /local/cruisecontrol/SYSTEM_BIN/views/MANIFESTS.upc.master/FUSIONOS_10/BLD_UPCH_SAMVGW_INTELGRV_LNUX_02/platform_cfg/linux/compiler/i686_gcc_x86_linux_01/root/usr/lib/crt1.o
 .rel.text.SYSTEMUTIL_THR_MutexTrylock
                0x00000000        0x0 /local/cruisecontrol/SYSTEM_BIN/views/MANIFESTS.upc.master/FUSIONOS_10/BLD_UPCH_SAMVGW_INTELGRV_LNUX_02/platform_cfg/linux/compiler/i686_gcc_x86_linux_01/root/usr/lib/crt1.o
 .rel.text.SYSTEMUTIL_THR_MutexUnlock
                0x00000000        0x0 /local/cruisecontrol/SYSTEM_BIN/views/MANIFESTS.upc.master/FUSIONOS_10/BLD_UPCH_SAMVGW_INTELGRV_LNUX_02/platform_cfg/linux/compiler/i686_gcc_x86_linux_01/root/usr/lib/crt1.o
 .rel.text.SYSTEMUTIL_THR_MutexInit
                0x00000000        0x0 /local/cruisecontrol/SYSTEM_BIN/views/MANIFESTS.upc.master/FUSIONOS_10/BLD_UPCH_SAMVGW_INTELGRV_LNUX_02/platform_cfg/linux/compiler/i686_gcc_x86_linux_01/root/usr/lib/crt1.o
 .rel.text.SYSTEMUTIL_THR_MutexDestroy
                0x00000000        0x0 /local/cruisecontrol/SYSTEM_BIN/views/MANIFESTS.upc.master/FUSIONOS_10/BLD_UPCH_SAMVGW_INTELGRV_LNUX_02/platform_cfg/linux/compiler/i686_gcc_x86_linux_01/root/usr/lib/crt1.o
 .rel.text.SYSTEMUTIL_THR_MutexGetInternal
                0x00000000        0x0 /local/cruisecontrol/SYSTEM_BIN/views/MANIFESTS.upc.master/FUSIONOS_10/BLD_UPCH_SAMVGW_INTELGRV_LNUX_02/platform_cfg/linux/compiler/i686_gcc_x86_linux_01/root/usr/lib/crt1.o
 .rel.text.__SYSTEMUTIL_THR_MutexLockD
                0x00000000        0x0 /local/cruisecontrol/SYSTEM_BIN/views/MANIFESTS.upc.master/FUSIONOS_10/BLD_UPCH_SAMVGW_INTELGRV_LNUX_02/platform_cfg/linux/compiler/i686_gcc_x86_linux_01/root/usr/lib/crt1.o
 .rel.text.__SYSTEMUTIL_THR_MutexTrylockD
                0x00000000        0x0 /local/cruisecontrol/SYSTEM_BIN/views/MANIFESTS.upc.master/FUSIONOS_10/BLD_UPCH_SAMVGW_INTELGRV_LNUX_02/platform_cfg/linux/compiler/i686_gcc_x86_linux_01/root/usr/lib/crt1.o
 .rel.text.__SYSTEMUTIL_THR_MutexUnlockD
                0x00000000        0x0 /local/cruisecontrol/SYSTEM_BIN/views/MANIFESTS.upc.master/FUSIONOS_10/BLD_UPCH_SAMVGW_INTELGRV_LNUX_02/platform_cfg/linux/compiler/i686_gcc_x86_linux_01/root/usr/lib/crt1.o
 .rel.text.__SYSTEMUTIL_THR_MutexInitD
                0x00000000        0x0 /local/cruisecontrol/SYSTEM_BIN/views/MANIFESTS.upc.master/FUSIONOS_10/BLD_UPCH_SAMVGW_INTELGRV_LNUX_02/platform_cfg/linux/compiler/i686_gcc_x86_linux_01/root/usr/lib/crt1.o
 .rel.text.__SYSTEMUTIL_THR_MutexDestroyD
                0x00000000        0x0 /local/cruisecontrol/SYSTEM_BIN/views/MANIFESTS.upc.master/FUSIONOS_10/BLD_UPCH_SAMVGW_INTELGRV_LNUX_02/platform_cfg/linux/compiler/i686_gcc_x86_linux_01/root/usr/lib/crt1.o
 .rel.text.SYSTEMUTIL_THR_MutexAttrInit
                0x00000000        0x0 /local/cruisecontrol/SYSTEM_BIN/views/MANIFESTS.upc.master/FUSIONOS_10/BLD_UPCH_SAMVGW_INTELGRV_LNUX_02/platform_cfg/linux/compiler/i686_gcc_x86_linux_01/root/usr/lib/crt1.o
 .rel.text.SYSTEMUTIL_THR_MutexAttrDestroy
                0x00000000        0x0 /local/cruisecontrol/SYSTEM_BIN/views/MANIFESTS.upc.master/FUSIONOS_10/BLD_UPCH_SAMVGW_INTELGRV_LNUX_02/platform_cfg/linux/compiler/i686_gcc_x86_linux_01/root/usr/lib/crt1.o
 .rel.text.SYSTEMUTIL_THR_MutexAttrSetPShared
                0x00000000        0x0 /local/cruisecontrol/SYSTEM_BIN/views/MANIFESTS.upc.master/FUSIONOS_10/BLD_UPCH_SAMVGW_INTELGRV_LNUX_02/platform_cfg/linux/compiler/i686_gcc_x86_linux_01/root/usr/lib/crt1.o
 .rel.text.DIAG_LOG_P_ConfigurationFileGetTraceLevel
                0x00000000        0x0 /local/cruisecontrol/SYSTEM_BIN/views/MANIFESTS.upc.master/FUSIONOS_10/BLD_UPCH_SAMVGW_INTELGRV_LNUX_02/platform_cfg/linux/compiler/i686_gcc_x86_linux_01/root/usr/lib/crt1.o
 .rel.text.DIAG_LOG_P_RPC_Invoke
                0x00000000        0x0 /local/cruisecontrol/SYSTEM_BIN/views/MANIFESTS.upc.master/FUSIONOS_10/BLD_UPCH_SAMVGW_INTELGRV_LNUX_02/platform_cfg/linux/compiler/i686_gcc_x86_linux_01/root/usr/lib/crt1.o
 .rel.text.DIAG_LOG_P_ExtractSegmentEntry
                0x00000000        0x0 /local/cruisecontrol/SYSTEM_BIN/views/MANIFESTS.upc.master/FUSIONOS_10/BLD_UPCH_SAMVGW_INTELGRV_LNUX_02/platform_cfg/linux/compiler/i686_gcc_x86_linux_01/root/usr/lib/crt1.o
 .rel.text.DIAG_LOG_P_GetServerListenerThreadDeathState
                0x00000000        0x0 /local/cruisecontrol/SYSTEM_BIN/views/MANIFESTS.upc.master/FUSIONOS_10/BLD_UPCH_SAMVGW_INTELGRV_LNUX_02/platform_cfg/linux/compiler/i686_gcc_x86_linux_01/root/usr/lib/crt1.o
 .rel.text.DIAG_LOG_P_SetServerListenerThreadDeathState
                0x00000000        0x0 /local/cruisecontrol/SYSTEM_BIN/views/MANIFESTS.upc.master/FUSIONOS_10/BLD_UPCH_SAMVGW_INTELGRV_LNUX_02/platform_cfg/linux/compiler/i686_gcc_x86_linux_01/root/usr/lib/crt1.o
 .rel.text.DIAG_LOG_P_XState
                0x00000000        0x0 /local/cruisecontrol/SYSTEM_BIN/views/MANIFESTS.upc.master/FUSIONOS_10/BLD_UPCH_SAMVGW_INTELGRV_LNUX_02/platform_cfg/linux/compiler/i686_gcc_x86_linux_01/root/usr/lib/crt1.o
 .rel.text.DIAG_LOG_P_ConfigurationFileOverrideSegmentTraceLevel
                0x00000000        0x0 /local/cruisecontrol/SYSTEM_BIN/views/MANIFESTS.upc.master/FUSIONOS_10/BLD_UPCH_SAMVGW_INTELGRV_LNUX_02/platform_cfg/linux/compiler/i686_gcc_x86_linux_01/root/usr/lib/crt1.o
 .rel.text.DIAG_LOG_P_ConfigurationFileUnloadData
                0x00000000        0x0 /local/cruisecontrol/SYSTEM_BIN/views/MANIFESTS.upc.master/FUSIONOS_10/BLD_UPCH_SAMVGW_INTELGRV_LNUX_02/platform_cfg/linux/compiler/i686_gcc_x86_linux_01/root/usr/lib/crt1.o
 .rel.text.DIAG_LOG_P_ServerListenerWait
                0x00000000        0x0 /local/cruisecontrol/SYSTEM_BIN/views/MANIFESTS.upc.master/FUSIONOS_10/BLD_UPCH_SAMVGW_INTELGRV_LNUX_02/platform_cfg/linux/compiler/i686_gcc_x86_linux_01/root/usr/lib/crt1.o
 .rel.text.DIAG_LOG_P_ServerListenerThread
                0x00000000        0x0 /local/cruisecontrol/SYSTEM_BIN/views/MANIFESTS.upc.master/FUSIONOS_10/BLD_UPCH_SAMVGW_INTELGRV_LNUX_02/platform_cfg/linux/compiler/i686_gcc_x86_linux_01/root/usr/lib/crt1.o
 .rel.text.__DIAG_LOG_RegisterTraceSegment
                0x00000000        0x0 /local/cruisecontrol/SYSTEM_BIN/views/MANIFESTS.upc.master/FUSIONOS_10/BLD_UPCH_SAMVGW_INTELGRV_LNUX_02/platform_cfg/linux/compiler/i686_gcc_x86_linux_01/root/usr/lib/crt1.o
 .rel.text.__DIAG_LOG_Init
                0x00000000        0x0 /local/cruisecontrol/SYSTEM_BIN/views/MANIFESTS.upc.master/FUSIONOS_10/BLD_UPCH_SAMVGW_INTELGRV_LNUX_02/platform_cfg/linux/compiler/i686_gcc_x86_linux_01/root/usr/lib/crt1.o
 .rel.text.__DIAG_LOG_UnregisterTraceSegment
                0x00000000        0x0 /local/cruisecontrol/SYSTEM_BIN/views/MANIFESTS.upc.master/FUSIONOS_10/BLD_UPCH_SAMVGW_INTELGRV_LNUX_02/platform_cfg/linux/compiler/i686_gcc_x86_linux_01/root/usr/lib/crt1.o
 .rel.text.__DIAG_LOG_Term
                0x00000000        0x0 /local/cruisecontrol/SYSTEM_BIN/views/MANIFESTS.upc.master/FUSIONOS_10/BLD_UPCH_SAMVGW_INTELGRV_LNUX_02/platform_cfg/linux/compiler/i686_gcc_x86_linux_01/root/usr/lib/crt1.o
 .rel.text.__DIAG_LOG_FormatTraceSegment
                0x00000000        0x0 /local/cruisecontrol/SYSTEM_BIN/views/MANIFESTS.upc.master/FUSIONOS_10/BLD_UPCH_SAMVGW_INTELGRV_LNUX_02/platform_cfg/linux/compiler/i686_gcc_x86_linux_01/root/usr/lib/crt1.o
 .rel.text.__DIAG_LOG_GetTraceSettings
                0x00000000        0x0 /local/cruisecontrol/SYSTEM_BIN/views/MANIFESTS.upc.master/FUSIONOS_10/BLD_UPCH_SAMVGW_INTELGRV_LNUX_02/platform_cfg/linux/compiler/i686_gcc_x86_linux_01/root/usr/lib/crt1.o
 .rel.text.__DIAG_LOG_SetTraceSettings
                0x00000000        0x0 /local/cruisecontrol/SYSTEM_BIN/views/MANIFESTS.upc.master/FUSIONOS_10/BLD_UPCH_SAMVGW_INTELGRV_LNUX_02/platform_cfg/linux/compiler/i686_gcc_x86_linux_01/root/usr/lib/crt1.o
 .rel.text.__DIAG_LOG_EnableTraces
                0x00000000        0x0 /local/cruisecontrol/SYSTEM_BIN/views/MANIFESTS.upc.master/FUSIONOS_10/BLD_UPCH_SAMVGW_INTELGRV_LNUX_02/platform_cfg/linux/compiler/i686_gcc_x86_linux_01/root/usr/lib/crt1.o
 .rel.text.__DIAG_LOG_DisableTraces
                0x00000000        0x0 /local/cruisecontrol/SYSTEM_BIN/views/MANIFESTS.upc.master/FUSIONOS_10/BLD_UPCH_SAMVGW_INTELGRV_LNUX_02/platform_cfg/linux/compiler/i686_gcc_x86_linux_01/root/usr/lib/crt1.o
 .rel.text.__DIAG_LOG_ValidTrace
                0x00000000        0x0 /local/cruisecontrol/SYSTEM_BIN/views/MANIFESTS.upc.master/FUSIONOS_10/BLD_UPCH_SAMVGW_INTELGRV_LNUX_02/platform_cfg/linux/compiler/i686_gcc_x86_linux_01/root/usr/lib/crt1.o
 .rel.text.__DIAG_LOG_FormatAndLogTraceBuffer
                0x00000000        0x0 /local/cruisecontrol/SYSTEM_BIN/views/MANIFESTS.upc.master/FUSIONOS_10/BLD_UPCH_SAMVGW_INTELGRV_LNUX_02/platform_cfg/linux/compiler/i686_gcc_x86_linux_01/root/usr/lib/crt1.o
 .rel.text.__DIAG_LOG_GetExpandedTraceBufferIdx
                0x00000000        0x0 /local/cruisecontrol/SYSTEM_BIN/views/MANIFESTS.upc.master/FUSIONOS_10/BLD_UPCH_SAMVGW_INTELGRV_LNUX_02/platform_cfg/linux/compiler/i686_gcc_x86_linux_01/root/usr/lib/crt1.o
 .rel.text.__DIAG_LOG_Write
                0x00000000        0x0 /local/cruisecontrol/SYSTEM_BIN/views/MANIFESTS.upc.master/FUSIONOS_10/BLD_UPCH_SAMVGW_INTELGRV_LNUX_02/platform_cfg/linux/compiler/i686_gcc_x86_linux_01/root/usr/lib/crt1.o
 .rel.text.DIAG_LOG_P_AddStringToken
                0x00000000        0x0 /local/cruisecontrol/SYSTEM_BIN/views/MANIFESTS.upc.master/FUSIONOS_10/BLD_UPCH_SAMVGW_INTELGRV_LNUX_02/platform_cfg/linux/compiler/i686_gcc_x86_linux_01/root/usr/lib/crt1.o
 .rel.text.DIAG_LOG_GetFormattedTraceBuffer
                0x00000000        0x0 /local/cruisecontrol/SYSTEM_BIN/views/MANIFESTS.upc.master/FUSIONOS_10/BLD_UPCH_SAMVGW_INTELGRV_LNUX_02/platform_cfg/linux/compiler/i686_gcc_x86_linux_01/root/usr/lib/crt1.o
 .rel.text.DIAGCTL_LOG_REQ_HANDLER_P_IPCMessageReceived
                0x00000000        0x0 /local/cruisecontrol/SYSTEM_BIN/views/MANIFESTS.upc.master/FUSIONOS_10/BLD_UPCH_SAMVGW_INTELGRV_LNUX_02/platform_cfg/linux/compiler/i686_gcc_x86_linux_01/root/usr/lib/crt1.o
 .rel.text.DIAGCTL_LOG_REQ_HANDLER_P_Thread
                0x00000000        0x0 /local/cruisecontrol/SYSTEM_BIN/views/MANIFESTS.upc.master/FUSIONOS_10/BLD_UPCH_SAMVGW_INTELGRV_LNUX_02/platform_cfg/linux/compiler/i686_gcc_x86_linux_01/root/usr/lib/crt1.o
 .rel.text.DIAGCTL_LOG_REQ_HANDLER_Init
                0x00000000        0x0 /local/cruisecontrol/SYSTEM_BIN/views/MANIFESTS.upc.master/FUSIONOS_10/BLD_UPCH_SAMVGW_INTELGRV_LNUX_02/platform_cfg/linux/compiler/i686_gcc_x86_linux_01/root/usr/lib/crt1.o
 .rel.text.DIAGCTL_LOG_REQ_HANDLER_Term
                0x00000000        0x0 /local/cruisecontrol/SYSTEM_BIN/views/MANIFESTS.upc.master/FUSIONOS_10/BLD_UPCH_SAMVGW_INTELGRV_LNUX_02/platform_cfg/linux/compiler/i686_gcc_x86_linux_01/root/usr/lib/crt1.o
 .rel.text.__DIAG_HLP_GetDebugLevel
                0x00000000        0x0 /local/cruisecontrol/SYSTEM_BIN/views/MANIFESTS.upc.master/FUSIONOS_10/BLD_UPCH_SAMVGW_INTELGRV_LNUX_02/platform_cfg/linux/compiler/i686_gcc_x86_linux_01/root/usr/lib/crt1.o
 .rel.text.__DIAG_HLP_SetDebugLevel
                0x00000000        0x0 /local/cruisecontrol/SYSTEM_BIN/views/MANIFESTS.upc.master/FUSIONOS_10/BLD_UPCH_SAMVGW_INTELGRV_LNUX_02/platform_cfg/linux/compiler/i686_gcc_x86_linux_01/root/usr/lib/crt1.o
 .rel.text.__DIAG_HLP_Debug
                0x00000000        0x0 /local/cruisecontrol/SYSTEM_BIN/views/MANIFESTS.upc.master/FUSIONOS_10/BLD_UPCH_SAMVGW_INTELGRV_LNUX_02/platform_cfg/linux/compiler/i686_gcc_x86_linux_01/root/usr/lib/crt1.o
 .rel.text.diag_ipc_client_P_format_message_header
                0x00000000        0x0 /local/cruisecontrol/SYSTEM_BIN/views/MANIFESTS.upc.master/FUSIONOS_10/BLD_UPCH_SAMVGW_INTELGRV_LNUX_02/platform_cfg/linux/compiler/i686_gcc_x86_linux_01/root/usr/lib/crt1.o
 .rel.text.diag_ipc_client_P_notify_server
                0x00000000        0x0 /local/cruisecontrol/SYSTEM_BIN/views/MANIFESTS.upc.master/FUSIONOS_10/BLD_UPCH_SAMVGW_INTELGRV_LNUX_02/platform_cfg/linux/compiler/i686_gcc_x86_linux_01/root/usr/lib/crt1.o
 .rel.text.diag_ipc_client_P_thread_listener
                0x00000000        0x0 /local/cruisecontrol/SYSTEM_BIN/views/MANIFESTS.upc.master/FUSIONOS_10/BLD_UPCH_SAMVGW_INTELGRV_LNUX_02/platform_cfg/linux/compiler/i686_gcc_x86_linux_01/root/usr/lib/crt1.o
 .rel.text.DIAG_IPC_CLIENT_Init
                0x00000000        0x0 /local/cruisecontrol/SYSTEM_BIN/views/MANIFESTS.upc.master/FUSIONOS_10/BLD_UPCH_SAMVGW_INTELGRV_LNUX_02/platform_cfg/linux/compiler/i686_gcc_x86_linux_01/root/usr/lib/crt1.o
 .rel.text.DIAG_IPC_CLIENT_Open
                0x00000000        0x0 /local/cruisecontrol/SYSTEM_BIN/views/MANIFESTS.upc.master/FUSIONOS_10/BLD_UPCH_SAMVGW_INTELGRV_LNUX_02/platform_cfg/linux/compiler/i686_gcc_x86_linux_01/root/usr/lib/crt1.o
 .rel.text.DIAG_IPC_CLIENT_Send
                0x00000000        0x0 /local/cruisecontrol/SYSTEM_BIN/views/MANIFESTS.upc.master/FUSIONOS_10/BLD_UPCH_SAMVGW_INTELGRV_LNUX_02/platform_cfg/linux/compiler/i686_gcc_x86_linux_01/root/usr/lib/crt1.o
 .rel.text.DIAG_IPC_CLIENT_Close
                0x00000000        0x0 /local/cruisecontrol/SYSTEM_BIN/views/MANIFESTS.upc.master/FUSIONOS_10/BLD_UPCH_SAMVGW_INTELGRV_LNUX_02/platform_cfg/linux/compiler/i686_gcc_x86_linux_01/root/usr/lib/crt1.o
 .rel.text.DIAG_IPC_CLIENT_Term
                0x00000000        0x0 /local/cruisecontrol/SYSTEM_BIN/views/MANIFESTS.upc.master/FUSIONOS_10/BLD_UPCH_SAMVGW_INTELGRV_LNUX_02/platform_cfg/linux/compiler/i686_gcc_x86_linux_01/root/usr/lib/crt1.o
 .rel.text.DIAG_CMN_P_ComputeRPCTableSize.clone.0
                0x00000000        0x0 /local/cruisecontrol/SYSTEM_BIN/views/MANIFESTS.upc.master/FUSIONOS_10/BLD_UPCH_SAMVGW_INTELGRV_LNUX_02/platform_cfg/linux/compiler/i686_gcc_x86_linux_01/root/usr/lib/crt1.o
 .rel.text.DIAG_CMN_DestroySerializedBuffer
                0x00000000        0x0 /local/cruisecontrol/SYSTEM_BIN/views/MANIFESTS.upc.master/FUSIONOS_10/BLD_UPCH_SAMVGW_INTELGRV_LNUX_02/platform_cfg/linux/compiler/i686_gcc_x86_linux_01/root/usr/lib/crt1.o
 .rel.text.DIAG_CMN_SerializeRequest
                0x00000000        0x0 /local/cruisecontrol/SYSTEM_BIN/views/MANIFESTS.upc.master/FUSIONOS_10/BLD_UPCH_SAMVGW_INTELGRV_LNUX_02/platform_cfg/linux/compiler/i686_gcc_x86_linux_01/root/usr/lib/crt1.o
 .rel.text.DIAG_CMN_DeSerializeRequest
                0x00000000        0x0 /local/cruisecontrol/SYSTEM_BIN/views/MANIFESTS.upc.master/FUSIONOS_10/BLD_UPCH_SAMVGW_INTELGRV_LNUX_02/platform_cfg/linux/compiler/i686_gcc_x86_linux_01/root/usr/lib/crt1.o
 .rel.text.DIAG_CMN_DestroyDeSerializedRequest
                0x00000000        0x0 /local/cruisecontrol/SYSTEM_BIN/views/MANIFESTS.upc.master/FUSIONOS_10/BLD_UPCH_SAMVGW_INTELGRV_LNUX_02/platform_cfg/linux/compiler/i686_gcc_x86_linux_01/root/usr/lib/crt1.o
 .rel.text.DIAG_CMN_SerializeResponse
                0x00000000        0x0 /local/cruisecontrol/SYSTEM_BIN/views/MANIFESTS.upc.master/FUSIONOS_10/BLD_UPCH_SAMVGW_INTELGRV_LNUX_02/platform_cfg/linux/compiler/i686_gcc_x86_linux_01/root/usr/lib/crt1.o
 .rel.text.DIAG_CMN_DeSerializeResponse
                0x00000000        0x0 /local/cruisecontrol/SYSTEM_BIN/views/MANIFESTS.upc.master/FUSIONOS_10/BLD_UPCH_SAMVGW_INTELGRV_LNUX_02/platform_cfg/linux/compiler/i686_gcc_x86_linux_01/root/usr/lib/crt1.o
 .rel.text.DIAG_CMN_SerializeConfigRequest
                0x00000000        0x0 /local/cruisecontrol/SYSTEM_BIN/views/MANIFESTS.upc.master/FUSIONOS_10/BLD_UPCH_SAMVGW_INTELGRV_LNUX_02/platform_cfg/linux/compiler/i686_gcc_x86_linux_01/root/usr/lib/crt1.o
 .rel.text.DIAG_CMN_DestroyDeSerializedConfigRequest
                0x00000000        0x0 /local/cruisecontrol/SYSTEM_BIN/views/MANIFESTS.upc.master/FUSIONOS_10/BLD_UPCH_SAMVGW_INTELGRV_LNUX_02/platform_cfg/linux/compiler/i686_gcc_x86_linux_01/root/usr/lib/crt1.o
 .rel.text.DIAG_CMN_DestroyDeSerializedConfigResponse
                0x00000000        0x0 /local/cruisecontrol/SYSTEM_BIN/views/MANIFESTS.upc.master/FUSIONOS_10/BLD_UPCH_SAMVGW_INTELGRV_LNUX_02/platform_cfg/linux/compiler/i686_gcc_x86_linux_01/root/usr/lib/crt1.o
 .rel.text.DIAG_CMN_SerializeConfigResponse
                0x00000000        0x0 /local/cruisecontrol/SYSTEM_BIN/views/MANIFESTS.upc.master/FUSIONOS_10/BLD_UPCH_SAMVGW_INTELGRV_LNUX_02/platform_cfg/linux/compiler/i686_gcc_x86_linux_01/root/usr/lib/crt1.o
 .rel.text.DIAG_CMN_DeSerializeConfigRequest
                0x00000000        0x0 /local/cruisecontrol/SYSTEM_BIN/views/MANIFESTS.upc.master/FUSIONOS_10/BLD_UPCH_SAMVGW_INTELGRV_LNUX_02/platform_cfg/linux/compiler/i686_gcc_x86_linux_01/root/usr/lib/crt1.o
 .rel.text.DIAG_CMN_DeSerializeConfigResponse
                0x00000000        0x0 /local/cruisecontrol/SYSTEM_BIN/views/MANIFESTS.upc.master/FUSIONOS_10/BLD_UPCH_SAMVGW_INTELGRV_LNUX_02/platform_cfg/linux/compiler/i686_gcc_x86_linux_01/root/usr/lib/crt1.o
 .rel.text.DIAG_P_SU_CTX_PrintErr
                0x00000000        0x0 /local/cruisecontrol/SYSTEM_BIN/views/MANIFESTS.upc.master/FUSIONOS_10/BLD_UPCH_SAMVGW_INTELGRV_LNUX_02/platform_cfg/linux/compiler/i686_gcc_x86_linux_01/root/usr/lib/crt1.o
 .rel.text.DIAG_P_SU_CTX_PrintMsg
                0x00000000        0x0 /local/cruisecontrol/SYSTEM_BIN/views/MANIFESTS.upc.master/FUSIONOS_10/BLD_UPCH_SAMVGW_INTELGRV_LNUX_02/platform_cfg/linux/compiler/i686_gcc_x86_linux_01/root/usr/lib/crt1.o
 .rel.text.DIAG_P_SU_CTX_Free
                0x00000000        0x0 /local/cruisecontrol/SYSTEM_BIN/views/MANIFESTS.upc.master/FUSIONOS_10/BLD_UPCH_SAMVGW_INTELGRV_LNUX_02/platform_cfg/linux/compiler/i686_gcc_x86_linux_01/root/usr/lib/crt1.o
 .rel.text.DIAG_P_SU_CTX_Malloc
                0x00000000        0x0 /local/cruisecontrol/SYSTEM_BIN/views/MANIFESTS.upc.master/FUSIONOS_10/BLD_UPCH_SAMVGW_INTELGRV_LNUX_02/platform_cfg/linux/compiler/i686_gcc_x86_linux_01/root/usr/lib/crt1.o
 .rel.text.DIAG_CMN_CreateSUContext
                0x00000000        0x0 /local/cruisecontrol/SYSTEM_BIN/views/MANIFESTS.upc.master/FUSIONOS_10/BLD_UPCH_SAMVGW_INTELGRV_LNUX_02/platform_cfg/linux/compiler/i686_gcc_x86_linux_01/root/usr/lib/crt1.o
 .rel.text.DIAG_CMN_DestroySUContext
                0x00000000        0x0 /local/cruisecontrol/SYSTEM_BIN/views/MANIFESTS.upc.master/FUSIONOS_10/BLD_UPCH_SAMVGW_INTELGRV_LNUX_02/platform_cfg/linux/compiler/i686_gcc_x86_linux_01/root/usr/lib/crt1.o
 .rel.text.DIAG_CMN_P_RPCTableIsEmpty
                0x00000000        0x0 /local/cruisecontrol/SYSTEM_BIN/views/MANIFESTS.upc.master/FUSIONOS_10/BLD_UPCH_SAMVGW_INTELGRV_LNUX_02/platform_cfg/linux/compiler/i686_gcc_x86_linux_01/root/usr/lib/crt1.o
 .rel.text.__DIAG_CMN_RPCTableCreate
                0x00000000        0x0 /local/cruisecontrol/SYSTEM_BIN/views/MANIFESTS.upc.master/FUSIONOS_10/BLD_UPCH_SAMVGW_INTELGRV_LNUX_02/platform_cfg/linux/compiler/i686_gcc_x86_linux_01/root/usr/lib/crt1.o
 .rel.text.__DIAG_CMN_RPCEntryCreate
                0x00000000        0x0 /local/cruisecontrol/SYSTEM_BIN/views/MANIFESTS.upc.master/FUSIONOS_10/BLD_UPCH_SAMVGW_INTELGRV_LNUX_02/platform_cfg/linux/compiler/i686_gcc_x86_linux_01/root/usr/lib/crt1.o
 .rel.text.__DIAG_CMN_RPCEntryDestroy
                0x00000000        0x0 /local/cruisecontrol/SYSTEM_BIN/views/MANIFESTS.upc.master/FUSIONOS_10/BLD_UPCH_SAMVGW_INTELGRV_LNUX_02/platform_cfg/linux/compiler/i686_gcc_x86_linux_01/root/usr/lib/crt1.o
 .rel.text.__DIAG_CMN_RPCEntryInsert
                0x00000000        0x0 /local/cruisecontrol/SYSTEM_BIN/views/MANIFESTS.upc.master/FUSIONOS_10/BLD_UPCH_SAMVGW_INTELGRV_LNUX_02/platform_cfg/linux/compiler/i686_gcc_x86_linux_01/root/usr/lib/crt1.o
 .rel.text.__DIAG_CMN_RPCEntryExtract
                0x00000000        0x0 /local/cruisecontrol/SYSTEM_BIN/views/MANIFESTS.upc.master/FUSIONOS_10/BLD_UPCH_SAMVGW_INTELGRV_LNUX_02/platform_cfg/linux/compiler/i686_gcc_x86_linux_01/root/usr/lib/crt1.o
 .rel.text.__DIAG_CMN_RPCTableDestroy
                0x00000000        0x0 /local/cruisecontrol/SYSTEM_BIN/views/MANIFESTS.upc.master/FUSIONOS_10/BLD_UPCH_SAMVGW_INTELGRV_LNUX_02/platform_cfg/linux/compiler/i686_gcc_x86_linux_01/root/usr/lib/crt1.o
 .rel.text.__DIAG_CMN_SetRPCLookupObject
                0x00000000        0x0 /local/cruisecontrol/SYSTEM_BIN/views/MANIFESTS.upc.master/FUSIONOS_10/BLD_UPCH_SAMVGW_INTELGRV_LNUX_02/platform_cfg/linux/compiler/i686_gcc_x86_linux_01/root/usr/lib/crt1.o
 .rel.text.__DIAG_CMN_GetRPCLookupObjectName
                0x00000000        0x0 /local/cruisecontrol/SYSTEM_BIN/views/MANIFESTS.upc.master/FUSIONOS_10/BLD_UPCH_SAMVGW_INTELGRV_LNUX_02/platform_cfg/linux/compiler/i686_gcc_x86_linux_01/root/usr/lib/crt1.o
 .rel.text.__DIAG_CMN_GetRPCLookupObjectIndex
                0x00000000        0x0 /local/cruisecontrol/SYSTEM_BIN/views/MANIFESTS.upc.master/FUSIONOS_10/BLD_UPCH_SAMVGW_INTELGRV_LNUX_02/platform_cfg/linux/compiler/i686_gcc_x86_linux_01/root/usr/lib/crt1.o
 .rel.text.__DIAG_CMN_RPCEntryLookup
                0x00000000        0x0 /local/cruisecontrol/SYSTEM_BIN/views/MANIFESTS.upc.master/FUSIONOS_10/BLD_UPCH_SAMVGW_INTELGRV_LNUX_02/platform_cfg/linux/compiler/i686_gcc_x86_linux_01/root/usr/lib/crt1.o
 .rel.text.__DIAG_CMN_RPCTableGetCapacity
                0x00000000        0x0 /local/cruisecontrol/SYSTEM_BIN/views/MANIFESTS.upc.master/FUSIONOS_10/BLD_UPCH_SAMVGW_INTELGRV_LNUX_02/platform_cfg/linux/compiler/i686_gcc_x86_linux_01/root/usr/lib/crt1.o
 .rel.text.__DIAG_CMN_RPCTableGetSize
                0x00000000        0x0 /local/cruisecontrol/SYSTEM_BIN/views/MANIFESTS.upc.master/FUSIONOS_10/BLD_UPCH_SAMVGW_INTELGRV_LNUX_02/platform_cfg/linux/compiler/i686_gcc_x86_linux_01/root/usr/lib/crt1.o
 .rel.text.__DIAG_CMN_RPCTableGetEntryByIndex
                0x00000000        0x0 /local/cruisecontrol/SYSTEM_BIN/views/MANIFESTS.upc.master/FUSIONOS_10/BLD_UPCH_SAMVGW_INTELGRV_LNUX_02/platform_cfg/linux/compiler/i686_gcc_x86_linux_01/root/usr/lib/crt1.o
 .rel.text.__DIAG_CMN_RPCEntryGetIndex
                0x00000000        0x0 /local/cruisecontrol/SYSTEM_BIN/views/MANIFESTS.upc.master/FUSIONOS_10/BLD_UPCH_SAMVGW_INTELGRV_LNUX_02/platform_cfg/linux/compiler/i686_gcc_x86_linux_01/root/usr/lib/crt1.o
 .rel.text.__DIAG_CMN_RPCEntryGetDescription
                0x00000000        0x0 /local/cruisecontrol/SYSTEM_BIN/views/MANIFESTS.upc.master/FUSIONOS_10/BLD_UPCH_SAMVGW_INTELGRV_LNUX_02/platform_cfg/linux/compiler/i686_gcc_x86_linux_01/root/usr/lib/crt1.o
 .rel.text.__DIAG_CMN_RPCEntryGetName
                0x00000000        0x0 /local/cruisecontrol/SYSTEM_BIN/views/MANIFESTS.upc.master/FUSIONOS_10/BLD_UPCH_SAMVGW_INTELGRV_LNUX_02/platform_cfg/linux/compiler/i686_gcc_x86_linux_01/root/usr/lib/crt1.o
 .rel.text.__DIAG_CMN_RPCEntryInvoke
                0x00000000        0x0 /local/cruisecontrol/SYSTEM_BIN/views/MANIFESTS.upc.master/FUSIONOS_10/BLD_UPCH_SAMVGW_INTELGRV_LNUX_02/platform_cfg/linux/compiler/i686_gcc_x86_linux_01/root/usr/lib/crt1.o
 .rel.text.DIAG_HLP_BarrierCreate
                0x00000000        0x0 /local/cruisecontrol/SYSTEM_BIN/views/MANIFESTS.upc.master/FUSIONOS_10/BLD_UPCH_SAMVGW_INTELGRV_LNUX_02/platform_cfg/linux/compiler/i686_gcc_x86_linux_01/root/usr/lib/crt1.o
 .rel.text.DIAG_HLP_BarrierDestroy
                0x00000000        0x0 /local/cruisecontrol/SYSTEM_BIN/views/MANIFESTS.upc.master/FUSIONOS_10/BLD_UPCH_SAMVGW_INTELGRV_LNUX_02/platform_cfg/linux/compiler/i686_gcc_x86_linux_01/root/usr/lib/crt1.o
 .rel.text.DIAG_HLP_BarrierWait
                0x00000000        0x0 /local/cruisecontrol/SYSTEM_BIN/views/MANIFESTS.upc.master/FUSIONOS_10/BLD_UPCH_SAMVGW_INTELGRV_LNUX_02/platform_cfg/linux/compiler/i686_gcc_x86_linux_01/root/usr/lib/crt1.o
 .rel.text.DIAG_HLP_BarrierCheck
                0x00000000        0x0 /local/cruisecontrol/SYSTEM_BIN/views/MANIFESTS.upc.master/FUSIONOS_10/BLD_UPCH_SAMVGW_INTELGRV_LNUX_02/platform_cfg/linux/compiler/i686_gcc_x86_linux_01/root/usr/lib/crt1.o
 .rel.text.DIAG_HLP_BarrierBroadcast
                0x00000000        0x0 /local/cruisecontrol/SYSTEM_BIN/views/MANIFESTS.upc.master/FUSIONOS_10/BLD_UPCH_SAMVGW_INTELGRV_LNUX_02/platform_cfg/linux/compiler/i686_gcc_x86_linux_01/root/usr/lib/crt1.o
 .rel.text.DIAG_CMN_STD_Calloc
                0x00000000        0x0 /local/cruisecontrol/SYSTEM_BIN/views/MANIFESTS.upc.master/FUSIONOS_10/BLD_UPCH_SAMVGW_INTELGRV_LNUX_02/platform_cfg/linux/compiler/i686_gcc_x86_linux_01/root/usr/lib/crt1.o
 .rel.text.DIAG_CMN_STD_Realloc
                0x00000000        0x0 /local/cruisecontrol/SYSTEM_BIN/views/MANIFESTS.upc.master/FUSIONOS_10/BLD_UPCH_SAMVGW_INTELGRV_LNUX_02/platform_cfg/linux/compiler/i686_gcc_x86_linux_01/root/usr/lib/crt1.o
 .rel.text.DIAG_CMN_STD_Free
                0x00000000        0x0 /local/cruisecontrol/SYSTEM_BIN/views/MANIFESTS.upc.master/FUSIONOS_10/BLD_UPCH_SAMVGW_INTELGRV_LNUX_02/platform_cfg/linux/compiler/i686_gcc_x86_linux_01/root/usr/lib/crt1.o
 .rel.text.DIAG_CMN_STD_Malloc
                0x00000000        0x0 /local/cruisecontrol/SYSTEM_BIN/views/MANIFESTS.upc.master/FUSIONOS_10/BLD_UPCH_SAMVGW_INTELGRV_LNUX_02/platform_cfg/linux/compiler/i686_gcc_x86_linux_01/root/usr/lib/crt1.o
 .rel.text.DIAG_UTILS_PrintMsg
                0x00000000        0x0 /local/cruisecontrol/SYSTEM_BIN/views/MANIFESTS.upc.master/FUSIONOS_10/BLD_UPCH_SAMVGW_INTELGRV_LNUX_02/platform_cfg/linux/compiler/i686_gcc_x86_linux_01/root/usr/lib/crt1.o
 .rel.text.DIAG_UTILS_PrintErr
                0x00000000        0x0 /local/cruisecontrol/SYSTEM_BIN/views/MANIFESTS.upc.master/FUSIONOS_10/BLD_UPCH_SAMVGW_INTELGRV_LNUX_02/platform_cfg/linux/compiler/i686_gcc_x86_linux_01/root/usr/lib/crt1.o
 .rel.text.DIAG_UTILS_CTX_Free
                0x00000000        0x0 /local/cruisecontrol/SYSTEM_BIN/views/MANIFESTS.upc.master/FUSIONOS_10/BLD_UPCH_SAMVGW_INTELGRV_LNUX_02/platform_cfg/linux/compiler/i686_gcc_x86_linux_01/root/usr/lib/crt1.o
 .rel.text.DIAG_UTILS_CTX_Malloc
                0x00000000        0x0 /local/cruisecontrol/SYSTEM_BIN/views/MANIFESTS.upc.master/FUSIONOS_10/BLD_UPCH_SAMVGW_INTELGRV_LNUX_02/platform_cfg/linux/compiler/i686_gcc_x86_linux_01/root/usr/lib/crt1.o
 .rel.text.DIAG_UTILS_hasCreateFlag
                0x00000000        0x0 /local/cruisecontrol/SYSTEM_BIN/views/MANIFESTS.upc.master/FUSIONOS_10/BLD_UPCH_SAMVGW_INTELGRV_LNUX_02/platform_cfg/linux/compiler/i686_gcc_x86_linux_01/root/usr/lib/crt1.o
 .rel.text.DIAG_UTILS_Open
                0x00000000        0x0 /local/cruisecontrol/SYSTEM_BIN/views/MANIFESTS.upc.master/FUSIONOS_10/BLD_UPCH_SAMVGW_INTELGRV_LNUX_02/platform_cfg/linux/compiler/i686_gcc_x86_linux_01/root/usr/lib/crt1.o
 .rel.text.DIAG_UTILS_SharedMemOpen
                0x00000000        0x0 /local/cruisecontrol/SYSTEM_BIN/views/MANIFESTS.upc.master/FUSIONOS_10/BLD_UPCH_SAMVGW_INTELGRV_LNUX_02/platform_cfg/linux/compiler/i686_gcc_x86_linux_01/root/usr/lib/crt1.o
 .rel.text.DIAG_UTILS_Mkfifo
                0x00000000        0x0 /local/cruisecontrol/SYSTEM_BIN/views/MANIFESTS.upc.master/FUSIONOS_10/BLD_UPCH_SAMVGW_INTELGRV_LNUX_02/platform_cfg/linux/compiler/i686_gcc_x86_linux_01/root/usr/lib/crt1.o
 .rel.text.DIAG_UTILS_CreateCTX
                0x00000000        0x0 /local/cruisecontrol/SYSTEM_BIN/views/MANIFESTS.upc.master/FUSIONOS_10/BLD_UPCH_SAMVGW_INTELGRV_LNUX_02/platform_cfg/linux/compiler/i686_gcc_x86_linux_01/root/usr/lib/crt1.o
 .rel.text.DIAG_UTILS_DestroyCTX
                0x00000000        0x0 /local/cruisecontrol/SYSTEM_BIN/views/MANIFESTS.upc.master/FUSIONOS_10/BLD_UPCH_SAMVGW_INTELGRV_LNUX_02/platform_cfg/linux/compiler/i686_gcc_x86_linux_01/root/usr/lib/crt1.o
 .rel.text.DIAG_UTILS_WriteToSocket
                0x00000000        0x0 /local/cruisecontrol/SYSTEM_BIN/views/MANIFESTS.upc.master/FUSIONOS_10/BLD_UPCH_SAMVGW_INTELGRV_LNUX_02/platform_cfg/linux/compiler/i686_gcc_x86_linux_01/root/usr/lib/crt1.o
 .rel.text.DIAG_UTILS_OpenSocket
                0x00000000        0x0 /local/cruisecontrol/SYSTEM_BIN/views/MANIFESTS.upc.master/FUSIONOS_10/BLD_UPCH_SAMVGW_INTELGRV_LNUX_02/platform_cfg/linux/compiler/i686_gcc_x86_linux_01/root/usr/lib/crt1.o
 .rel.text.DIAG_UTILS_strncasecmp
                0x00000000        0x0 /local/cruisecontrol/SYSTEM_BIN/views/MANIFESTS.upc.master/FUSIONOS_10/BLD_UPCH_SAMVGW_INTELGRV_LNUX_02/platform_cfg/linux/compiler/i686_gcc_x86_linux_01/root/usr/lib/crt1.o
 .rel.text.DIAG_UTILS_IsDataPartition
                0x00000000        0x0 /local/cruisecontrol/SYSTEM_BIN/views/MANIFESTS.upc.master/FUSIONOS_10/BLD_UPCH_SAMVGW_INTELGRV_LNUX_02/platform_cfg/linux/compiler/i686_gcc_x86_linux_01/root/usr/lib/crt1.o
 .rel.text.DIAG_UTILS_OpenLogFile
                0x00000000        0x0 /local/cruisecontrol/SYSTEM_BIN/views/MANIFESTS.upc.master/FUSIONOS_10/BLD_UPCH_SAMVGW_INTELGRV_LNUX_02/platform_cfg/linux/compiler/i686_gcc_x86_linux_01/root/usr/lib/crt1.o
 .rel.text.DIAG_UTILS_ReadLogPath
                0x00000000        0x0 /local/cruisecontrol/SYSTEM_BIN/views/MANIFESTS.upc.master/FUSIONOS_10/BLD_UPCH_SAMVGW_INTELGRV_LNUX_02/platform_cfg/linux/compiler/i686_gcc_x86_linux_01/root/usr/lib/crt1.o
 .rel.text.DIAG_UTILS_CloseLogFile
                0x00000000        0x0 /local/cruisecontrol/SYSTEM_BIN/views/MANIFESTS.upc.master/FUSIONOS_10/BLD_UPCH_SAMVGW_INTELGRV_LNUX_02/platform_cfg/linux/compiler/i686_gcc_x86_linux_01/root/usr/lib/crt1.o
 .rel.text.DIAG_UTILS_CloseSocket
                0x00000000        0x0 /local/cruisecontrol/SYSTEM_BIN/views/MANIFESTS.upc.master/FUSIONOS_10/BLD_UPCH_SAMVGW_INTELGRV_LNUX_02/platform_cfg/linux/compiler/i686_gcc_x86_linux_01/root/usr/lib/crt1.o
 .rel.text.DIAG_UTIL_IsValidPort
                0x00000000        0x0 /local/cruisecontrol/SYSTEM_BIN/views/MANIFESTS.upc.master/FUSIONOS_10/BLD_UPCH_SAMVGW_INTELGRV_LNUX_02/platform_cfg/linux/compiler/i686_gcc_x86_linux_01/root/usr/lib/crt1.o
 .rel.text.DIAG_UTILS_IsValidIpAddress
                0x00000000        0x0 /local/cruisecontrol/SYSTEM_BIN/views/MANIFESTS.upc.master/FUSIONOS_10/BLD_UPCH_SAMVGW_INTELGRV_LNUX_02/platform_cfg/linux/compiler/i686_gcc_x86_linux_01/root/usr/lib/crt1.o
 .rel.text.DIAG_UTILS_WriteMsgToSocket
                0x00000000        0x0 /local/cruisecontrol/SYSTEM_BIN/views/MANIFESTS.upc.master/FUSIONOS_10/BLD_UPCH_SAMVGW_INTELGRV_LNUX_02/platform_cfg/linux/compiler/i686_gcc_x86_linux_01/root/usr/lib/crt1.o
 .rel.text.DIAG_MhwMqpInit
                0x00000000        0x0 /local/cruisecontrol/SYSTEM_BIN/views/MANIFESTS.upc.master/FUSIONOS_10/BLD_UPCH_SAMVGW_INTELGRV_LNUX_02/platform_cfg/linux/compiler/i686_gcc_x86_linux_01/root/usr/lib/crt1.o
 .rel.text.DIAG_MhwMqpRootInit
                0x00000000        0x0 /local/cruisecontrol/SYSTEM_BIN/views/MANIFESTS.upc.master/FUSIONOS_10/BLD_UPCH_SAMVGW_INTELGRV_LNUX_02/platform_cfg/linux/compiler/i686_gcc_x86_linux_01/root/usr/lib/crt1.o
 .rel.text.DIAG_MhwMqpOpen
                0x00000000        0x0 /local/cruisecontrol/SYSTEM_BIN/views/MANIFESTS.upc.master/FUSIONOS_10/BLD_UPCH_SAMVGW_INTELGRV_LNUX_02/platform_cfg/linux/compiler/i686_gcc_x86_linux_01/root/usr/lib/crt1.o
 .rel.text.DIAG_MhwMqpClose
                0x00000000        0x0 /local/cruisecontrol/SYSTEM_BIN/views/MANIFESTS.upc.master/FUSIONOS_10/BLD_UPCH_SAMVGW_INTELGRV_LNUX_02/platform_cfg/linux/compiler/i686_gcc_x86_linux_01/root/usr/lib/crt1.o
 .rel.text.DIAG_MhwMqpNew
                0x00000000        0x0 /local/cruisecontrol/SYSTEM_BIN/views/MANIFESTS.upc.master/FUSIONOS_10/BLD_UPCH_SAMVGW_INTELGRV_LNUX_02/platform_cfg/linux/compiler/i686_gcc_x86_linux_01/root/usr/lib/crt1.o
 .rel.text.DIAG_MhwMqpFree
                0x00000000        0x0 /local/cruisecontrol/SYSTEM_BIN/views/MANIFESTS.upc.master/FUSIONOS_10/BLD_UPCH_SAMVGW_INTELGRV_LNUX_02/platform_cfg/linux/compiler/i686_gcc_x86_linux_01/root/usr/lib/crt1.o
 .rel.text.DIAG_MhwMqpSend
                0x00000000        0x0 /local/cruisecontrol/SYSTEM_BIN/views/MANIFESTS.upc.master/FUSIONOS_10/BLD_UPCH_SAMVGW_INTELGRV_LNUX_02/platform_cfg/linux/compiler/i686_gcc_x86_linux_01/root/usr/lib/crt1.o
 .rel.text.DIAG_MhwMqpReceive
                0x00000000        0x0 /local/cruisecontrol/SYSTEM_BIN/views/MANIFESTS.upc.master/FUSIONOS_10/BLD_UPCH_SAMVGW_INTELGRV_LNUX_02/platform_cfg/linux/compiler/i686_gcc_x86_linux_01/root/usr/lib/crt1.o
 .rel.text.DIAG_MhwMqpTerm
                0x00000000        0x0 /local/cruisecontrol/SYSTEM_BIN/views/MANIFESTS.upc.master/FUSIONOS_10/BLD_UPCH_SAMVGW_INTELGRV_LNUX_02/platform_cfg/linux/compiler/i686_gcc_x86_linux_01/root/usr/lib/crt1.o
 .rel.text.DIAG_MhwMqpRootTerm
                0x00000000        0x0 /local/cruisecontrol/SYSTEM_BIN/views/MANIFESTS.upc.master/FUSIONOS_10/BLD_UPCH_SAMVGW_INTELGRV_LNUX_02/platform_cfg/linux/compiler/i686_gcc_x86_linux_01/root/usr/lib/crt1.o
 .rel.text.DIAG_MhwMqpStg_Init
                0x00000000        0x0 /local/cruisecontrol/SYSTEM_BIN/views/MANIFESTS.upc.master/FUSIONOS_10/BLD_UPCH_SAMVGW_INTELGRV_LNUX_02/platform_cfg/linux/compiler/i686_gcc_x86_linux_01/root/usr/lib/crt1.o
 .rel.text.DIAG_MhwMqpStg_SendMsg
                0x00000000        0x0 /local/cruisecontrol/SYSTEM_BIN/views/MANIFESTS.upc.master/FUSIONOS_10/BLD_UPCH_SAMVGW_INTELGRV_LNUX_02/platform_cfg/linux/compiler/i686_gcc_x86_linux_01/root/usr/lib/crt1.o
 .rel.text.DIAG_MhwMqpStg_RecvMsg
                0x00000000        0x0 /local/cruisecontrol/SYSTEM_BIN/views/MANIFESTS.upc.master/FUSIONOS_10/BLD_UPCH_SAMVGW_INTELGRV_LNUX_02/platform_cfg/linux/compiler/i686_gcc_x86_linux_01/root/usr/lib/crt1.o
 .rel.text.DIAG_MhwMqpStg_Flush
                0x00000000        0x0 /local/cruisecontrol/SYSTEM_BIN/views/MANIFESTS.upc.master/FUSIONOS_10/BLD_UPCH_SAMVGW_INTELGRV_LNUX_02/platform_cfg/linux/compiler/i686_gcc_x86_linux_01/root/usr/lib/crt1.o
 .rel.text.DIAG_MhwMqpStg_FreeMsg
                0x00000000        0x0 /local/cruisecontrol/SYSTEM_BIN/views/MANIFESTS.upc.master/FUSIONOS_10/BLD_UPCH_SAMVGW_INTELGRV_LNUX_02/platform_cfg/linux/compiler/i686_gcc_x86_linux_01/root/usr/lib/crt1.o
 .rel.text.DIAG_MhwMqpStg_NewMsg
                0x00000000        0x0 /local/cruisecontrol/SYSTEM_BIN/views/MANIFESTS.upc.master/FUSIONOS_10/BLD_UPCH_SAMVGW_INTELGRV_LNUX_02/platform_cfg/linux/compiler/i686_gcc_x86_linux_01/root/usr/lib/crt1.o
 .rel.text.DIAGCTL_LOG_Init
                0x00000000        0x0 /local/cruisecontrol/SYSTEM_BIN/views/MANIFESTS.upc.master/FUSIONOS_10/BLD_UPCH_SAMVGW_INTELGRV_LNUX_02/platform_cfg/linux/compiler/i686_gcc_x86_linux_01/root/usr/lib/crt1.o
 .rel.text.DIAGCTL_LOG_Terminate
                0x00000000        0x0 /local/cruisecontrol/SYSTEM_BIN/views/MANIFESTS.upc.master/FUSIONOS_10/BLD_UPCH_SAMVGW_INTELGRV_LNUX_02/platform_cfg/linux/compiler/i686_gcc_x86_linux_01/root/usr/lib/crt1.o
 .rel.text.DIAGCTL_LOG_SetClientLogProperties
                0x00000000        0x0 /local/cruisecontrol/SYSTEM_BIN/views/MANIFESTS.upc.master/FUSIONOS_10/BLD_UPCH_SAMVGW_INTELGRV_LNUX_02/platform_cfg/linux/compiler/i686_gcc_x86_linux_01/root/usr/lib/crt1.o
 .rel.text.DIAGCTL_LOG_RegisterClient
                0x00000000        0x0 /local/cruisecontrol/SYSTEM_BIN/views/MANIFESTS.upc.master/FUSIONOS_10/BLD_UPCH_SAMVGW_INTELGRV_LNUX_02/platform_cfg/linux/compiler/i686_gcc_x86_linux_01/root/usr/lib/crt1.o
 .rel.text.DIAGCTL_LOG_UnregisterClient
                0x00000000        0x0 /local/cruisecontrol/SYSTEM_BIN/views/MANIFESTS.upc.master/FUSIONOS_10/BLD_UPCH_SAMVGW_INTELGRV_LNUX_02/platform_cfg/linux/compiler/i686_gcc_x86_linux_01/root/usr/lib/crt1.o
 .rel.text.DIAGCTL_LOG_SetTraceSettings
                0x00000000        0x0 /local/cruisecontrol/SYSTEM_BIN/views/MANIFESTS.upc.master/FUSIONOS_10/BLD_UPCH_SAMVGW_INTELGRV_LNUX_02/platform_cfg/linux/compiler/i686_gcc_x86_linux_01/root/usr/lib/crt1.o
 .rel.text.DIAGCTL_LOG_GetTraceSettings
                0x00000000        0x0 /local/cruisecontrol/SYSTEM_BIN/views/MANIFESTS.upc.master/FUSIONOS_10/BLD_UPCH_SAMVGW_INTELGRV_LNUX_02/platform_cfg/linux/compiler/i686_gcc_x86_linux_01/root/usr/lib/crt1.o
 .rel.text.DIAGCTL_LOG_EnableTraces
                0x00000000        0x0 /local/cruisecontrol/SYSTEM_BIN/views/MANIFESTS.upc.master/FUSIONOS_10/BLD_UPCH_SAMVGW_INTELGRV_LNUX_02/platform_cfg/linux/compiler/i686_gcc_x86_linux_01/root/usr/lib/crt1.o
 .rel.text.DIAGCTL_LOG_DisableTraces
                0x00000000        0x0 /local/cruisecontrol/SYSTEM_BIN/views/MANIFESTS.upc.master/FUSIONOS_10/BLD_UPCH_SAMVGW_INTELGRV_LNUX_02/platform_cfg/linux/compiler/i686_gcc_x86_linux_01/root/usr/lib/crt1.o
 .rel.text.DIAGCTL_LOG_Log
                0x00000000        0x0 /local/cruisecontrol/SYSTEM_BIN/views/MANIFESTS.upc.master/FUSIONOS_10/BLD_UPCH_SAMVGW_INTELGRV_LNUX_02/platform_cfg/linux/compiler/i686_gcc_x86_linux_01/root/usr/lib/crt1.o
 .rel.text.DIAGCTL_LOG_P_LookupResponseByClientIdCb
                0x00000000        0x0 /local/cruisecontrol/SYSTEM_BIN/views/MANIFESTS.upc.master/FUSIONOS_10/BLD_UPCH_SAMVGW_INTELGRV_LNUX_02/platform_cfg/linux/compiler/i686_gcc_x86_linux_01/root/usr/lib/crt1.o
 .rel.text.DIAGCTL_LOG_P_FreeMessageBufferCb
                0x00000000        0x0 /local/cruisecontrol/SYSTEM_BIN/views/MANIFESTS.upc.master/FUSIONOS_10/BLD_UPCH_SAMVGW_INTELGRV_LNUX_02/platform_cfg/linux/compiler/i686_gcc_x86_linux_01/root/usr/lib/crt1.o
 .rel.text.DIAGCTL_LOG_P_WaitResponse
                0x00000000        0x0 /local/cruisecontrol/SYSTEM_BIN/views/MANIFESTS.upc.master/FUSIONOS_10/BLD_UPCH_SAMVGW_INTELGRV_LNUX_02/platform_cfg/linux/compiler/i686_gcc_x86_linux_01/root/usr/lib/crt1.o
 .rel.text.DIAGCTL_LOG_P_IPCMessageReceived
                0x00000000        0x0 /local/cruisecontrol/SYSTEM_BIN/views/MANIFESTS.upc.master/FUSIONOS_10/BLD_UPCH_SAMVGW_INTELGRV_LNUX_02/platform_cfg/linux/compiler/i686_gcc_x86_linux_01/root/usr/lib/crt1.o
 .rel.text.DIAGCTL_LOG_P_SendRequest.clone.0
                0x00000000        0x0 /local/cruisecontrol/SYSTEM_BIN/views/MANIFESTS.upc.master/FUSIONOS_10/BLD_UPCH_SAMVGW_INTELGRV_LNUX_02/platform_cfg/linux/compiler/i686_gcc_x86_linux_01/root/usr/lib/crt1.o
 .rel.text.DIAGCTL_LOG_InitCommunicationChannel
                0x00000000        0x0 /local/cruisecontrol/SYSTEM_BIN/views/MANIFESTS.upc.master/FUSIONOS_10/BLD_UPCH_SAMVGW_INTELGRV_LNUX_02/platform_cfg/linux/compiler/i686_gcc_x86_linux_01/root/usr/lib/crt1.o
 .rel.text.DIAGCTL_LOG_OpenCommunicationChannel
                0x00000000        0x0 /local/cruisecontrol/SYSTEM_BIN/views/MANIFESTS.upc.master/FUSIONOS_10/BLD_UPCH_SAMVGW_INTELGRV_LNUX_02/platform_cfg/linux/compiler/i686_gcc_x86_linux_01/root/usr/lib/crt1.o
 .rel.text.DIAGCTL_LOG_CloseCommunicationChannel
                0x00000000        0x0 /local/cruisecontrol/SYSTEM_BIN/views/MANIFESTS.upc.master/FUSIONOS_10/BLD_UPCH_SAMVGW_INTELGRV_LNUX_02/platform_cfg/linux/compiler/i686_gcc_x86_linux_01/root/usr/lib/crt1.o
 .rel.text.DIAGCTL_LOG_SendRegistrationRequest
                0x00000000        0x0 /local/cruisecontrol/SYSTEM_BIN/views/MANIFESTS.upc.master/FUSIONOS_10/BLD_UPCH_SAMVGW_INTELGRV_LNUX_02/platform_cfg/linux/compiler/i686_gcc_x86_linux_01/root/usr/lib/crt1.o
 .rel.text.DIAGCTL_LOG_WaitRegistrationResponse
                0x00000000        0x0 /local/cruisecontrol/SYSTEM_BIN/views/MANIFESTS.upc.master/FUSIONOS_10/BLD_UPCH_SAMVGW_INTELGRV_LNUX_02/platform_cfg/linux/compiler/i686_gcc_x86_linux_01/root/usr/lib/crt1.o
 .rel.text.DIAGCTL_LOG_SendUnregistrationRequest
                0x00000000        0x0 /local/cruisecontrol/SYSTEM_BIN/views/MANIFESTS.upc.master/FUSIONOS_10/BLD_UPCH_SAMVGW_INTELGRV_LNUX_02/platform_cfg/linux/compiler/i686_gcc_x86_linux_01/root/usr/lib/crt1.o
 .rel.text.DIAGCTL_LOG_WaitUnregistrationResponse
                0x00000000        0x0 /local/cruisecontrol/SYSTEM_BIN/views/MANIFESTS.upc.master/FUSIONOS_10/BLD_UPCH_SAMVGW_INTELGRV_LNUX_02/platform_cfg/linux/compiler/i686_gcc_x86_linux_01/root/usr/lib/crt1.o
 .rel.text.DIAGCTL_LOG_SendModifyTraceSettingRequest
                0x00000000        0x0 /local/cruisecontrol/SYSTEM_BIN/views/MANIFESTS.upc.master/FUSIONOS_10/BLD_UPCH_SAMVGW_INTELGRV_LNUX_02/platform_cfg/linux/compiler/i686_gcc_x86_linux_01/root/usr/lib/crt1.o
 .rel.text.DIAGCTL_LOG_WaitModifyTraceSettingResponse
                0x00000000        0x0 /local/cruisecontrol/SYSTEM_BIN/views/MANIFESTS.upc.master/FUSIONOS_10/BLD_UPCH_SAMVGW_INTELGRV_LNUX_02/platform_cfg/linux/compiler/i686_gcc_x86_linux_01/root/usr/lib/crt1.o
 .rel.text.DIAGCTL_LOG_SendStateRequest
                0x00000000        0x0 /local/cruisecontrol/SYSTEM_BIN/views/MANIFESTS.upc.master/FUSIONOS_10/BLD_UPCH_SAMVGW_INTELGRV_LNUX_02/platform_cfg/linux/compiler/i686_gcc_x86_linux_01/root/usr/lib/crt1.o
 .rel.text.DIAGCTL_LOG_WaitStateResponse
                0x00000000        0x0 /local/cruisecontrol/SYSTEM_BIN/views/MANIFESTS.upc.master/FUSIONOS_10/BLD_UPCH_SAMVGW_INTELGRV_LNUX_02/platform_cfg/linux/compiler/i686_gcc_x86_linux_01/root/usr/lib/crt1.o
 .rel.text.DIAGCTL_LOG_SendObtainTraceSettingRequest
                0x00000000        0x0 /local/cruisecontrol/SYSTEM_BIN/views/MANIFESTS.upc.master/FUSIONOS_10/BLD_UPCH_SAMVGW_INTELGRV_LNUX_02/platform_cfg/linux/compiler/i686_gcc_x86_linux_01/root/usr/lib/crt1.o
 .rel.text.DIAGCTL_LOG_WaitObtainTraceSettingResponse
                0x00000000        0x0 /local/cruisecontrol/SYSTEM_BIN/views/MANIFESTS.upc.master/FUSIONOS_10/BLD_UPCH_SAMVGW_INTELGRV_LNUX_02/platform_cfg/linux/compiler/i686_gcc_x86_linux_01/root/usr/lib/crt1.o
 .rel.text.DIAGCTL_LOG_SendLogRequest
                0x00000000        0x0 /local/cruisecontrol/SYSTEM_BIN/views/MANIFESTS.upc.master/FUSIONOS_10/BLD_UPCH_SAMVGW_INTELGRV_LNUX_02/platform_cfg/linux/compiler/i686_gcc_x86_linux_01/root/usr/lib/crt1.o
 .rel.text.DIAGCTL_LOG_WaitLogResponse
                0x00000000        0x0 /local/cruisecontrol/SYSTEM_BIN/views/MANIFESTS.upc.master/FUSIONOS_10/BLD_UPCH_SAMVGW_INTELGRV_LNUX_02/platform_cfg/linux/compiler/i686_gcc_x86_linux_01/root/usr/lib/crt1.o
 .rel.text.DIAGCTL_LOG_SendTerminateRequest
                0x00000000        0x0 /local/cruisecontrol/SYSTEM_BIN/views/MANIFESTS.upc.master/FUSIONOS_10/BLD_UPCH_SAMVGW_INTELGRV_LNUX_02/platform_cfg/linux/compiler/i686_gcc_x86_linux_01/root/usr/lib/crt1.o
 .rel.text.DIAGCTL_LOG_WaitTerminateResponse
                0x00000000        0x0 /local/cruisecontrol/SYSTEM_BIN/views/MANIFESTS.upc.master/FUSIONOS_10/BLD_UPCH_SAMVGW_INTELGRV_LNUX_02/platform_cfg/linux/compiler/i686_gcc_x86_linux_01/root/usr/lib/crt1.o
 .rel.text.DIAGCTL_LOG_TerminateCommunicationChannel
                0x00000000        0x0 /local/cruisecontrol/SYSTEM_BIN/views/MANIFESTS.upc.master/FUSIONOS_10/BLD_UPCH_SAMVGW_INTELGRV_LNUX_02/platform_cfg/linux/compiler/i686_gcc_x86_linux_01/root/usr/lib/crt1.o
 .rel.text.getpipebyfd
                0x00000000        0x0 /local/cruisecontrol/SYSTEM_BIN/views/MANIFESTS.upc.master/FUSIONOS_10/BLD_UPCH_SAMVGW_INTELGRV_LNUX_02/platform_cfg/linux/compiler/i686_gcc_x86_linux_01/root/usr/lib/crt1.o
 .rel.text.lock_pub
                0x00000000        0x0 /local/cruisecontrol/SYSTEM_BIN/views/MANIFESTS.upc.master/FUSIONOS_10/BLD_UPCH_SAMVGW_INTELGRV_LNUX_02/platform_cfg/linux/compiler/i686_gcc_x86_linux_01/root/usr/lib/crt1.o
 .rel.text.unlock_pub
                0x00000000        0x0 /local/cruisecontrol/SYSTEM_BIN/views/MANIFESTS.upc.master/FUSIONOS_10/BLD_UPCH_SAMVGW_INTELGRV_LNUX_02/platform_cfg/linux/compiler/i686_gcc_x86_linux_01/root/usr/lib/crt1.o
 .rel.text.lock_priv
                0x00000000        0x0 /local/cruisecontrol/SYSTEM_BIN/views/MANIFESTS.upc.master/FUSIONOS_10/BLD_UPCH_SAMVGW_INTELGRV_LNUX_02/platform_cfg/linux/compiler/i686_gcc_x86_linux_01/root/usr/lib/crt1.o
 .rel.text.unlock_priv
                0x00000000        0x0 /local/cruisecontrol/SYSTEM_BIN/views/MANIFESTS.upc.master/FUSIONOS_10/BLD_UPCH_SAMVGW_INTELGRV_LNUX_02/platform_cfg/linux/compiler/i686_gcc_x86_linux_01/root/usr/lib/crt1.o
 .rel.text.getpipebyname
                0x00000000        0x0 /local/cruisecontrol/SYSTEM_BIN/views/MANIFESTS.upc.master/FUSIONOS_10/BLD_UPCH_SAMVGW_INTELGRV_LNUX_02/platform_cfg/linux/compiler/i686_gcc_x86_linux_01/root/usr/lib/crt1.o
 .rel.text.DIAG_MhwMqpMng_RootInit
                0x00000000        0x0 /local/cruisecontrol/SYSTEM_BIN/views/MANIFESTS.upc.master/FUSIONOS_10/BLD_UPCH_SAMVGW_INTELGRV_LNUX_02/platform_cfg/linux/compiler/i686_gcc_x86_linux_01/root/usr/lib/crt1.o
 .rel.text.DIAG_MhwMqpMng_Init
                0x00000000        0x0 /local/cruisecontrol/SYSTEM_BIN/views/MANIFESTS.upc.master/FUSIONOS_10/BLD_UPCH_SAMVGW_INTELGRV_LNUX_02/platform_cfg/linux/compiler/i686_gcc_x86_linux_01/root/usr/lib/crt1.o
 .rel.text.DIAG_MhwMqpMng_OpenPipe
                0x00000000        0x0 /local/cruisecontrol/SYSTEM_BIN/views/MANIFESTS.upc.master/FUSIONOS_10/BLD_UPCH_SAMVGW_INTELGRV_LNUX_02/platform_cfg/linux/compiler/i686_gcc_x86_linux_01/root/usr/lib/crt1.o
 .rel.text.DIAG_MhwMqpMng_ClosePipe
                0x00000000        0x0 /local/cruisecontrol/SYSTEM_BIN/views/MANIFESTS.upc.master/FUSIONOS_10/BLD_UPCH_SAMVGW_INTELGRV_LNUX_02/platform_cfg/linux/compiler/i686_gcc_x86_linux_01/root/usr/lib/crt1.o
 .rel.text.DIAG_MhwMqpMng_GetName
                0x00000000        0x0 /local/cruisecontrol/SYSTEM_BIN/views/MANIFESTS.upc.master/FUSIONOS_10/BLD_UPCH_SAMVGW_INTELGRV_LNUX_02/platform_cfg/linux/compiler/i686_gcc_x86_linux_01/root/usr/lib/crt1.o
 .rel.text.DIAG_MhwMqpMng_GetPipeByName
                0x00000000        0x0 /local/cruisecontrol/SYSTEM_BIN/views/MANIFESTS.upc.master/FUSIONOS_10/BLD_UPCH_SAMVGW_INTELGRV_LNUX_02/platform_cfg/linux/compiler/i686_gcc_x86_linux_01/root/usr/lib/crt1.o
 .rel.text.DIAG_MhwMqpMng_GetPipeByFd
                0x00000000        0x0 /local/cruisecontrol/SYSTEM_BIN/views/MANIFESTS.upc.master/FUSIONOS_10/BLD_UPCH_SAMVGW_INTELGRV_LNUX_02/platform_cfg/linux/compiler/i686_gcc_x86_linux_01/root/usr/lib/crt1.o
 .rel.text.DIAG_MhwMqpMng_IsIntra
                0x00000000        0x0 /local/cruisecontrol/SYSTEM_BIN/views/MANIFESTS.upc.master/FUSIONOS_10/BLD_UPCH_SAMVGW_INTELGRV_LNUX_02/platform_cfg/linux/compiler/i686_gcc_x86_linux_01/root/usr/lib/crt1.o
 .rel.text.DIAG_MhwMqpMng_GetWriteFd
                0x00000000        0x0 /local/cruisecontrol/SYSTEM_BIN/views/MANIFESTS.upc.master/FUSIONOS_10/BLD_UPCH_SAMVGW_INTELGRV_LNUX_02/platform_cfg/linux/compiler/i686_gcc_x86_linux_01/root/usr/lib/crt1.o
 .rel.text.DIAG_MhwMqpMng_GetVersionFromId
                0x00000000        0x0 /local/cruisecontrol/SYSTEM_BIN/views/MANIFESTS.upc.master/FUSIONOS_10/BLD_UPCH_SAMVGW_INTELGRV_LNUX_02/platform_cfg/linux/compiler/i686_gcc_x86_linux_01/root/usr/lib/crt1.o
 .rel.text.DIAG_MhwMqpMng_Term
                0x00000000        0x0 /local/cruisecontrol/SYSTEM_BIN/views/MANIFESTS.upc.master/FUSIONOS_10/BLD_UPCH_SAMVGW_INTELGRV_LNUX_02/platform_cfg/linux/compiler/i686_gcc_x86_linux_01/root/usr/lib/crt1.o
 .rel.text.DIAG_MhwMqpMng_RootTerm
                0x00000000        0x0 /local/cruisecontrol/SYSTEM_BIN/views/MANIFESTS.upc.master/FUSIONOS_10/BLD_UPCH_SAMVGW_INTELGRV_LNUX_02/platform_cfg/linux/compiler/i686_gcc_x86_linux_01/root/usr/lib/crt1.o
 .rel.text.mw_starter_main
                0x00000000        0x0 /local/cruisecontrol/SYSTEM_BIN/views/MANIFESTS.upc.master/FUSIONOS_10/BLD_UPCH_SAMVGW_INTELGRV_LNUX_02/platform_cfg/linux/compiler/i686_gcc_x86_linux_01/root/usr/lib/crt1.o
 .rel.text.xint64_t_high
                0x00000000        0x0 /local/cruisecontrol/SYSTEM_BIN/views/MANIFESTS.upc.master/FUSIONOS_10/BLD_UPCH_SAMVGW_INTELGRV_LNUX_02/platform_cfg/linux/compiler/i686_gcc_x86_linux_01/root/usr/lib/crt1.o
 .rel.text.xint64_t_low
                0x00000000        0x0 /local/cruisecontrol/SYSTEM_BIN/views/MANIFESTS.upc.master/FUSIONOS_10/BLD_UPCH_SAMVGW_INTELGRV_LNUX_02/platform_cfg/linux/compiler/i686_gcc_x86_linux_01/root/usr/lib/crt1.o
 .rel.text.i32_to_xint64_t
                0x00000000        0x0 /local/cruisecontrol/SYSTEM_BIN/views/MANIFESTS.upc.master/FUSIONOS_10/BLD_UPCH_SAMVGW_INTELGRV_LNUX_02/platform_cfg/linux/compiler/i686_gcc_x86_linux_01/root/usr/lib/crt1.o
 .rel.text.xint64_t_add
                0x00000000        0x0 /local/cruisecontrol/SYSTEM_BIN/views/MANIFESTS.upc.master/FUSIONOS_10/BLD_UPCH_SAMVGW_INTELGRV_LNUX_02/platform_cfg/linux/compiler/i686_gcc_x86_linux_01/root/usr/lib/crt1.o
 .rel.text.xint64_t_sub
                0x00000000        0x0 /local/cruisecontrol/SYSTEM_BIN/views/MANIFESTS.upc.master/FUSIONOS_10/BLD_UPCH_SAMVGW_INTELGRV_LNUX_02/platform_cfg/linux/compiler/i686_gcc_x86_linux_01/root/usr/lib/crt1.o
 .rel.text.xint64_t_mult
                0x00000000        0x0 /local/cruisecontrol/SYSTEM_BIN/views/MANIFESTS.upc.master/FUSIONOS_10/BLD_UPCH_SAMVGW_INTELGRV_LNUX_02/platform_cfg/linux/compiler/i686_gcc_x86_linux_01/root/usr/lib/crt1.o
 .rel.text.xint64_t_div
                0x00000000        0x0 /local/cruisecontrol/SYSTEM_BIN/views/MANIFESTS.upc.master/FUSIONOS_10/BLD_UPCH_SAMVGW_INTELGRV_LNUX_02/platform_cfg/linux/compiler/i686_gcc_x86_linux_01/root/usr/lib/crt1.o
 .rel.text.xint64_t_cmp
                0x00000000        0x0 /local/cruisecontrol/SYSTEM_BIN/views/MANIFESTS.upc.master/FUSIONOS_10/BLD_UPCH_SAMVGW_INTELGRV_LNUX_02/platform_cfg/linux/compiler/i686_gcc_x86_linux_01/root/usr/lib/crt1.o
 .rel.text.xuint64_t_high
                0x00000000        0x0 /local/cruisecontrol/SYSTEM_BIN/views/MANIFESTS.upc.master/FUSIONOS_10/BLD_UPCH_SAMVGW_INTELGRV_LNUX_02/platform_cfg/linux/compiler/i686_gcc_x86_linux_01/root/usr/lib/crt1.o
 .rel.text.xuint64_t_low
                0x00000000        0x0 /local/cruisecontrol/SYSTEM_BIN/views/MANIFESTS.upc.master/FUSIONOS_10/BLD_UPCH_SAMVGW_INTELGRV_LNUX_02/platform_cfg/linux/compiler/i686_gcc_x86_linux_01/root/usr/lib/crt1.o
 .rel.text.u32_to_xuint64_t
                0x00000000        0x0 /local/cruisecontrol/SYSTEM_BIN/views/MANIFESTS.upc.master/FUSIONOS_10/BLD_UPCH_SAMVGW_INTELGRV_LNUX_02/platform_cfg/linux/compiler/i686_gcc_x86_linux_01/root/usr/lib/crt1.o
 .rel.text.xuint64_t_add
                0x00000000        0x0 /local/cruisecontrol/SYSTEM_BIN/views/MANIFESTS.upc.master/FUSIONOS_10/BLD_UPCH_SAMVGW_INTELGRV_LNUX_02/platform_cfg/linux/compiler/i686_gcc_x86_linux_01/root/usr/lib/crt1.o
 .rel.text.xuint64_t_sub
                0x00000000        0x0 /local/cruisecontrol/SYSTEM_BIN/views/MANIFESTS.upc.master/FUSIONOS_10/BLD_UPCH_SAMVGW_INTELGRV_LNUX_02/platform_cfg/linux/compiler/i686_gcc_x86_linux_01/root/usr/lib/crt1.o
 .rel.text.xuint64_t_mult
                0x00000000        0x0 /local/cruisecontrol/SYSTEM_BIN/views/MANIFESTS.upc.master/FUSIONOS_10/BLD_UPCH_SAMVGW_INTELGRV_LNUX_02/platform_cfg/linux/compiler/i686_gcc_x86_linux_01/root/usr/lib/crt1.o
 .rel.text.xuint64_t_div
                0x00000000        0x0 /local/cruisecontrol/SYSTEM_BIN/views/MANIFESTS.upc.master/FUSIONOS_10/BLD_UPCH_SAMVGW_INTELGRV_LNUX_02/platform_cfg/linux/compiler/i686_gcc_x86_linux_01/root/usr/lib/crt1.o
 .rel.text.xuint64_t_cmp
                0x00000000        0x0 /local/cruisecontrol/SYSTEM_BIN/views/MANIFESTS.upc.master/FUSIONOS_10/BLD_UPCH_SAMVGW_INTELGRV_LNUX_02/platform_cfg/linux/compiler/i686_gcc_x86_linux_01/root/usr/lib/crt1.o
 .rel.text.SYSTEMUTIL_RBTREE_P_RotateLeft
                0x00000000        0x0 /local/cruisecontrol/SYSTEM_BIN/views/MANIFESTS.upc.master/FUSIONOS_10/BLD_UPCH_SAMVGW_INTELGRV_LNUX_02/platform_cfg/linux/compiler/i686_gcc_x86_linux_01/root/usr/lib/crt1.o
 .rel.text.SYSTEMUTIL_RBTREE_P_RotateRight
                0x00000000        0x0 /local/cruisecontrol/SYSTEM_BIN/views/MANIFESTS.upc.master/FUSIONOS_10/BLD_UPCH_SAMVGW_INTELGRV_LNUX_02/platform_cfg/linux/compiler/i686_gcc_x86_linux_01/root/usr/lib/crt1.o
 .rel.text.SYSTEMUTIL_RBTREE_P_VerifyHasNode
                0x00000000        0x0 /local/cruisecontrol/SYSTEM_BIN/views/MANIFESTS.upc.master/FUSIONOS_10/BLD_UPCH_SAMVGW_INTELGRV_LNUX_02/platform_cfg/linux/compiler/i686_gcc_x86_linux_01/root/usr/lib/crt1.o
 .rel.text.SYSTEMUTIL_RBTREE_P_First
                0x00000000        0x0 /local/cruisecontrol/SYSTEM_BIN/views/MANIFESTS.upc.master/FUSIONOS_10/BLD_UPCH_SAMVGW_INTELGRV_LNUX_02/platform_cfg/linux/compiler/i686_gcc_x86_linux_01/root/usr/lib/crt1.o
 .rel.text.SYSTEMUTIL_RBTREE_P_Next
                0x00000000        0x0 /local/cruisecontrol/SYSTEM_BIN/views/MANIFESTS.upc.master/FUSIONOS_10/BLD_UPCH_SAMVGW_INTELGRV_LNUX_02/platform_cfg/linux/compiler/i686_gcc_x86_linux_01/root/usr/lib/crt1.o
 .rel.text.SYSTEMUTIL_RBTREE_P_Remove
                0x00000000        0x0 /local/cruisecontrol/SYSTEM_BIN/views/MANIFESTS.upc.master/FUSIONOS_10/BLD_UPCH_SAMVGW_INTELGRV_LNUX_02/platform_cfg/linux/compiler/i686_gcc_x86_linux_01/root/usr/lib/crt1.o
 .rel.text.SYSTEMUTIL_RBTREE_Init
                0x00000000        0x0 /local/cruisecontrol/SYSTEM_BIN/views/MANIFESTS.upc.master/FUSIONOS_10/BLD_UPCH_SAMVGW_INTELGRV_LNUX_02/platform_cfg/linux/compiler/i686_gcc_x86_linux_01/root/usr/lib/crt1.o
 .rel.text.SYSTEMUTIL_RBTREE_Term
                0x00000000        0x0 /local/cruisecontrol/SYSTEM_BIN/views/MANIFESTS.upc.master/FUSIONOS_10/BLD_UPCH_SAMVGW_INTELGRV_LNUX_02/platform_cfg/linux/compiler/i686_gcc_x86_linux_01/root/usr/lib/crt1.o
 .rel.text.SYSTEMUTIL_RBTREE_Create
                0x00000000        0x0 /local/cruisecontrol/SYSTEM_BIN/views/MANIFESTS.upc.master/FUSIONOS_10/BLD_UPCH_SAMVGW_INTELGRV_LNUX_02/platform_cfg/linux/compiler/i686_gcc_x86_linux_01/root/usr/lib/crt1.o
 .rel.text.SYSTEMUTIL_RBTREE_RemoveAndDestroyNodes
                0x00000000        0x0 /local/cruisecontrol/SYSTEM_BIN/views/MANIFESTS.upc.master/FUSIONOS_10/BLD_UPCH_SAMVGW_INTELGRV_LNUX_02/platform_cfg/linux/compiler/i686_gcc_x86_linux_01/root/usr/lib/crt1.o
 .rel.text.SYSTEMUTIL_RBTREE_IsSimilar
                0x00000000        0x0 /local/cruisecontrol/SYSTEM_BIN/views/MANIFESTS.upc.master/FUSIONOS_10/BLD_UPCH_SAMVGW_INTELGRV_LNUX_02/platform_cfg/linux/compiler/i686_gcc_x86_linux_01/root/usr/lib/crt1.o
 .rel.text.SYSTEMUTIL_RBTREE_Lookup