Archive member included because of file (symbol)

/local/cruisecontrol/SYSTEM_BIN/views/MANIFESTS.upc.master/FUSIONOS_10/BLD_UPCH_SAMVGW_INTELGRV_LNUX_02/platform_cfg/linux/compiler/i686_gcc_x86_linux_01/root/usr/lib/libc_nonshared.a(elf-init.oS)
                              /local/cruisecontrol/SYSTEM_BIN/views/MANIFESTS.upc.master/FUSIONOS_10/BLD_UPCH_SAMVGW_INTELGRV_LNUX_02/platform_cfg/linux/compiler/i686_gcc_x86_linux_01/root/usr/lib/crt1.o (__libc_csu_init)

Discarded input sections

 .note.ABI-tag  0x00000000       0x20 /local/cruisecontrol/SYSTEM_BIN/views/MANIFESTS.upc.master/FUSIONOS_10/BLD_UPCH_SAMVGW_INTELGRV_LNUX_02/platform_cfg/linux/compiler/i686_gcc_x86_linux_01/root/usr/lib/crt1.o
 .rodata        0x00000000        0x4 /local/cruisecontrol/SYSTEM_BIN/views/MANIFESTS.upc.master/FUSIONOS_10/BLD_UPCH_SAMVGW_INTELGRV_LNUX_02/platform_cfg/linux/compiler/i686_gcc_x86_linux_01/root/usr/lib/crt1.o
 .data          0x00000000        0x4 /local/cruisecontrol/SYSTEM_BIN/views/MANIFESTS.upc.master/FUSIONOS_10/BLD_UPCH_SAMVGW_INTELGRV_LNUX_02/platform_cfg/linux/compiler/i686_gcc_x86_linux_01/root/usr/lib/crt1.o
 .bss           0x00000000        0x0 /local/cruisecontrol/SYSTEM_BIN/views/MANIFESTS.upc.master/FUSIONOS_10/BLD_UPCH_SAMVGW_INTELGRV_LNUX_02/platform_cfg/linux/compiler/i686_gcc_x86_linux_01/root/usr/lib/crt1.o
 .note.GNU-stack
                0x00000000        0x0 /local/cruisecontrol/SYSTEM_BIN/views/MANIFESTS.upc.master/FUSIONOS_10/BLD_UPCH_SAMVGW_INTELGRV_LNUX_02/platform_cfg/linux/compiler/i686_gcc_x86_linux_01/root/usr/lib/crt1.o
 .text          0x00000000        0x0 /local/cruisecontrol/SYSTEM_BIN/views/MANIFESTS.upc.master/FUSIONOS_10/BLD_UPCH_SAMVGW_INTELGRV_LNUX_02/platform_cfg/linux/compiler/i686_gcc_x86_linux_01/root/usr/lib/crti.o
 .data          0x00000000        0x0 /local/cruisecontrol/SYSTEM_BIN/views/MANIFESTS.upc.master/FUSIONOS_10/BLD_UPCH_SAMVGW_INTELGRV_LNUX_02/platform_cfg/linux/compiler/i686_gcc_x86_linux_01/root/usr/lib/crti.o
 .bss           0x00000000        0x0 /local/cruisecontrol/SYSTEM_BIN/views/MANIFESTS.upc.master/FUSIONOS_10/BLD_UPCH_SAMVGW_INTELGRV_LNUX_02/platform_cfg/linux/compiler/i686_gcc_x86_linux_01/root/usr/lib/crti.o
 .note.GNU-stack
                0x00000000        0x0 /local/cruisecontrol/SYSTEM_BIN/views/MANIFESTS.upc.master/FUSIONOS_10/BLD_UPCH_SAMVGW_INTELGRV_LNUX_02/platform_cfg/linux/compiler/i686_gcc_x86_linux_01/root/usr/lib/crti.o
 .data          0x00000000        0x4 /local/cruisecontrol/SYSTEM_BIN/views/MANIFESTS.upc.master/SYSTEM_BIN_2/i686_gcc_x86_linux_01/root/bin/../lib/gcc/i686-cm-linux/4.5.1/crtbegin.o
 .note.GNU-stack
                0x00000000        0x0 /local/cruisecontrol/SYSTEM_BIN/views/MANIFESTS.upc.master/SYSTEM_BIN_2/i686_gcc_x86_linux_01/root/bin/../lib/gcc/i686-cm-linux/4.5.1/crtbegin.o
 .text          0x00000000        0x0 /local/cruisecontrol/SYSTEM_BIN/w_drive/824550273/UPCH_SAMVGW_INTELGRV_LNUX_02/LittleEndian/release_dbg/components/../../processes/FusionConfigExport.o
 .data          0x00000000        0x0 /local/cruisecontrol/SYSTEM_BIN/w_drive/824550273/UPCH_SAMVGW_INTELGRV_LNUX_02/LittleEndian/release_dbg/components/../../processes/FusionConfigExport.o
 .bss           0x00000000        0x0 /local/cruisecontrol/SYSTEM_BIN/w_drive/824550273/UPCH_SAMVGW_INTELGRV_LNUX_02/LittleEndian/release_dbg/components/../../processes/FusionConfigExport.o
 .note.GNU-stack
                0x00000000        0x0 /local/cruisecontrol/SYSTEM_BIN/w_drive/824550273/UPCH_SAMVGW_INTELGRV_LNUX_02/LittleEndian/release_dbg/components/../../processes/FusionConfigExport.o
 .text          0x00000000        0x0 /local/cruisecontrol/SYSTEM_BIN/w_drive/824550273/UPCH_SAMVGW_INTELGRV_LNUX_02/LittleEndian/release_dbg/components/../../processes/../FusionConfigCommon/FusionConfigCommon.o
 .data          0x00000000        0x0 /local/cruisecontrol/SYSTEM_BIN/w_drive/824550273/UPCH_SAMVGW_INTELGRV_LNUX_02/LittleEndian/release_dbg/components/../../processes/../FusionConfigCommon/FusionConfigCommon.o
 .bss           0x00000000        0x0 /local/cruisecontrol/SYSTEM_BIN/w_drive/824550273/UPCH_SAMVGW_INTELGRV_LNUX_02/LittleEndian/release_dbg/components/../../processes/../FusionConfigCommon/FusionConfigCommon.o
 .text.get_32_for_byte_array
                0x00000000       0x46 /local/cruisecontrol/SYSTEM_BIN/w_drive/824550273/UPCH_SAMVGW_INTELGRV_LNUX_02/LittleEndian/release_dbg/components/../../processes/../FusionConfigCommon/FusionConfigCommon.o
 .text.get_byte_array_for_16
                0x00000000       0x48 /local/cruisecontrol/SYSTEM_BIN/w_drive/824550273/UPCH_SAMVGW_INTELGRV_LNUX_02/LittleEndian/release_dbg/components/../../processes/../FusionConfigCommon/FusionConfigCommon.o
 .text.get_byte_array_for_32
                0x00000000       0x55 /local/cruisecontrol/SYSTEM_BIN/w_drive/824550273/UPCH_SAMVGW_INTELGRV_LNUX_02/LittleEndian/release_dbg/components/../../processes/../FusionConfigCommon/FusionConfigCommon.o
 .text.get_string_from_int
[...]
Memory Configuration

Name             Origin             Length             Attributes
*default*        0x00000000         0xffffffff

Linker script and memory map

LOAD /local/cruisecontrol/SYSTEM_BIN/views/MANIFESTS.upc.master/FUSIONOS_10/BLD_UPCH_SAMVGW_INTELGRV_LNUX_02/platform_cfg/linux/compiler/i686_gcc_x86_linux_01/root/usr/lib/crt1.o
LOAD /local/cruisecontrol/SYSTEM_BIN/views/MANIFESTS.upc.master/FUSIONOS_10/BLD_UPCH_SAMVGW_INTELGRV_LNUX_02/platform_cfg/linux/compiler/i686_gcc_x86_linux_01/root/usr/lib/crti.o
LOAD /local/cruisecontrol/SYSTEM_BIN/views/MANIFESTS.upc.master/SYSTEM_BIN_2/i686_gcc_x86_linux_01/root/bin/../lib/gcc/i686-cm-linux/4.5.1/crtbegin.o
START GROUP
LOAD /local/cruisecontrol/SYSTEM_BIN/w_drive/824550273/UPCH_SAMVGW_INTELGRV_LNUX_02/LittleEndian/release_dbg/components/../../processes/FusionConfigExport.o
LOAD /local/cruisecontrol/SYSTEM_BIN/w_drive/824550273/UPCH_SAMVGW_INTELGRV_LNUX_02/LittleEndian/release_dbg/components/../../processes/../FusionConfigCommon/FusionConfigCommon.o
LOAD /local/cruisecontrol/SYSTEM_BIN/w_drive/824550273/UPCH_SAMVGW_INTELGRV_LNUX_02/LittleEndian/release_dbg/components/../../processes/../FusionConfigCommon/FusionConfigLink.o
LOAD /local/cruisecontrol/SYSTEM_BIN/w_drive/824550273/UPCH_SAMVGW_INTELGRV_LNUX_02/LittleEndian/release_dbg/components/../../processes/../FusionConfigCommon/FusionConfigParseXml.o
LOAD /local/cruisecontrol/SYSTEM_BIN/w_drive/824550273/UPCH_SAMVGW_INTELGRV_LNUX_02/LittleEndian/release_dbg/components/../../processes/../FusionConfigCommon/expat_2.0.1/lib/xmlparse.o
LOAD /local/cruisecontrol/SYSTEM_BIN/w_drive/824550273/UPCH_SAMVGW_INTELGRV_LNUX_02/LittleEndian/release_dbg/components/../../processes/../FusionConfigCommon/expat_2.0.1/lib/xmltok.o
LOAD /local/cruisecontrol/SYSTEM_BIN/w_drive/824550273/UPCH_SAMVGW_INTELGRV_LNUX_02/LittleEndian/release_dbg/components/../../processes/../FusionConfigCommon/expat_2.0.1/lib/xmlrole.o
LOAD /local/cruisecontrol/SYSTEM_BIN/views/MANIFESTS.upc.master/FUSIONOS_10/BLD_UPCH_SAMVGW_INTELGRV_LNUX_02/platform_cfg/linux/compiler/i686_gcc_x86_linux_01/root/usr/lib/libm.so
LOAD /local/cruisecontrol/SYSTEM_BIN/views/MANIFESTS.upc.master/FUSIONOS_10/BLD_UPCH_SAMVGW_INTELGRV_LNUX_02/platform_cfg/linux/compiler/i686_gcc_x86_linux_01/root/usr/lib/libpthread.so
START GROUP
LOAD /local/cruisecontrol/SYSTEM_BIN/views/MANIFESTS.upc.master/FUSIONOS_10/BLD_UPCH_SAMVGW_INTELGRV_LNUX_02/platform_cfg/linux/compiler/i686_gcc_x86_linux_01/root/lib/libpthread.so.0
LOAD /local/cruisecontrol/SYSTEM_BIN/views/MANIFESTS.upc.master/FUSIONOS_10/BLD_UPCH_SAMVGW_INTELGRV_LNUX_02/platform_cfg/linux/compiler/i686_gcc_x86_linux_01/root/usr/lib/libpthread_nonshared.a
END GROUP
START GROUP
LOAD /local/cruisecontrol/SYSTEM_BIN/views/MANIFESTS.upc.master/FUSIONOS_10/BLD_UPCH_SAMVGW_INTELGRV_LNUX_02/platform_cfg/linux/compiler/i686_gcc_x86_linux_01/root/lib/libpthread.so.0
LOAD /local/cruisecontrol/SYSTEM_BIN/views/MANIFESTS.upc.master/FUSIONOS_10/BLD_UPCH_SAMVGW_INTELGRV_LNUX_02/platform_cfg/linux/compiler/i686_gcc_x86_linux_01/root/usr/lib/libpthread_nonshared.a
END GROUP
LOAD /local/cruisecontrol/SYSTEM_BIN/views/MANIFESTS.upc.master/FUSIONOS_10/BLD_UPCH_SAMVGW_INTELGRV_LNUX_02/platform_cfg/linux/compiler/i686_gcc_x86_linux_01/root/usr/lib/libdl.so
LOAD /local/cruisecontrol/SYSTEM_BIN/views/MANIFESTS.upc.master/FUSIONOS_10/BLD_UPCH_SAMVGW_INTELGRV_LNUX_02/platform_cfg/linux/compiler/i686_gcc_x86_linux_01/root/usr/lib/librt.so
LOAD /local/cruisecontrol/SYSTEM_BIN/views/MANIFESTS.upc.master/FUSIONOS_10/BLD_UPCH_SAMVGW_INTELGRV_LNUX_02/platform_cfg/linux/compiler/i686_gcc_x86_linux_01/root/i686-cm-linux/lib/libstdc++.a
END GROUP
LOAD /local/cruisecontrol/SYSTEM_BIN/views/MANIFESTS.upc.master/SYSTEM_BIN_2/i686_gcc_x86_linux_01/root/bin/../lib/gcc/i686-cm-linux/4.5.1/libgcc.a
LOAD /local/cruisecontrol/SYSTEM_BIN/views/MANIFESTS.upc.master/SYSTEM_BIN_2/i686_gcc_x86_linux_01/root/bin/../lib/gcc/i686-cm-linux/4.5.1/../../../../i686-cm-linux/lib/libgcc_s.so
LOAD /local/cruisecontrol/SYSTEM_BIN/views/MANIFESTS.upc.master/FUSIONOS_10/BLD_UPCH_SAMVGW_INTELGRV_LNUX_02/platform_cfg/linux/compiler/i686_gcc_x86_linux_01/root/usr/lib/libc.so
START GROUP
LOAD /local/cruisecontrol/SYSTEM_BIN/views/MANIFESTS.upc.master/FUSIONOS_10/BLD_UPCH_SAMVGW_INTELGRV_LNUX_02/platform_cfg/linux/compiler/i686_gcc_x86_linux_01/root/lib/libc.so.6
LOAD /local/cruisecontrol/SYSTEM_BIN/views/MANIFESTS.upc.master/FUSIONOS_10/BLD_UPCH_SAMVGW_INTELGRV_LNUX_02/platform_cfg/linux/compiler/i686_gcc_x86_linux_01/root/usr/lib/libc_nonshared.a
LOAD /local/cruisecontrol/SYSTEM_BIN/views/MANIFESTS.upc.master/FUSIONOS_10/BLD_UPCH_SAMVGW_INTELGRV_LNUX_02/platform_cfg/linux/compiler/i686_gcc_x86_linux_01/root/lib/ld-linux.so.2
END GROUP
LOAD /local/cruisecontrol/SYSTEM_BIN/views/MANIFESTS.upc.master/SYSTEM_BIN_2/i686_gcc_x86_linux_01/root/bin/../lib/gcc/i686-cm-linux/4.5.1/libgcc.a
LOAD /local/cruisecontrol/SYSTEM_BIN/views/MANIFESTS.upc.master/SYSTEM_BIN_2/i686_gcc_x86_linux_01/root/bin/../lib/gcc/i686-cm-linux/4.5.1/../../../../i686-cm-linux/lib/libgcc_s.so
LOAD /local/cruisecontrol/SYSTEM_BIN/views/MANIFESTS.upc.master/SYSTEM_BIN_2/i686_gcc_x86_linux_01/root/bin/../lib/gcc/i686-cm-linux/4.5.1/crtend.o
LOAD /local/cruisecontrol/SYSTEM_BIN/views/MANIFESTS.upc.master/FUSIONOS_10/BLD_UPCH_SAMVGW_INTELGRV_LNUX_02/platform_cfg/linux/compiler/i686_gcc_x86_linux_01/root/usr/lib/crtn.o
                0x08048000                PROVIDE (__executable_start, 0x8048000)
                0x080480f4                . = (0x8048000 + SIZEOF_HEADERS)

.interp         0x080480f4       0x13
 *(.interp)
 .interp        0x080480f4       0x13 /local/cruisecontrol/SYSTEM_BIN/views/MANIFESTS.upc.master/FUSIONOS_10/BLD_UPCH_SAMVGW_INTELGRV_LNUX_02/platform_cfg/linux/compiler/i686_gcc_x86_linux_01/root/usr/lib/crt1.o

.note.gnu.build-id
 *(.note.gnu.build-id)

.hash           0x08048108       0xd0
 *(.hash)
 .hash          0x08048108       0xd0 /local/cruisecontrol/SYSTEM_BIN/views/MANIFESTS.upc.master/FUSIONOS_10/BLD_UPCH_SAMVGW_INTELGRV_LNUX_02/platform_cfg/linux/compiler/i686_gcc_x86_linux_01/root/usr/lib/crt1.o

.gnu.hash
 *(.gnu.hash)

.dynsym         0x080481d8      0x210
 *(.dynsym)
 .dynsym        0x080481d8      0x210 /local/cruisecontrol/SYSTEM_BIN/views/MANIFESTS.upc.master/FUSIONOS_10/BLD_UPCH_SAMVGW_INTELGRV_LNUX_02/platform_cfg/linux/compiler/i686_gcc_x86_linux_01/root/usr/lib/crt1.o

.dynstr         0x080483e8      0x1cd
 *(.dynstr)
 .dynstr        0x080483e8      0x1cd /local/cruisecontrol/SYSTEM_BIN/views/MANIFESTS.upc.master/FUSIONOS_10/BLD_UPCH_SAMVGW_INTELGRV_LNUX_02/platform_cfg/linux/compiler/i686_gcc_x86_linux_01/root/usr/lib/crt1.o

.gnu.version    0x080485b6       0x42
 *(.gnu.version)
 .gnu.version   0x080485b6       0x42 /local/cruisecontrol/SYSTEM_BIN/views/MANIFESTS.upc.master/FUSIONOS_10/BLD_UPCH_SAMVGW_INTELGRV_LNUX_02/platform_cfg/linux/compiler/i686_gcc_x86_linux_01/root/usr/lib/crt1.o

.gnu.version_d  0x080485f8        0x0
 *(.gnu.version_d)
 .gnu.version_d
                0x00000000        0x0 /local/cruisecontrol/SYSTEM_BIN/views/MANIFESTS.upc.master/FUSIONOS_10/BLD_UPCH_SAMVGW_INTELGRV_LNUX_02/platform_cfg/linux/compiler/i686_gcc_x86_linux_01/root/usr/lib/crt1.o

.gnu.version_r  0x080485f8       0x60
 *(.gnu.version_r)
 .gnu.version_r
                0x080485f8       0x60 /local/cruisecontrol/SYSTEM_BIN/views/MANIFESTS.upc.master/FUSIONOS_10/BLD_UPCH_SAMVGW_INTELGRV_LNUX_02/platform_cfg/linux/compiler/i686_gcc_x86_linux_01/root/usr/lib/crt1.o

.rel.dyn        0x08048658       0x10
 *(.rel.init)
 *(.rel.text .rel.text.* .rel.gnu.linkonce.t.*)
 .rel.text      0x00000000        0x0 /local/cruisecontrol/SYSTEM_BIN/views/MANIFESTS.upc.master/FUSIONOS_10/BLD_UPCH_SAMVGW_INTELGRV_LNUX_02/platform_cfg/linux/compiler/i686_gcc_x86_linux_01/root/usr/lib/crt1.o
 .rel.text.error_handler
                0x00000000        0x0 /local/cruisecontrol/SYSTEM_BIN/views/MANIFESTS.upc.master/FUSIONOS_10/BLD_UPCH_SAMVGW_INTELGRV_LNUX_02/platform_cfg/linux/compiler/i686_gcc_x86_linux_01/root/usr/lib/crt1.o
 .rel.text.write_output_files
                0x00000000        0x0 /local/cruisecontrol/SYSTEM_BIN/views/MANIFESTS.upc.master/FUSIONOS_10/BLD_UPCH_SAMVGW_INTELGRV_LNUX_02/platform_cfg/linux/compiler/i686_gcc_x86_linux_01/root/usr/lib/crt1.o
 .rel.text.main
                0x00000000        0x0 /local/cruisecontrol/SYSTEM_BIN/views/MANIFESTS.upc.master/FUSIONOS_10/BLD_UPCH_SAMVGW_INTELGRV_LNUX_02/platform_cfg/linux/compiler/i686_gcc_x86_linux_01/root/usr/lib/crt1.o
 .rel.text.get_32_for_byte_array
                0x00000000        0x0 /local/cruisecontrol/SYSTEM_BIN/views/MANIFESTS.upc.master/FUSIONOS_10/BLD_UPCH_SAMVGW_INTELGRV_LNUX_02/platform_cfg/linux/compiler/i686_gcc_x86_linux_01/root/usr/lib/crt1.o
 .rel.text.get_byte_array_for_16
                0x00000000        0x0 /local/cruisecontrol/SYSTEM_BIN/views/MANIFESTS.upc.master/FUSIONOS_10/BLD_UPCH_SAMVGW_INTELGRV_LNUX_02/platform_cfg/linux/compiler/i686_gcc_x86_linux_01/root/usr/lib/crt1.o
 .rel.text.get_byte_array_for_32
                0x00000000        0x0 /local/cruisecontrol/SYSTEM_BIN/views/MANIFESTS.upc.master/FUSIONOS_10/BLD_UPCH_SAMVGW_INTELGRV_LNUX_02/platform_cfg/linux/compiler/i686_gcc_x86_linux_01/root/usr/lib/crt1.o
 .rel.text.get_string_from_int
                0x00000000        0x0 /local/cruisecontrol/SYSTEM_BIN/views/MANIFESTS.upc.master/FUSIONOS_10/BLD_UPCH_SAMVGW_INTELGRV_LNUX_02/platform_cfg/linux/compiler/i686_gcc_x86_linux_01/root/usr/lib/crt1.o
 .rel.text.get_bytes.clone.1
                0x00000000        0x0 /local/cruisecontrol/SYSTEM_BIN/views/MANIFESTS.upc.master/FUSIONOS_10/BLD_UPCH_SAMVGW_INTELGRV_LNUX_02/platform_cfg/linux/compiler/i686_gcc_x86_linux_01/root/usr/lib/crt1.o
 .rel.text.FUSIONCONFIG_DuplicateString
                0x00000000        0x0 /local/cruisecontrol/SYSTEM_BIN/views/MANIFESTS.upc.master/FUSIONOS_10/BLD_UPCH_SAMVGW_INTELGRV_LNUX_02/platform_cfg/linux/compiler/i686_gcc_x86_linux_01/root/usr/lib/crt1.o
 .rel.text.FUSIONCONFIG_ReadBinaryFileIntoMemory
                0x00000000        0x0 /local/cruisecontrol/SYSTEM_BIN/views/MANIFESTS.upc.master/FUSIONOS_10/BLD_UPCH_SAMVGW_INTELGRV_LNUX_02/platform_cfg/linux/compiler/i686_gcc_x86_linux_01/root/usr/lib/crt1.o
 .rel.text.FUSIONCONFIG_CreateBinary
                0x00000000        0x0 /local/cruisecontrol/SYSTEM_BIN/views/MANIFESTS.upc.master/FUSIONOS_10/BLD_UPCH_SAMVGW_INTELGRV_LNUX_02/platform_cfg/linux/compiler/i686_gcc_x86_linux_01/root/usr/lib/crt1.o
 .rel.text.FUSIONCONFIG_NewMem
                0x00000000        0x0 /local/cruisecontrol/SYSTEM_BIN/views/MANIFESTS.upc.master/FUSIONOS_10/BLD_UPCH_SAMVGW_INTELGRV_LNUX_02/platform_cfg/linux/compiler/i686_gcc_x86_linux_01/root/usr/lib/crt1.o
 .rel.text.FUSIONCONFIG_FindLink
                0x00000000        0x0 /local/cruisecontrol/SYSTEM_BIN/views/MANIFESTS.upc.master/FUSIONOS_10/BLD_UPCH_SAMVGW_INTELGRV_LNUX_02/platform_cfg/linux/compiler/i686_gcc_x86_linux_01/root/usr/lib/crt1.o
 .rel.text.FUSIONCONFIG_InsertLink
                0x00000000        0x0 /local/cruisecontrol/SYSTEM_BIN/views/MANIFESTS.upc.master/FUSIONOS_10/BLD_UPCH_SAMVGW_INTELGRV_LNUX_02/platform_cfg/linux/compiler/i686_gcc_x86_linux_01/root/usr/lib/crt1.o
 .rel.text.FUSIONCONFIG_AppendLink
                0x00000000        0x0 /local/cruisecontrol/SYSTEM_BIN/views/MANIFESTS.upc.master/FUSIONOS_10/BLD_UPCH_SAMVGW_INTELGRV_LNUX_02/platform_cfg/linux/compiler/i686_gcc_x86_linux_01/root/usr/lib/crt1.o
 .rel.text.element_end_cb
                0x00000000        0x0 /local/cruisecontrol/SYSTEM_BIN/views/MANIFESTS.upc.master/FUSIONOS_10/BLD_UPCH_SAMVGW_INTELGRV_LNUX_02/platform_cfg/linux/compiler/i686_gcc_x86_linux_01/root/usr/lib/crt1.o
 .rel.text.get_attribute
                0x00000000        0x0 /local/cruisecontrol/SYSTEM_BIN/views/MANIFESTS.upc.master/FUSIONOS_10/BLD_UPCH_SAMVGW_INTELGRV_LNUX_02/platform_cfg/linux/compiler/i686_gcc_x86_linux_01/root/usr/lib/crt1.o
 .rel.text.FUSIONCONFIG_LoadInputProfiles
                0x00000000        0x0 /local/cruisecontrol/SYSTEM_BIN/views/MANIFESTS.upc.master/FUSIONOS_10/BLD_UPCH_SAMVGW_INTELGRV_LNUX_02/platform_cfg/linux/compiler/i686_gcc_x86_linux_01/root/usr/lib/crt1.o
 .rel.text.element_start_cb
                0x00000000        0x0 /local/cruisecontrol/SYSTEM_BIN/views/MANIFESTS.upc.master/FUSIONOS_10/BLD_UPCH_SAMVGW_INTELGRV_LNUX_02/platform_cfg/linux/compiler/i686_gcc_x86_linux_01/root/usr/lib/crt1.o
 .rel.text.destroyBindings
                0x00000000        0x0 /local/cruisecontrol/SYSTEM_BIN/views/MANIFESTS.upc.master/FUSIONOS_10/BLD_UPCH_SAMVGW_INTELGRV_LNUX_02/platform_cfg/linux/compiler/i686_gcc_x86_linux_01/root/usr/lib/crt1.o
 .rel.text.errorProcessor
                0x00000000        0x0 /local/cruisecontrol/SYSTEM_BIN/views/MANIFESTS.upc.master/FUSIONOS_10/BLD_UPCH_SAMVGW_INTELGRV_LNUX_02/platform_cfg/linux/compiler/i686_gcc_x86_linux_01/root/usr/lib/crt1.o
 .rel.text.normalizeLines
                0x00000000        0x0 /local/cruisecontrol/SYSTEM_BIN/views/MANIFESTS.upc.master/FUSIONOS_10/BLD_UPCH_SAMVGW_INTELGRV_LNUX_02/platform_cfg/linux/compiler/i686_gcc_x86_linux_01/root/usr/lib/crt1.o
 .rel.text.reportDefault
                0x00000000        0x0 /local/cruisecontrol/SYSTEM_BIN/views/MANIFESTS.upc.master/FUSIONOS_10/BLD_UPCH_SAMVGW_INTELGRV_LNUX_02/platform_cfg/linux/compiler/i686_gcc_x86_linux_01/root/usr/lib/crt1.o
 .rel.text.doCdataSection
                0x00000000        0x0 /local/cruisecontrol/SYSTEM_BIN/views/MANIFESTS.upc.master/FUSIONOS_10/BLD_UPCH_SAMVGW_INTELGRV_LNUX_02/platform_cfg/linux/compiler/i686_gcc_x86_linux_01/root/usr/lib/crt1.o
 .rel.text.defineAttribute
                0x00000000        0x0 /local/cruisecontrol/SYSTEM_BIN/views/MANIFESTS.upc.master/FUSIONOS_10/BLD_UPCH_SAMVGW_INTELGRV_LNUX_02/platform_cfg/linux/compiler/i686_gcc_x86_linux_01/root/usr/lib/crt1.o
 .rel.text.normalizePublicId
                0x00000000        0x0 /local/cruisecontrol/SYSTEM_BIN/views/MANIFESTS.upc.master/FUSIONOS_10/BLD_UPCH_SAMVGW_INTELGRV_LNUX_02/platform_cfg/linux/compiler/i686_gcc_x86_linux_01/root/usr/lib/crt1.o
 .rel.text.hash
                0x00000000        0x0 /local/cruisecontrol/SYSTEM_BIN/views/MANIFESTS.upc.master/FUSIONOS_10/BLD_UPCH_SAMVGW_INTELGRV_LNUX_02/platform_cfg/linux/compiler/i686_gcc_x86_linux_01/root/usr/lib/crt1.o
 .rel.text.hashTableClear
                0x00000000        0x0 /local/cruisecontrol/SYSTEM_BIN/views/MANIFESTS.upc.master/FUSIONOS_10/BLD_UPCH_SAMVGW_INTELGRV_LNUX_02/platform_cfg/linux/compiler/i686_gcc_x86_linux_01/root/usr/lib/crt1.o
 .rel.text.hashTableDestroy
                0x00000000        0x0 /local/cruisecontrol/SYSTEM_BIN/views/MANIFESTS.upc.master/FUSIONOS_10/BLD_UPCH_SAMVGW_INTELGRV_LNUX_02/platform_cfg/linux/compiler/i686_gcc_x86_linux_01/root/usr/lib/crt1.o
 .rel.text.hashTableIterNext
                0x00000000        0x0 /local/cruisecontrol/SYSTEM_BIN/views/MANIFESTS.upc.master/FUSIONOS_10/BLD_UPCH_SAMVGW_INTELGRV_LNUX_02/platform_cfg/linux/compiler/i686_gcc_x86_linux_01/root/usr/lib/crt1.o
 .rel.text.poolClear
                0x00000000        0x0 /local/cruisecontrol/SYSTEM_BIN/views/MANIFESTS.upc.master/FUSIONOS_10/BLD_UPCH_SAMVGW_INTELGRV_LNUX_02/platform_cfg/linux/compiler/i686_gcc_x86_linux_01/root/usr/lib/crt1.o
 .rel.text.poolDestroy
                0x00000000        0x0 /local/cruisecontrol/SYSTEM_BIN/views/MANIFESTS.upc.master/FUSIONOS_10/BLD_UPCH_SAMVGW_INTELGRV_LNUX_02/platform_cfg/linux/compiler/i686_gcc_x86_linux_01/root/usr/lib/crt1.o
 .rel.text.nextScaffoldPart
                0x00000000        0x0 /local/cruisecontrol/SYSTEM_BIN/views/MANIFESTS.upc.master/FUSIONOS_10/BLD_UPCH_SAMVGW_INTELGRV_LNUX_02/platform_cfg/linux/compiler/i686_gcc_x86_linux_01/root/usr/lib/crt1.o
 .rel.text.build_node
                0x00000000        0x0 /local/cruisecontrol/SYSTEM_BIN/views/MANIFESTS.upc.master/FUSIONOS_10/BLD_UPCH_SAMVGW_INTELGRV_LNUX_02/platform_cfg/linux/compiler/i686_gcc_x86_linux_01/root/usr/lib/crt1.o
 .rel.text.poolGrow
                0x00000000        0x0 /local/cruisecontrol/SYSTEM_BIN/views/MANIFESTS.upc.master/FUSIONOS_10/BLD_UPCH_SAMVGW_INTELGRV_LNUX_02/platform_cfg/linux/compiler/i686_gcc_x86_linux_01/root/usr/lib/crt1.o
 .rel.text.poolCopyString
                0x00000000        0x0 /local/cruisecontrol/SYSTEM_BIN/views/MANIFESTS.upc.master/FUSIONOS_10/BLD_UPCH_SAMVGW_INTELGRV_LNUX_02/platform_cfg/linux/compiler/i686_gcc_x86_linux_01/root/usr/lib/crt1.o
 .rel.text.poolAppend
                0x00000000        0x0 /local/cruisecontrol/SYSTEM_BIN/views/MANIFESTS.upc.master/FUSIONOS_10/BLD_UPCH_SAMVGW_INTELGRV_LNUX_02/platform_cfg/linux/compiler/i686_gcc_x86_linux_01/root/usr/lib/crt1.o
 .rel.text.poolStoreString
                0x00000000        0x0 /local/cruisecontrol/SYSTEM_BIN/views/MANIFESTS.upc.master/FUSIONOS_10/BLD_UPCH_SAMVGW_INTELGRV_LNUX_02/platform_cfg/linux/compiler/i686_gcc_x86_linux_01/root/usr/lib/crt1.o
 .rel.text.reportProcessingInstruction
                0x00000000        0x0 /local/cruisecontrol/SYSTEM_BIN/views/MANIFESTS.upc.master/FUSIONOS_10/BLD_UPCH_SAMVGW_INTELGRV_LNUX_02/platform_cfg/linux/compiler/i686_gcc_x86_linux_01/root/usr/lib/crt1.o
 .rel.text.reportComment
                0x00000000        0x0 /local/cruisecontrol/SYSTEM_BIN/views/MANIFESTS.upc.master/FUSIONOS_10/BLD_UPCH_SAMVGW_INTELGRV_LNUX_02/platform_cfg/linux/compiler/i686_gcc_x86_linux_01/root/usr/lib/crt1.o
 .rel.text.epilogProcessor
                0x00000000        0x0 /local/cruisecontrol/SYSTEM_BIN/views/MANIFESTS.upc.master/FUSIONOS_10/BLD_UPCH_SAMVGW_INTELGRV_LNUX_02/platform_cfg/linux/compiler/i686_gcc_x86_linux_01/root/usr/lib/crt1.o
 .rel.text.addBinding
                0x00000000        0x0 /local/cruisecontrol/SYSTEM_BIN/views/MANIFESTS.upc.master/FUSIONOS_10/BLD_UPCH_SAMVGW_INTELGRV_LNUX_02/platform_cfg/linux/compiler/i686_gcc_x86_linux_01/root/usr/lib/crt1.o
 .rel.text.storeRawNames
                0x00000000        0x0 /local/cruisecontrol/SYSTEM_BIN/views/MANIFESTS.upc.master/FUSIONOS_10/BLD_UPCH_SAMVGW_INTELGRV_LNUX_02/platform_cfg/linux/compiler/i686_gcc_x86_linux_01/root/usr/lib/crt1.o
 .rel.text.parserInit
                0x00000000        0x0 /local/cruisecontrol/SYSTEM_BIN/views/MANIFESTS.upc.master/FUSIONOS_10/BLD_UPCH_SAMVGW_INTELGRV_LNUX_02/platform_cfg/linux/compiler/i686_gcc_x86_linux_01/root/usr/lib/crt1.o
 .rel.text.lookup
                0x00000000        0x0 /local/cruisecontrol/SYSTEM_BIN/views/MANIFESTS.upc.master/FUSIONOS_10/BLD_UPCH_SAMVGW_INTELGRV_LNUX_02/platform_cfg/linux/compiler/i686_gcc_x86_linux_01/root/usr/lib/crt1.o
 .rel.text.getAttributeId
                0x00000000        0x0 /local/cruisecontrol/SYSTEM_BIN/views/MANIFESTS.upc.master/FUSIONOS_10/BLD_UPCH_SAMVGW_INTELGRV_LNUX_02/platform_cfg/linux/compiler/i686_gcc_x86_linux_01/root/usr/lib/crt1.o
 .rel.text.setContext
                0x00000000        0x0 /local/cruisecontrol/SYSTEM_BIN/views/MANIFESTS.upc.master/FUSIONOS_10/BLD_UPCH_SAMVGW_INTELGRV_LNUX_02/platform_cfg/linux/compiler/i686_gcc_x86_linux_01/root/usr/lib/crt1.o
 .rel.text.handleUnknownEncoding
                0x00000000        0x0 /local/cruisecontrol/SYSTEM_BIN/views/MANIFESTS.upc.master/FUSIONOS_10/BLD_UPCH_SAMVGW_INTELGRV_LNUX_02/platform_cfg/linux/compiler/i686_gcc_x86_linux_01/root/usr/lib/crt1.o
 .rel.text.initializeEncoding
                0x00000000        0x0 /local/cruisecontrol/SYSTEM_BIN/views/MANIFESTS.upc.master/FUSIONOS_10/BLD_UPCH_SAMVGW_INTELGRV_LNUX_02/platform_cfg/linux/compiler/i686_gcc_x86_linux_01/root/usr/lib/crt1.o
 .rel.text.processXmlDecl
                0x00000000        0x0 /local/cruisecontrol/SYSTEM_BIN/views/MANIFESTS.upc.master/FUSIONOS_10/BLD_UPCH_SAMVGW_INTELGRV_LNUX_02/platform_cfg/linux/compiler/i686_gcc_x86_linux_01/root/usr/lib/crt1.o
 .rel.text.appendAttributeValue
                0x00000000        0x0 /local/cruisecontrol/SYSTEM_BIN/views/MANIFESTS.upc.master/FUSIONOS_10/BLD_UPCH_SAMVGW_INTELGRV_LNUX_02/platform_cfg/linux/compiler/i686_gcc_x86_linux_01/root/usr/lib/crt1.o
 .rel.text.storeAttributeValue
                0x00000000        0x0 /local/cruisecontrol/SYSTEM_BIN/views/MANIFESTS.upc.master/FUSIONOS_10/BLD_UPCH_SAMVGW_INTELGRV_LNUX_02/platform_cfg/linux/compiler/i686_gcc_x86_linux_01/root/usr/lib/crt1.o
 .rel.text.setElementTypePrefix.clone.2
                0x00000000        0x0 /local/cruisecontrol/SYSTEM_BIN/views/MANIFESTS.upc.master/FUSIONOS_10/BLD_UPCH_SAMVGW_INTELGRV_LNUX_02/platform_cfg/linux/compiler/i686_gcc_x86_linux_01/root/usr/lib/crt1.o
 .rel.text.storeAtts
                0x00000000        0x0 /local/cruisecontrol/SYSTEM_BIN/views/MANIFESTS.upc.master/FUSIONOS_10/BLD_UPCH_SAMVGW_INTELGRV_LNUX_02/platform_cfg/linux/compiler/i686_gcc_x86_linux_01/root/usr/lib/crt1.o
 .rel.text.getElementType.clone.3
                0x00000000        0x0 /local/cruisecontrol/SYSTEM_BIN/views/MANIFESTS.upc.master/FUSIONOS_10/BLD_UPCH_SAMVGW_INTELGRV_LNUX_02/platform_cfg/linux/compiler/i686_gcc_x86_linux_01/root/usr/lib/crt1.o
 .rel.text.doContent
                0x00000000        0x0 /local/cruisecontrol/SYSTEM_BIN/views/MANIFESTS.upc.master/FUSIONOS_10/BLD_UPCH_SAMVGW_INTELGRV_LNUX_02/platform_cfg/linux/compiler/i686_gcc_x86_linux_01/root/usr/lib/crt1.o
 .rel.text.contentProcessor
                0x00000000        0x0 /local/cruisecontrol/SYSTEM_BIN/views/MANIFESTS.upc.master/FUSIONOS_10/BLD_UPCH_SAMVGW_INTELGRV_LNUX_02/platform_cfg/linux/compiler/i686_gcc_x86_linux_01/root/usr/lib/crt1.o
 .rel.text.prologProcessor
                0x00000000        0x0 /local/cruisecontrol/SYSTEM_BIN/views/MANIFESTS.upc.master/FUSIONOS_10/BLD_UPCH_SAMVGW_INTELGRV_LNUX_02/platform_cfg/linux/compiler/i686_gcc_x86_linux_01/root/usr/lib/crt1.o
 .rel.text.prologInitProcessor
                0x00000000        0x0 /local/cruisecontrol/SYSTEM_BIN/views/MANIFESTS.upc.master/FUSIONOS_10/BLD_UPCH_SAMVGW_INTELGRV_LNUX_02/platform_cfg/linux/compiler/i686_gcc_x86_linux_01/root/usr/lib/crt1.o
 .rel.text.internalEntityProcessor
                0x00000000        0x0 /local/cruisecontrol/SYSTEM_BIN/views/MANIFESTS.upc.master/FUSIONOS_10/BLD_UPCH_SAMVGW_INTELGRV_LNUX_02/platform_cfg/linux/compiler/i686_gcc_x86_linux_01/root/usr/lib/crt1.o
 .rel.text.externalEntityContentProcessor
                0x00000000        0x0 /local/cruisecontrol/SYSTEM_BIN/views/MANIFESTS.upc.master/FUSIONOS_10/BLD_UPCH_SAMVGW_INTELGRV_LNUX_02/platform_cfg/linux/compiler/i686_gcc_x86_linux_01/root/usr/lib/crt1.o
 .rel.text.cdataSectionProcessor
                0x00000000        0x0 /local/cruisecontrol/SYSTEM_BIN/views/MANIFESTS.upc.master/FUSIONOS_10/BLD_UPCH_SAMVGW_INTELGRV_LNUX_02/platform_cfg/linux/compiler/i686_gcc_x86_linux_01/root/usr/lib/crt1.o
 .rel.text.externalEntityInitProcessor3
                0x00000000        0x0 /local/cruisecontrol/SYSTEM_BIN/views/MANIFESTS.upc.master/FUSIONOS_10/BLD_UPCH_SAMVGW_INTELGRV_LNUX_02/platform_cfg/linux/compiler/i686_gcc_x86_linux_01/root/usr/lib/crt1.o
 .rel.text.externalEntityInitProcessor2
                0x00000000        0x0 /local/cruisecontrol/SYSTEM_BIN/views/MANIFESTS.upc.master/FUSIONOS_10/BLD_UPCH_SAMVGW_INTELGRV_LNUX_02/platform_cfg/linux/compiler/i686_gcc_x86_linux_01/root/usr/lib/crt1.o
 .rel.text.externalEntityInitProcessor
                0x00000000        0x0 /local/cruisecontrol/SYSTEM_BIN/views/MANIFESTS.upc.master/FUSIONOS_10/BLD_UPCH_SAMVGW_INTELGRV_LNUX_02/platform_cfg/linux/compiler/i686_gcc_x86_linux_01/root/usr/lib/crt1.o
 .rel.text.XML_ParserReset
                0x00000000        0x0 /local/cruisecontrol/SYSTEM_BIN/views/MANIFESTS.upc.master/FUSIONOS_10/BLD_UPCH_SAMVGW_INTELGRV_LNUX_02/platform_cfg/linux/compiler/i686_gcc_x86_linux_01/root/usr/lib/crt1.o
 .rel.text.XML_SetEncoding
                0x00000000        0x0 /local/cruisecontrol/SYSTEM_BIN/views/MANIFESTS.upc.master/FUSIONOS_10/BLD_UPCH_SAMVGW_INTELGRV_LNUX_02/platform_cfg/linux/compiler/i686_gcc_x86_linux_01/root/usr/lib/crt1.o
 .rel.text.XML_ParserFree
                0x00000000        0x0 /local/cruisecontrol/SYSTEM_BIN/views/MANIFESTS.upc.master/FUSIONOS_10/BLD_UPCH_SAMVGW_INTELGRV_LNUX_02/platform_cfg/linux/compiler/i686_gcc_x86_linux_01/root/usr/lib/crt1.o
 .rel.text.parserCreate.clone.5
                0x00000000        0x0 /local/cruisecontrol/SYSTEM_BIN/views/MANIFESTS.upc.master/FUSIONOS_10/BLD_UPCH_SAMVGW_INTELGRV_LNUX_02/platform_cfg/linux/compiler/i686_gcc_x86_linux_01/root/usr/lib/crt1.o
 .rel.text.XML_ParserCreate_MM
                0x00000000        0x0 /local/cruisecontrol/SYSTEM_BIN/views/MANIFESTS.upc.master/FUSIONOS_10/BLD_UPCH_SAMVGW_INTELGRV_LNUX_02/platform_cfg/linux/compiler/i686_gcc_x86_linux_01/root/usr/lib/crt1.o
 .rel.text.XML_ParserCreateNS
                0x00000000        0x0 /local/cruisecontrol/SYSTEM_BIN/views/MANIFESTS.upc.master/FUSIONOS_10/BLD_UPCH_SAMVGW_INTELGRV_LNUX_02/platform_cfg/linux/compiler/i686_gcc_x86_linux_01/root/usr/lib/crt1.o
 .rel.text.XML_ParserCreate
                0x00000000        0x0 /local/cruisecontrol/SYSTEM_BIN/views/MANIFESTS.upc.master/FUSIONOS_10/BLD_UPCH_SAMVGW_INTELGRV_LNUX_02/platform_cfg/linux/compiler/i686_gcc_x86_linux_01/root/usr/lib/crt1.o
 .rel.text.XML_ExternalEntityParserCreate
                0x00000000        0x0 /local/cruisecontrol/SYSTEM_BIN/views/MANIFESTS.upc.master/FUSIONOS_10/BLD_UPCH_SAMVGW_INTELGRV_LNUX_02/platform_cfg/linux/compiler/i686_gcc_x86_linux_01/root/usr/lib/crt1.o
 .rel.text.XML_UseParserAsHandlerArg
                0x00000000        0x0 /local/cruisecontrol/SYSTEM_BIN/views/MANIFESTS.upc.master/FUSIONOS_10/BLD_UPCH_SAMVGW_INTELGRV_LNUX_02/platform_cfg/linux/compiler/i686_gcc_x86_linux_01/root/usr/lib/crt1.o
 .rel.text.XML_UseForeignDTD
                0x00000000        0x0 /local/cruisecontrol/SYSTEM_BIN/views/MANIFESTS.upc.master/FUSIONOS_10/BLD_UPCH_SAMVGW_INTELGRV_LNUX_02/platform_cfg/linux/compiler/i686_gcc_x86_linux_01/root/usr/lib/crt1.o
 .rel.text.XML_SetReturnNSTriplet
                0x00000000        0x0 /local/cruisecontrol/SYSTEM_BIN/views/MANIFESTS.upc.master/FUSIONOS_10/BLD_UPCH_SAMVGW_INTELGRV_LNUX_02/platform_cfg/linux/compiler/i686_gcc_x86_linux_01/root/usr/lib/crt1.o
 .rel.text.XML_SetUserData
                0x00000000        0x0 /local/cruisecontrol/SYSTEM_BIN/views/MANIFESTS.upc.master/FUSIONOS_10/BLD_UPCH_SAMVGW_INTELGRV_LNUX_02/platform_cfg/linux/compiler/i686_gcc_x86_linux_01/root/usr/lib/crt1.o
 .rel.text.XML_SetBase
                0x00000000        0x0 /local/cruisecontrol/SYSTEM_BIN/views/MANIFESTS.upc.master/FUSIONOS_10/BLD_UPCH_SAMVGW_INTELGRV_LNUX_02/platform_cfg/linux/compiler/i686_gcc_x86_linux_01/root/usr/lib/crt1.o
 .rel.text.XML_GetBase
                0x00000000        0x0 /local/cruisecontrol/SYSTEM_BIN/views/MANIFESTS.upc.master/FUSIONOS_10/BLD_UPCH_SAMVGW_INTELGRV_LNUX_02/platform_cfg/linux/compiler/i686_gcc_x86_linux_01/root/usr/lib/crt1.o
 .rel.text.XML_GetSpecifiedAttributeCount
                0x00000000        0x0 /local/cruisecontrol/SYSTEM_BIN/views/MANIFESTS.upc.master/FUSIONOS_10/BLD_UPCH_SAMVGW_INTELGRV_LNUX_02/platform_cfg/linux/compiler/i686_gcc_x86_linux_01/root/usr/lib/crt1.o
 .rel.text.XML_GetIdAttributeIndex
                0x00000000        0x0 /local/cruisecontrol/SYSTEM_BIN/views/MANIFESTS.upc.master/FUSIONOS_10/BLD_UPCH_SAMVGW_INTELGRV_LNUX_02/platform_cfg/linux/compiler/i686_gcc_x86_linux_01/root/usr/lib/crt1.o
 .rel.text.XML_SetElementHandler
                0x00000000        0x0 /local/cruisecontrol/SYSTEM_BIN/views/MANIFESTS.upc.master/FUSIONOS_10/BLD_UPCH_SAMVGW_INTELGRV_LNUX_02/platform_cfg/linux/compiler/i686_gcc_x86_linux_01/root/usr/lib/crt1.o
 .rel.text.XML_SetStartElementHandler
                0x00000000        0x0 /local/cruisecontrol/SYSTEM_BIN/views/MANIFESTS.upc.master/FUSIONOS_10/BLD_UPCH_SAMVGW_INTELGRV_LNUX_02/platform_cfg/linux/compiler/i686_gcc_x86_linux_01/root/usr/lib/crt1.o
 .rel.text.XML_SetEndElementHandler
                0x00000000        0x0 /local/cruisecontrol/SYSTEM_BIN/views/MANIFESTS.upc.master/FUSIONOS_10/BLD_UPCH_SAMVGW_INTELGRV_LNUX_02/platform_cfg/linux/compiler/i686_gcc_x86_linux_01/root/usr/lib/crt1.o
 .rel.text.XML_SetCharacterDataHandler
                0x00000000        0x0 /local/cruisecontrol/SYSTEM_BIN/views/MANIFESTS.upc.master/FUSIONOS_10/BLD_UPCH_SAMVGW_INTELGRV_LNUX_02/platform_cfg/linux/compiler/i686_gcc_x86_linux_01/root/usr/lib/crt1.o
 .rel.text.XML_SetProcessingInstructionHandler
                0x00000000        0x0 /local/cruisecontrol/SYSTEM_BIN/views/MANIFESTS.upc.master/FUSIONOS_10/BLD_UPCH_SAMVGW_INTELGRV_LNUX_02/platform_cfg/linux/compiler/i686_gcc_x86_linux_01/root/usr/lib/crt1.o
 .rel.text.XML_SetCommentHandler
                0x00000000        0x0 /local/cruisecontrol/SYSTEM_BIN/views/MANIFESTS.upc.master/FUSIONOS_10/BLD_UPCH_SAMVGW_INTELGRV_LNUX_02/platform_cfg/linux/compiler/i686_gcc_x86_linux_01/root/usr/lib/crt1.o
 .rel.text.XML_SetCdataSectionHandler
                0x00000000        0x0 /local/cruisecontrol/SYSTEM_BIN/views/MANIFESTS.upc.master/FUSIONOS_10/BLD_UPCH_SAMVGW_INTELGRV_LNUX_02/platform_cfg/linux/compiler/i686_gcc_x86_linux_01/root/usr/lib/crt1.o
 .rel.text.XML_SetStartCdataSectionHandler
                0x00000000        0x0 /local/cruisecontrol/SYSTEM_BIN/views/MANIFESTS.upc.master/FUSIONOS_10/BLD_UPCH_SAMVGW_INTELGRV_LNUX_02/platform_cfg/linux/compiler/i686_gcc_x86_linux_01/root/usr/lib/crt1.o
 .rel.text.XML_SetEndCdataSectionHandler
                0x00000000        0x0 /local/cruisecontrol/SYSTEM_BIN/views/MANIFESTS.upc.master/FUSIONOS_10/BLD_UPCH_SAMVGW_INTELGRV_LNUX_02/platform_cfg/linux/compiler/i686_gcc_x86_linux_01/root/usr/lib/crt1.o
 .rel.text.XML_SetDefaultHandler
                0x00000000        0x0 /local/cruisecontrol/SYSTEM_BIN/views/MANIFESTS.upc.master/FUSIONOS_10/BLD_UPCH_SAMVGW_INTELGRV_LNUX_02/platform_cfg/linux/compiler/i686_gcc_x86_linux_01/root/usr/lib/crt1.o
 .rel.text.XML_SetDefaultHandlerExpand
                0x00000000        0x0 /local/cruisecontrol/SYSTEM_BIN/views/MANIFESTS.upc.master/FUSIONOS_10/BLD_UPCH_SAMVGW_INTELGRV_LNUX_02/platform_cfg/linux/compiler/i686_gcc_x86_linux_01/root/usr/lib/crt1.o
 .rel.text.XML_SetDoctypeDeclHandler
                0x00000000        0x0 /local/cruisecontrol/SYSTEM_BIN/views/MANIFESTS.upc.master/FUSIONOS_10/BLD_UPCH_SAMVGW_INTELGRV_LNUX_02/platform_cfg/linux/compiler/i686_gcc_x86_linux_01/root/usr/lib/crt1.o
 .rel.text.XML_SetStartDoctypeDeclHandler
                0x00000000        0x0 /local/cruisecontrol/SYSTEM_BIN/views/MANIFESTS.upc.master/FUSIONOS_10/BLD_UPCH_SAMVGW_INTELGRV_LNUX_02/platform_cfg/linux/compiler/i686_gcc_x86_linux_01/root/usr/lib/crt1.o
 .rel.text.XML_SetEndDoctypeDeclHandler
                0x00000000        0x0 /local/cruisecontrol/SYSTEM_BIN/views/MANIFESTS.upc.master/FUSIONOS_10/BLD_UPCH_SAMVGW_INTELGRV_LNUX_02/platform_cfg/linux/compiler/i686_gcc_x86_linux_01/root/usr/lib/crt1.o
 .rel.text.XML_SetUnparsedEntityDeclHandler
                0x00000000        0x0 /local/cruisecontrol/SYSTEM_BIN/views/MANIFESTS.upc.master/FUSIONOS_10/BLD_UPCH_SAMVGW_INTELGRV_LNUX_02/platform_cfg/linux/compiler/i686_gcc_x86_linux_01/root/usr/lib/crt1.o
 .rel.text.XML_SetNotationDeclHandler
                0x00000000        0x0 /local/cruisecontrol/SYSTEM_BIN/views/MANIFESTS.upc.master/FUSIONOS_10/BLD_UPCH_SAMVGW_INTELGRV_LNUX_02/platform_cfg/linux/compiler/i686_gcc_x86_linux_01/root/usr/lib/crt1.o
 .rel.text.XML_SetNamespaceDeclHandler
                0x00000000        0x0 /local/cruisecontrol/SYSTEM_BIN/views/MANIFESTS.upc.master/FUSIONOS_10/BLD_UPCH_SAMVGW_INTELGRV_LNUX_02/platform_cfg/linux/compiler/i686_gcc_x86_linux_01/root/usr/lib/crt1.o
 .rel.text.XML_SetStartNamespaceDeclHandler
                0x00000000        0x0 /local/cruisecontrol/SYSTEM_BIN/views/MANIFESTS.upc.master/FUSIONOS_10/BLD_UPCH_SAMVGW_INTELGRV_LNUX_02/platform_cfg/linux/compiler/i686_gcc_x86_linux_01/root/usr/lib/crt1.o
 .rel.text.XML_SetEndNamespaceDeclHandler
                0x00000000        0x0 /local/cruisecontrol/SYSTEM_BIN/views/MANIFESTS.upc.master/FUSIONOS_10/BLD_UPCH_SAMVGW_INTELGRV_LNUX_02/platform_cfg/linux/compiler/i686_gcc_x86_linux_01/root/usr/lib/crt1.o
 .rel.text.XML_SetNotStandaloneHandler
                0x00000000        0x0 /local/cruisecontrol/SYSTEM_BIN/views/MANIFESTS.upc.master/FUSIONOS_10/BLD_UPCH_SAMVGW_INTELGRV_LNUX_02/platform_cfg/linux/compiler/i686_gcc_x86_linux_01/root/usr/lib/crt1.o
 .rel.text.XML_SetExternalEntityRefHandler
                0x00000000        0x0 /local/cruisecontrol/SYSTEM_BIN/views/MANIFESTS.upc.master/FUSIONOS_10/BLD_UPCH_SAMVGW_INTELGRV_LNUX_02/platform_cfg/linux/compiler/i686_gcc_x86_linux_01/root/usr/lib/crt1.o
 .rel.text.XML_SetExternalEntityRefHandlerArg
                0x00000000        0x0 /local/cruisecontrol/SYSTEM_BIN/views/MANIFESTS.upc.master/FUSIONOS_10/BLD_UPCH_SAMVGW_INTELGRV_LNUX_02/platform_cfg/linux/compiler/i686_gcc_x86_linux_01/root/usr/lib/crt1.o
 .rel.text.XML_SetSkippedEntityHandler
                0x00000000        0x0 /local/cruisecontrol/SYSTEM_BIN/views/MANIFESTS.upc.master/FUSIONOS_10/BLD_UPCH_SAMVGW_INTELGRV_LNUX_02/platform_cfg/linux/compiler/i686_gcc_x86_linux_01/root/usr/lib/crt1.o
 .rel.text.XML_SetUnknownEncodingHandler
                0x00000000        0x0 /local/cruisecontrol/SYSTEM_BIN/views/MANIFESTS.upc.master/FUSIONOS_10/BLD_UPCH_SAMVGW_INTELGRV_LNUX_02/platform_cfg/linux/compiler/i686_gcc_x86_linux_01/root/usr/lib/crt1.o
 .rel.text.XML_SetElementDeclHandler
                0x00000000        0x0 /local/cruisecontrol/SYSTEM_BIN/views/MANIFESTS.upc.master/FUSIONOS_10/BLD_UPCH_SAMVGW_INTELGRV_LNUX_02/platform_cfg/linux/compiler/i686_gcc_x86_linux_01/root/usr/lib/crt1.o
 .rel.text.XML_SetAttlistDeclHandler
                0x00000000        0x0 /local/cruisecontrol/SYSTEM_BIN/views/MANIFESTS.upc.master/FUSIONOS_10/BLD_UPCH_SAMVGW_INTELGRV_LNUX_02/platform_cfg/linux/compiler/i686_gcc_x86_linux_01/root/usr/lib/crt1.o
 .rel.text.XML_SetEntityDeclHandler
                0x00000000        0x0 /local/cruisecontrol/SYSTEM_BIN/views/MANIFESTS.upc.master/FUSIONOS_10/BLD_UPCH_SAMVGW_INTELGRV_LNUX_02/platform_cfg/linux/compiler/i686_gcc_x86_linux_01/root/usr/lib/crt1.o
 .rel.text.XML_SetXmlDeclHandler
                0x00000000        0x0 /local/cruisecontrol/SYSTEM_BIN/views/MANIFESTS.upc.master/FUSIONOS_10/BLD_UPCH_SAMVGW_INTELGRV_LNUX_02/platform_cfg/linux/compiler/i686_gcc_x86_linux_01/root/usr/lib/crt1.o
 .rel.text.XML_SetParamEntityParsing
                0x00000000        0x0 /local/cruisecontrol/SYSTEM_BIN/views/MANIFESTS.upc.master/FUSIONOS_10/BLD_UPCH_SAMVGW_INTELGRV_LNUX_02/platform_cfg/linux/compiler/i686_gcc_x86_linux_01/root/usr/lib/crt1.o
 .rel.text.XML_ParseBuffer
                0x00000000        0x0 /local/cruisecontrol/SYSTEM_BIN/views/MANIFESTS.upc.master/FUSIONOS_10/BLD_UPCH_SAMVGW_INTELGRV_LNUX_02/platform_cfg/linux/compiler/i686_gcc_x86_linux_01/root/usr/lib/crt1.o
 .rel.text.XML_GetBuffer
                0x00000000        0x0 /local/cruisecontrol/SYSTEM_BIN/views/MANIFESTS.upc.master/FUSIONOS_10/BLD_UPCH_SAMVGW_INTELGRV_LNUX_02/platform_cfg/linux/compiler/i686_gcc_x86_linux_01/root/usr/lib/crt1.o
 .rel.text.XML_Parse
                0x00000000        0x0 /local/cruisecontrol/SYSTEM_BIN/views/MANIFESTS.upc.master/FUSIONOS_10/BLD_UPCH_SAMVGW_INTELGRV_LNUX_02/platform_cfg/linux/compiler/i686_gcc_x86_linux_01/root/usr/lib/crt1.o
 .rel.text.XML_StopParser
                0x00000000        0x0 /local/cruisecontrol/SYSTEM_BIN/views/MANIFESTS.upc.master/FUSIONOS_10/BLD_UPCH_SAMVGW_INTELGRV_LNUX_02/platform_cfg/linux/compiler/i686_gcc_x86_linux_01/root/usr/lib/crt1.o
 .rel.text.XML_ResumeParser
                0x00000000        0x0 /local/cruisecontrol/SYSTEM_BIN/views/MANIFESTS.upc.master/FUSIONOS_10/BLD_UPCH_SAMVGW_INTELGRV_LNUX_02/platform_cfg/linux/compiler/i686_gcc_x86_linux_01/root/usr/lib/crt1.o
 .rel.text.XML_GetParsingStatus
                0x00000000        0x0 /local/cruisecontrol/SYSTEM_BIN/views/MANIFESTS.upc.master/FUSIONOS_10/BLD_UPCH_SAMVGW_INTELGRV_LNUX_02/platform_cfg/linux/compiler/i686_gcc_x86_linux_01/root/usr/lib/crt1.o
 .rel.text.XML_GetErrorCode
                0x00000000        0x0 /local/cruisecontrol/SYSTEM_BIN/views/MANIFESTS.upc.master/FUSIONOS_10/BLD_UPCH_SAMVGW_INTELGRV_LNUX_02/platform_cfg/linux/compiler/i686_gcc_x86_linux_01/root/usr/lib/crt1.o
 .rel.text.XML_GetCurrentByteIndex
                0x00000000        0x0 /local/cruisecontrol/SYSTEM_BIN/views/MANIFESTS.upc.master/FUSIONOS_10/BLD_UPCH_SAMVGW_INTELGRV_LNUX_02/platform_cfg/linux/compiler/i686_gcc_x86_linux_01/root/usr/lib/crt1.o
 .rel.text.XML_GetCurrentByteCount
                0x00000000        0x0 /local/cruisecontrol/SYSTEM_BIN/views/MANIFESTS.upc.master/FUSIONOS_10/BLD_UPCH_SAMVGW_INTELGRV_LNUX_02/platform_cfg/linux/compiler/i686_gcc_x86_linux_01/root/usr/lib/crt1.o
 .rel.text.XML_GetInputContext
                0x00000000        0x0 /local/cruisecontrol/SYSTEM_BIN/views/MANIFESTS.upc.master/FUSIONOS_10/BLD_UPCH_SAMVGW_INTELGRV_LNUX_02/platform_cfg/linux/compiler/i686_gcc_x86_linux_01/root/usr/lib/crt1.o
 .rel.text.XML_GetCurrentLineNumber
                0x00000000        0x0 /local/cruisecontrol/SYSTEM_BIN/views/MANIFESTS.upc.master/FUSIONOS_10/BLD_UPCH_SAMVGW_INTELGRV_LNUX_02/platform_cfg/linux/compiler/i686_gcc_x86_linux_01/root/usr/lib/crt1.o
 .rel.text.XML_GetCurrentColumnNumber
                0x00000000        0x0 /local/cruisecontrol/SYSTEM_BIN/views/MANIFESTS.upc.master/FUSIONOS_10/BLD_UPCH_SAMVGW_INTELGRV_LNUX_02/platform_cfg/linux/compiler/i686_gcc_x86_linux_01/root/usr/lib/crt1.o
 .rel.text.XML_FreeContentModel
                0x00000000        0x0 /local/cruisecontrol/SYSTEM_BIN/views/MANIFESTS.upc.master/FUSIONOS_10/BLD_UPCH_SAMVGW_INTELGRV_LNUX_02/platform_cfg/linux/compiler/i686_gcc_x86_linux_01/root/usr/lib/crt1.o
 .rel.text.XML_MemMalloc
                0x00000000        0x0 /local/cruisecontrol/SYSTEM_BIN/views/MANIFESTS.upc.master/FUSIONOS_10/BLD_UPCH_SAMVGW_INTELGRV_LNUX_02/platform_cfg/linux/compiler/i686_gcc_x86_linux_01/root/usr/lib/crt1.o
 .rel.text.XML_MemRealloc
                0x00000000        0x0 /local/cruisecontrol/SYSTEM_BIN/views/MANIFESTS.upc.master/FUSIONOS_10/BLD_UPCH_SAMVGW_INTELGRV_LNUX_02/platform_cfg/linux/compiler/i686_gcc_x86_linux_01/root/usr/lib/crt1.o
 .rel.text.XML_MemFree
                0x00000000        0x0 /local/cruisecontrol/SYSTEM_BIN/views/MANIFESTS.upc.master/FUSIONOS_10/BLD_UPCH_SAMVGW_INTELGRV_LNUX_02/platform_cfg/linux/compiler/i686_gcc_x86_linux_01/root/usr/lib/crt1.o
 .rel.text.XML_DefaultCurrent
                0x00000000        0x0 /local/cruisecontrol/SYSTEM_BIN/views/MANIFESTS.upc.master/FUSIONOS_10/BLD_UPCH_SAMVGW_INTELGRV_LNUX_02/platform_cfg/linux/compiler/i686_gcc_x86_linux_01/root/usr/lib/crt1.o
 .rel.text.XML_ErrorString
                0x00000000        0x0 /local/cruisecontrol/SYSTEM_BIN/views/MANIFESTS.upc.master/FUSIONOS_10/BLD_UPCH_SAMVGW_INTELGRV_LNUX_02/platform_cfg/linux/compiler/i686_gcc_x86_linux_01/root/usr/lib/crt1.o
 .rel.text.XML_ExpatVersion
                0x00000000        0x0 /local/cruisecontrol/SYSTEM_BIN/views/MANIFESTS.upc.master/FUSIONOS_10/BLD_UPCH_SAMVGW_INTELGRV_LNUX_02/platform_cfg/linux/compiler/i686_gcc_x86_linux_01/root/usr/lib/crt1.o
 .rel.text.XML_ExpatVersionInfo
                0x00000000        0x0 /local/cruisecontrol/SYSTEM_BIN/views/MANIFESTS.upc.master/FUSIONOS_10/BLD_UPCH_SAMVGW_INTELGRV_LNUX_02/platform_cfg/linux/compiler/i686_gcc_x86_linux_01/root/usr/lib/crt1.o
 .rel.text.XML_GetFeatureList
                0x00000000        0x0 /local/cruisecontrol/SYSTEM_BIN/views/MANIFESTS.upc.master/FUSIONOS_10/BLD_UPCH_SAMVGW_INTELGRV_LNUX_02/platform_cfg/linux/compiler/i686_gcc_x86_linux_01/root/usr/lib/crt1.o
 .rel.text.isNever
                0x00000000        0x0 /local/cruisecontrol/SYSTEM_BIN/views/MANIFESTS.upc.master/FUSIONOS_10/BLD_UPCH_SAMVGW_INTELGRV_LNUX_02/platform_cfg/linux/compiler/i686_gcc_x86_linux_01/root/usr/lib/crt1.o
 .rel.text.utf8_isName2
                0x00000000        0x0 /local/cruisecontrol/SYSTEM_BIN/views/MANIFESTS.upc.master/FUSIONOS_10/BLD_UPCH_SAMVGW_INTELGRV_LNUX_02/platform_cfg/linux/compiler/i686_gcc_x86_linux_01/root/usr/lib/crt1.o
 .rel.text.utf8_isName3
                0x00000000        0x0 /local/cruisecontrol/SYSTEM_BIN/views/MANIFESTS.upc.master/FUSIONOS_10/BLD_UPCH_SAMVGW_INTELGRV_LNUX_02/platform_cfg/linux/compiler/i686_gcc_x86_linux_01/root/usr/lib/crt1.o
 .rel.text.utf8_isNmstrt2
                0x00000000        0x0 /local/cruisecontrol/SYSTEM_BIN/views/MANIFESTS.upc.master/FUSIONOS_10/BLD_UPCH_SAMVGW_INTELGRV_LNUX_02/platform_cfg/linux/compiler/i686_gcc_x86_linux_01/root/usr/lib/crt1.o
 .rel.text.utf8_isNmstrt3
                0x00000000        0x0 /local/cruisecontrol/SYSTEM_BIN/views/MANIFESTS.upc.master/FUSIONOS_10/BLD_UPCH_SAMVGW_INTELGRV_LNUX_02/platform_cfg/linux/compiler/i686_gcc_x86_linux_01/root/usr/lib/crt1.o
 .rel.text.utf8_isInvalid2
                0x00000000        0x0 /local/cruisecontrol/SYSTEM_BIN/views/MANIFESTS.upc.master/FUSIONOS_10/BLD_UPCH_SAMVGW_INTELGRV_LNUX_02/platform_cfg/linux/compiler/i686_gcc_x86_linux_01/root/usr/lib/crt1.o
 .rel.text.utf8_isInvalid3
                0x00000000        0x0 /local/cruisecontrol/SYSTEM_BIN/views/MANIFESTS.upc.master/FUSIONOS_10/BLD_UPCH_SAMVGW_INTELGRV_LNUX_02/platform_cfg/linux/compiler/i686_gcc_x86_linux_01/root/usr/lib/crt1.o
 .rel.text.utf8_isInvalid4
                0x00000000        0x0 /local/cruisecontrol/SYSTEM_BIN/views/MANIFESTS.upc.master/FUSIONOS_10/BLD_UPCH_SAMVGW_INTELGRV_LNUX_02/platform_cfg/linux/compiler/i686_gcc_x86_linux_01/root/usr/lib/crt1.o
 .rel.text.normal_scanComment
                0x00000000        0x0 /local/cruisecontrol/SYSTEM_BIN/views/MANIFESTS.upc.master/FUSIONOS_10/BLD_UPCH_SAMVGW_INTELGRV_LNUX_02/platform_cfg/linux/compiler/i686_gcc_x86_linux_01/root/usr/lib/crt1.o
 .rel.text.normal_cdataSectionTok
                0x00000000        0x0 /local/cruisecontrol/SYSTEM_BIN/views/MANIFESTS.upc.master/FUSIONOS_10/BLD_UPCH_SAMVGW_INTELGRV_LNUX_02/platform_cfg/linux/compiler/i686_gcc_x86_linux_01/root/usr/lib/crt1.o
 .rel.text.normal_scanRef
                0x00000000        0x0 /local/cruisecontrol/SYSTEM_BIN/views/MANIFESTS.upc.master/FUSIONOS_10/BLD_UPCH_SAMVGW_INTELGRV_LNUX_02/platform_cfg/linux/compiler/i686_gcc_x86_linux_01/root/usr/lib/crt1.o
 .rel.text.normal_scanPercent
                0x00000000        0x0 /local/cruisecontrol/SYSTEM_BIN/views/MANIFESTS.upc.master/FUSIONOS_10/BLD_UPCH_SAMVGW_INTELGRV_LNUX_02/platform_cfg/linux/compiler/i686_gcc_x86_linux_01/root/usr/lib/crt1.o
 .rel.text.normal_scanLit
                0x00000000        0x0 /local/cruisecontrol/SYSTEM_BIN/views/MANIFESTS.upc.master/FUSIONOS_10/BLD_UPCH_SAMVGW_INTELGRV_LNUX_02/platform_cfg/linux/compiler/i686_gcc_x86_linux_01/root/usr/lib/crt1.o
 .rel.text.normal_attributeValueTok
                0x00000000        0x0 /local/cruisecontrol/SYSTEM_BIN/views/MANIFESTS.upc.master/FUSIONOS_10/BLD_UPCH_SAMVGW_INTELGRV_LNUX_02/platform_cfg/linux/compiler/i686_gcc_x86_linux_01/root/usr/lib/crt1.o
 .rel.text.normal_entityValueTok
                0x00000000        0x0 /local/cruisecontrol/SYSTEM_BIN/views/MANIFESTS.upc.master/FUSIONOS_10/BLD_UPCH_SAMVGW_INTELGRV_LNUX_02/platform_cfg/linux/compiler/i686_gcc_x86_linux_01/root/usr/lib/crt1.o
 .rel.text.normal_isPublicId
                0x00000000        0x0 /local/cruisecontrol/SYSTEM_BIN/views/MANIFESTS.upc.master/FUSIONOS_10/BLD_UPCH_SAMVGW_INTELGRV_LNUX_02/platform_cfg/linux/compiler/i686_gcc_x86_linux_01/root/usr/lib/crt1.o
 .rel.text.normal_getAtts
                0x00000000        0x0 /local/cruisecontrol/SYSTEM_BIN/views/MANIFESTS.upc.master/FUSIONOS_10/BLD_UPCH_SAMVGW_INTELGRV_LNUX_02/platform_cfg/linux/compiler/i686_gcc_x86_linux_01/root/usr/lib/crt1.o
 .rel.text.normal_predefinedEntityName
                0x00000000        0x0 /local/cruisecontrol/SYSTEM_BIN/views/MANIFESTS.upc.master/FUSIONOS_10/BLD_UPCH_SAMVGW_INTELGRV_LNUX_02/platform_cfg/linux/compiler/i686_gcc_x86_linux_01/root/usr/lib/crt1.o
 .rel.text.normal_sameName
                0x00000000        0x0 /local/cruisecontrol/SYSTEM_BIN/views/MANIFESTS.upc.master/FUSIONOS_10/BLD_UPCH_SAMVGW_INTELGRV_LNUX_02/platform_cfg/linux/compiler/i686_gcc_x86_linux_01/root/usr/lib/crt1.o
 .rel.text.normal_nameMatchesAscii
                0x00000000        0x0 /local/cruisecontrol/SYSTEM_BIN/views/MANIFESTS.upc.master/FUSIONOS_10/BLD_UPCH_SAMVGW_INTELGRV_LNUX_02/platform_cfg/linux/compiler/i686_gcc_x86_linux_01/root/usr/lib/crt1.o
 .rel.text.normal_nameLength
                0x00000000        0x0 /local/cruisecontrol/SYSTEM_BIN/views/MANIFESTS.upc.master/FUSIONOS_10/BLD_UPCH_SAMVGW_INTELGRV_LNUX_02/platform_cfg/linux/compiler/i686_gcc_x86_linux_01/root/usr/lib/crt1.o
 .rel.text.normal_skipS
                0x00000000        0x0 /local/cruisecontrol/SYSTEM_BIN/views/MANIFESTS.upc.master/FUSIONOS_10/BLD_UPCH_SAMVGW_INTELGRV_LNUX_02/platform_cfg/linux/compiler/i686_gcc_x86_linux_01/root/usr/lib/crt1.o
 .rel.text.normal_updatePosition
                0x00000000        0x0 /local/cruisecontrol/SYSTEM_BIN/views/MANIFESTS.upc.master/FUSIONOS_10/BLD_UPCH_SAMVGW_INTELGRV_LNUX_02/platform_cfg/linux/compiler/i686_gcc_x86_linux_01/root/usr/lib/crt1.o
 .rel.text.utf8_toUtf8
                0x00000000        0x0 /local/cruisecontrol/SYSTEM_BIN/views/MANIFESTS.upc.master/FUSIONOS_10/BLD_UPCH_SAMVGW_INTELGRV_LNUX_02/platform_cfg/linux/compiler/i686_gcc_x86_linux_01/root/usr/lib/crt1.o
 .rel.text.utf8_toUtf16
                0x00000000        0x0 /local/cruisecontrol/SYSTEM_BIN/views/MANIFESTS.upc.master/FUSIONOS_10/BLD_UPCH_SAMVGW_INTELGRV_LNUX_02/platform_cfg/linux/compiler/i686_gcc_x86_linux_01/root/usr/lib/crt1.o
 .rel.text.latin1_toUtf8
                0x00000000        0x0 /local/cruisecontrol/SYSTEM_BIN/views/MANIFESTS.upc.master/FUSIONOS_10/BLD_UPCH_SAMVGW_INTELGRV_LNUX_02/platform_cfg/linux/compiler/i686_gcc_x86_linux_01/root/usr/lib/crt1.o
 .rel.text.latin1_toUtf16
                0x00000000        0x0 /local/cruisecontrol/SYSTEM_BIN/views/MANIFESTS.upc.master/FUSIONOS_10/BLD_UPCH_SAMVGW_INTELGRV_LNUX_02/platform_cfg/linux/compiler/i686_gcc_x86_linux_01/root/usr/lib/crt1.o
 .rel.text.ascii_toUtf8
                0x00000000        0x0 /local/cruisecontrol/SYSTEM_BIN/views/MANIFESTS.upc.master/FUSIONOS_10/BLD_UPCH_SAMVGW_INTELGRV_LNUX_02/platform_cfg/linux/compiler/i686_gcc_x86_linux_01/root/usr/lib/crt1.o
 .rel.text.unicode_byte_type
                0x00000000        0x0 /local/cruisecontrol/SYSTEM_BIN/views/MANIFESTS.upc.master/FUSIONOS_10/BLD_UPCH_SAMVGW_INTELGRV_LNUX_02/platform_cfg/linux/compiler/i686_gcc_x86_linux_01/root/usr/lib/crt1.o
 .rel.text.little2_toUtf8
                0x00000000        0x0 /local/cruisecontrol/SYSTEM_BIN/views/MANIFESTS.upc.master/FUSIONOS_10/BLD_UPCH_SAMVGW_INTELGRV_LNUX_02/platform_cfg/linux/compiler/i686_gcc_x86_linux_01/root/usr/lib/crt1.o
 .rel.text.little2_toUtf16
                0x00000000        0x0 /local/cruisecontrol/SYSTEM_BIN/views/MANIFESTS.upc.master/FUSIONOS_10/BLD_UPCH_SAMVGW_INTELGRV_LNUX_02/platform_cfg/linux/compiler/i686_gcc_x86_linux_01/root/usr/lib/crt1.o
 .rel.text.big2_toUtf8
                0x00000000        0x0 /local/cruisecontrol/SYSTEM_BIN/views/MANIFESTS.upc.master/FUSIONOS_10/BLD_UPCH_SAMVGW_INTELGRV_LNUX_02/platform_cfg/linux/compiler/i686_gcc_x86_linux_01/root/usr/lib/crt1.o
 .rel.text.big2_toUtf16
                0x00000000        0x0 /local/cruisecontrol/SYSTEM_BIN/views/MANIFESTS.upc.master/FUSIONOS_10/BLD_UPCH_SAMVGW_INTELGRV_LNUX_02/platform_cfg/linux/compiler/i686_gcc_x86_linux_01/root/usr/lib/crt1.o
 .rel.text.little2_scanComment
                0x00000000        0x0 /local/cruisecontrol/SYSTEM_BIN/views/MANIFESTS.upc.master/FUSIONOS_10/BLD_UPCH_SAMVGW_INTELGRV_LNUX_02/platform_cfg/linux/compiler/i686_gcc_x86_linux_01/root/usr/lib/crt1.o
 .rel.text.little2_cdataSectionTok
                0x00000000        0x0 /local/cruisecontrol/SYSTEM_BIN/views/MANIFESTS.upc.master/FUSIONOS_10/BLD_UPCH_SAMVGW_INTELGRV_LNUX_02/platform_cfg/linux/compiler/i686_gcc_x86_linux_01/root/usr/lib/crt1.o
 .rel.text.little2_scanRef
                0x00000000        0x0 /local/cruisecontrol/SYSTEM_BIN/views/MANIFESTS.upc.master/FUSIONOS_10/BLD_UPCH_SAMVGW_INTELGRV_LNUX_02/platform_cfg/linux/compiler/i686_gcc_x86_linux_01/root/usr/lib/crt1.o
 .rel.text.little2_scanPercent
                0x00000000        0x0 /local/cruisecontrol/SYSTEM_BIN/views/MANIFESTS.upc.master/FUSIONOS_10/BLD_UPCH_SAMVGW_INTELGRV_LNUX_02/platform_cfg/linux/compiler/i686_gcc_x86_linux_01/root/usr/lib/crt1.o
 .rel.text.little2_scanLit
                0x00000000        0x0 /local/cruisecontrol/SYSTEM_BIN/views/MANIFESTS.upc.master/FUSIONOS_10/BLD_UPCH_SAMVGW_INTELGRV_LNUX_02/platform_cfg/linux/compiler/i686_gcc_x86_linux_01/root/usr/lib/crt1.o
 .rel.text.little2_attributeValueTok
                0x00000000        0x0 /local/cruisecontrol/SYSTEM_BIN/views/MANIFESTS.upc.master/FUSIONOS_10/BLD_UPCH_SAMVGW_INTELGRV_LNUX_02/platform_cfg/linux/compiler/i686_gcc_x86_linux_01/root/usr/lib/crt1.o
 .rel.text.little2_entityValueTok
                0x00000000        0x0 /local/cruisecontrol/SYSTEM_BIN/views/MANIFESTS.upc.master/FUSIONOS_10/BLD_UPCH_SAMVGW_INTELGRV_LNUX_02/platform_cfg/linux/compiler/i686_gcc_x86_linux_01/root/usr/lib/crt1.o
 .rel.text.little2_isPublicId
                0x00000000        0x0 /local/cruisecontrol/SYSTEM_BIN/views/MANIFESTS.upc.master/FUSIONOS_10/BLD_UPCH_SAMVGW_INTELGRV_LNUX_02/platform_cfg/linux/compiler/i686_gcc_x86_linux_01/root/usr/lib/crt1.o
 .rel.text.little2_getAtts
                0x00000000        0x0 /local/cruisecontrol/SYSTEM_BIN/views/MANIFESTS.upc.master/FUSIONOS_10/BLD_UPCH_SAMVGW_INTELGRV_LNUX_02/platform_cfg/linux/compiler/i686_gcc_x86_linux_01/root/usr/lib/crt1.o
 .rel.text.little2_predefinedEntityName
                0x00000000        0x0 /local/cruisecontrol/SYSTEM_BIN/views/MANIFESTS.upc.master/FUSIONOS_10/BLD_UPCH_SAMVGW_INTELGRV_LNUX_02/platform_cfg/linux/compiler/i686_gcc_x86_linux_01/root/usr/lib/crt1.o
 .rel.text.little2_sameName
                0x00000000        0x0 /local/cruisecontrol/SYSTEM_BIN/views/MANIFESTS.upc.master/FUSIONOS_10/BLD_UPCH_SAMVGW_INTELGRV_LNUX_02/platform_cfg/linux/compiler/i686_gcc_x86_linux_01/root/usr/lib/crt1.o
 .rel.text.little2_nameMatchesAscii
                0x00000000        0x0 /local/cruisecontrol/SYSTEM_BIN/views/MANIFESTS.upc.master/FUSIONOS_10/BLD_UPCH_SAMVGW_INTELGRV_LNUX_02/platform_cfg/linux/compiler/i686_gcc_x86_linux_01/root/usr/lib/crt1.o
 .rel.text.little2_nameLength
                0x00000000        0x0 /local/cruisecontrol/SYSTEM_BIN/views/MANIFESTS.upc.master/FUSIONOS_10/BLD_UPCH_SAMVGW_INTELGRV_LNUX_02/platform_cfg/linux/compiler/i686_gcc_x86_linux_01/root/usr/lib/crt1.o
 .rel.text.little2_skipS
                0x00000000        0x0 /local/cruisecontrol/SYSTEM_BIN/views/MANIFESTS.upc.master/FUSIONOS_10/BLD_UPCH_SAMVGW_INTELGRV_LNUX_02/platform_cfg/linux/compiler/i686_gcc_x86_linux_01/root/usr/lib/crt1.o
 .rel.text.little2_updatePosition
                0x00000000        0x0 /local/cruisecontrol/SYSTEM_BIN/views/MANIFESTS.upc.master/FUSIONOS_10/BLD_UPCH_SAMVGW_INTELGRV_LNUX_02/platform_cfg/linux/compiler/i686_gcc_x86_linux_01/root/usr/lib/crt1.o
 .rel.text.big2_scanComment
                0x00000000        0x0 /local/cruisecontrol/SYSTEM_BIN/views/MANIFESTS.upc.master/FUSIONOS_10/BLD_UPCH_SAMVGW_INTELGRV_LNUX_02/platform_cfg/linux/compiler/i686_gcc_x86_linux_01/root/usr/lib/crt1.o
 .rel.text.big2_cdataSectionTok
                0x00000000        0x0 /local/cruisecontrol/SYSTEM_BIN/views/MANIFESTS.upc.master/FUSIONOS_10/BLD_UPCH_SAMVGW_INTELGRV_LNUX_02/platform_cfg/linux/compiler/i686_gcc_x86_linux_01/root/usr/lib/crt1.o
 .rel.text.big2_scanRef
                0x00000000        0x0 /local/cruisecontrol/SYSTEM_BIN/views/MANIFESTS.upc.master/FUSIONOS_10/BLD_UPCH_SAMVGW_INTELGRV_LNUX_02/platform_cfg/linux/compiler/i686_gcc_x86_linux_01/root/usr/lib/crt1.o
 .rel.text.big2_scanPercent
                0x00000000        0x0 /local/cruisecontrol/SYSTEM_BIN/views/MANIFESTS.upc.master/FUSIONOS_10/BLD_UPCH_SAMVGW_INTELGRV_LNUX_02/platform_cfg/linux/compiler/i686_gcc_x86_linux_01/root/usr/lib/crt1.o
 .rel.text.big2_scanLit
                0x00000000        0x0 /local/cruisecontrol/SYSTEM_BIN/views/MANIFESTS.upc.master/FUSIONOS_10/BLD_UPCH_SAMVGW_INTELGRV_LNUX_02/platform_cfg/linux/compiler/i686_gcc_x86_linux_01/root/usr/lib/crt1.o
 .rel.text.big2_attributeValueTok
                0x00000000        0x0 /local/cruisecontrol/SYSTEM_BIN/views/MANIFESTS.upc.master/FUSIONOS_10/BLD_UPCH_SAMVGW_INTELGRV_LNUX_02/platform_cfg/linux/compiler/i686_gcc_x86_linux_01/root/usr/lib/crt1.o
 .rel.text.big2_entityValueTok
                0x00000000        0x0 /local/cruisecontrol/SYSTEM_BIN/views/MANIFESTS.upc.master/FUSIONOS_10/BLD_UPCH_SAMVGW_INTELGRV_LNUX_02/platform_cfg/linux/compiler/i686_gcc_x86_linux_01/root/usr/lib/crt1.o
 .rel.text.big2_isPublicId
                0x00000000        0x0 /local/cruisecontrol/SYSTEM_BIN/views/MANIFESTS.upc.master/FUSIONOS_10/BLD_UPCH_SAMVGW_INTELGRV_LNUX_02/platform_cfg/linux/compiler/i686_gcc_x86_linux_01/root/usr/lib/crt1.o
 .rel.text.big2_getAtts
                0x00000000        0x0 /local/cruisecontrol/SYSTEM_BIN/views/MANIFESTS.upc.master/FUSIONOS_10/BLD_UPCH_SAMVGW_INTELGRV_LNUX_02/platform_cfg/linux/compiler/i686_gcc_x86_linux_01/root/usr/lib/crt1.o
 .rel.text.big2_predefinedEntityName
                0x00000000        0x0 /local/cruisecontrol/SYSTEM_BIN/views/MANIFESTS.upc.master/FUSIONOS_10/BLD_UPCH_SAMVGW_INTELGRV_LNUX_02/platform_cfg/linux/compiler/i686_gcc_x86_linux_01/root/usr/lib/crt1.o
 .rel.text.big2_sameName
                0x00000000        0x0 /local/cruisecontrol/SYSTEM_BIN/views/MANIFESTS.upc.master/FUSIONOS_10/BLD_UPCH_SAMVGW_INTELGRV_LNUX_02/platform_cfg/linux/compiler/i686_gcc_x86_linux_01/root/usr/lib/crt1.o
 .rel.text.big2_nameMatchesAscii
                0x00000000        0x0 /local/cruisecontrol/SYSTEM_BIN/views/MANIFESTS.upc.master/FUSIONOS_10/BLD_UPCH_SAMVGW_INTELGRV_LNUX_02/platform_cfg/linux/compiler/i686_gcc_x86_linux_01/root/usr/lib/crt1.o
 .rel.text.big2_nameLength
                0x00000000        0x0 /local/cruisecontrol/SYSTEM_BIN/views/MANIFESTS.upc.master/FUSIONOS_10/BLD_UPCH_SAMVGW_INTELGRV_LNUX_02/platform_cfg/linux/compiler/i686_gcc_x86_linux_01/root/usr/lib/crt1.o
 .rel.text.big2_skipS
                0x00000000        0x0 /local/cruisecontrol/SYSTEM_BIN/views/MANIFESTS.upc.master/FUSIONOS_10/BLD_UPCH_SAMVGW_INTELGRV_LNUX_02/platform_cfg/linux/compiler/i686_gcc_x86_linux_01/root/usr/lib/crt1.o
 .rel.text.big2_updatePosition
                0x00000000        0x0 /local/cruisecontrol/SYSTEM_BIN/views/MANIFESTS.upc.master/FUSIONOS_10/BLD_UPCH_SAMVGW_INTELGRV_LNUX_02/platform_cfg/linux/compiler/i686_gcc_x86_linux_01/root/usr/lib/crt1.o
 .rel.text.streqci
                0x00000000        0x0 /local/cruisecontrol/SYSTEM_BIN/views/MANIFESTS.upc.master/FUSIONOS_10/BLD_UPCH_SAMVGW_INTELGRV_LNUX_02/platform_cfg/linux/compiler/i686_gcc_x86_linux_01/root/usr/lib/crt1.o
 .rel.text.initUpdatePosition
                0x00000000        0x0 /local/cruisecontrol/SYSTEM_BIN/views/MANIFESTS.upc.master/FUSIONOS_10/BLD_UPCH_SAMVGW_INTELGRV_LNUX_02/platform_cfg/linux/compiler/i686_gcc_x86_linux_01/root/usr/lib/crt1.o
 .rel.text.toAscii
                0x00000000        0x0 /local/cruisecontrol/SYSTEM_BIN/views/MANIFESTS.upc.master/FUSIONOS_10/BLD_UPCH_SAMVGW_INTELGRV_LNUX_02/platform_cfg/linux/compiler/i686_gcc_x86_linux_01/root/usr/lib/crt1.o
 .rel.text.isSpace
                0x00000000        0x0 /local/cruisecontrol/SYSTEM_BIN/views/MANIFESTS.upc.master/FUSIONOS_10/BLD_UPCH_SAMVGW_INTELGRV_LNUX_02/platform_cfg/linux/compiler/i686_gcc_x86_linux_01/root/usr/lib/crt1.o
 .rel.text.parsePseudoAttribute
                0x00000000        0x0 /local/cruisecontrol/SYSTEM_BIN/views/MANIFESTS.upc.master/FUSIONOS_10/BLD_UPCH_SAMVGW_INTELGRV_LNUX_02/platform_cfg/linux/compiler/i686_gcc_x86_linux_01/root/usr/lib/crt1.o
 .rel.text.checkCharRefNumber
                0x00000000        0x0 /local/cruisecontrol/SYSTEM_BIN/views/MANIFESTS.upc.master/FUSIONOS_10/BLD_UPCH_SAMVGW_INTELGRV_LNUX_02/platform_cfg/linux/compiler/i686_gcc_x86_linux_01/root/usr/lib/crt1.o
 .rel.text.little2_charRefNumber
                0x00000000        0x0 /local/cruisecontrol/SYSTEM_BIN/views/MANIFESTS.upc.master/FUSIONOS_10/BLD_UPCH_SAMVGW_INTELGRV_LNUX_02/platform_cfg/linux/compiler/i686_gcc_x86_linux_01/root/usr/lib/crt1.o
 .rel.text.big2_charRefNumber
                0x00000000        0x0 /local/cruisecontrol/SYSTEM_BIN/views/MANIFESTS.upc.master/FUSIONOS_10/BLD_UPCH_SAMVGW_INTELGRV_LNUX_02/platform_cfg/linux/compiler/i686_gcc_x86_linux_01/root/usr/lib/crt1.o
 .rel.text.normal_charRefNumber
                0x00000000        0x0 /local/cruisecontrol/SYSTEM_BIN/views/MANIFESTS.upc.master/FUSIONOS_10/BLD_UPCH_SAMVGW_INTELGRV_LNUX_02/platform_cfg/linux/compiler/i686_gcc_x86_linux_01/root/usr/lib/crt1.o
 .rel.text.unknown_isName
                0x00000000        0x0 /local/cruisecontrol/SYSTEM_BIN/views/MANIFESTS.upc.master/FUSIONOS_10/BLD_UPCH_SAMVGW_INTELGRV_LNUX_02/platform_cfg/linux/compiler/i686_gcc_x86_linux_01/root/usr/lib/crt1.o
 .rel.text.unknown_isNmstrt
                0x00000000        0x0 /local/cruisecontrol/SYSTEM_BIN/views/MANIFESTS.upc.master/FUSIONOS_10/BLD_UPCH_SAMVGW_INTELGRV_LNUX_02/platform_cfg/linux/compiler/i686_gcc_x86_linux_01/root/usr/lib/crt1.o
 .rel.text.unknown_isInvalid
                0x00000000        0x0 /local/cruisecontrol/SYSTEM_BIN/views/MANIFESTS.upc.master/FUSIONOS_10/BLD_UPCH_SAMVGW_INTELGRV_LNUX_02/platform_cfg/linux/compiler/i686_gcc_x86_linux_01/root/usr/lib/crt1.o
 .rel.text.unknown_toUtf16
                0x00000000        0x0 /local/cruisecontrol/SYSTEM_BIN/views/MANIFESTS.upc.master/FUSIONOS_10/BLD_UPCH_SAMVGW_INTELGRV_LNUX_02/platform_cfg/linux/compiler/i686_gcc_x86_linux_01/root/usr/lib/crt1.o
 .rel.text.getEncodingIndex
                0x00000000        0x0 /local/cruisecontrol/SYSTEM_BIN/views/MANIFESTS.upc.master/FUSIONOS_10/BLD_UPCH_SAMVGW_INTELGRV_LNUX_02/platform_cfg/linux/compiler/i686_gcc_x86_linux_01/root/usr/lib/crt1.o
 .rel.text.findEncoding
                0x00000000        0x0 /local/cruisecontrol/SYSTEM_BIN/views/MANIFESTS.upc.master/FUSIONOS_10/BLD_UPCH_SAMVGW_INTELGRV_LNUX_02/platform_cfg/linux/compiler/i686_gcc_x86_linux_01/root/usr/lib/crt1.o
 .rel.text.normal_checkPiTarget.clone.0
                0x00000000        0x0 /local/cruisecontrol/SYSTEM_BIN/views/MANIFESTS.upc.master/FUSIONOS_10/BLD_UPCH_SAMVGW_INTELGRV_LNUX_02/platform_cfg/linux/compiler/i686_gcc_x86_linux_01/root/usr/lib/crt1.o
 .rel.text.normal_scanPi
                0x00000000        0x0 /local/cruisecontrol/SYSTEM_BIN/views/MANIFESTS.upc.master/FUSIONOS_10/BLD_UPCH_SAMVGW_INTELGRV_LNUX_02/platform_cfg/linux/compiler/i686_gcc_x86_linux_01/root/usr/lib/crt1.o
 .rel.text.normal_contentTok
                0x00000000        0x0 /local/cruisecontrol/SYSTEM_BIN/views/MANIFESTS.upc.master/FUSIONOS_10/BLD_UPCH_SAMVGW_INTELGRV_LNUX_02/platform_cfg/linux/compiler/i686_gcc_x86_linux_01/root/usr/lib/crt1.o
 .rel.text.normal_prologTok
                0x00000000        0x0 /local/cruisecontrol/SYSTEM_BIN/views/MANIFESTS.upc.master/FUSIONOS_10/BLD_UPCH_SAMVGW_INTELGRV_LNUX_02/platform_cfg/linux/compiler/i686_gcc_x86_linux_01/root/usr/lib/crt1.o
 .rel.text.little2_checkPiTarget.clone.2
                0x00000000        0x0 /local/cruisecontrol/SYSTEM_BIN/views/MANIFESTS.upc.master/FUSIONOS_10/BLD_UPCH_SAMVGW_INTELGRV_LNUX_02/platform_cfg/linux/compiler/i686_gcc_x86_linux_01/root/usr/lib/crt1.o
 .rel.text.little2_scanPi
                0x00000000        0x0 /local/cruisecontrol/SYSTEM_BIN/views/MANIFESTS.upc.master/FUSIONOS_10/BLD_UPCH_SAMVGW_INTELGRV_LNUX_02/platform_cfg/linux/compiler/i686_gcc_x86_linux_01/root/usr/lib/crt1.o
 .rel.text.little2_contentTok
                0x00000000        0x0 /local/cruisecontrol/SYSTEM_BIN/views/MANIFESTS.upc.master/FUSIONOS_10/BLD_UPCH_SAMVGW_INTELGRV_LNUX_02/platform_cfg/linux/compiler/i686_gcc_x86_linux_01/root/usr/lib/crt1.o
 .rel.text.little2_prologTok
                0x00000000        0x0 /local/cruisecontrol/SYSTEM_BIN/views/MANIFESTS.upc.master/FUSIONOS_10/BLD_UPCH_SAMVGW_INTELGRV_LNUX_02/platform_cfg/linux/compiler/i686_gcc_x86_linux_01/root/usr/lib/crt1.o
 .rel.text.big2_checkPiTarget.clone.4
                0x00000000        0x0 /local/cruisecontrol/SYSTEM_BIN/views/MANIFESTS.upc.master/FUSIONOS_10/BLD_UPCH_SAMVGW_INTELGRV_LNUX_02/platform_cfg/linux/compiler/i686_gcc_x86_linux_01/root/usr/lib/crt1.o
 .rel.text.big2_scanPi
                0x00000000        0x0 /local/cruisecontrol/SYSTEM_BIN/views/MANIFESTS.upc.master/FUSIONOS_10/BLD_UPCH_SAMVGW_INTELGRV_LNUX_02/platform_cfg/linux/compiler/i686_gcc_x86_linux_01/root/usr/lib/crt1.o
 .rel.text.big2_contentTok
                0x00000000        0x0 /local/cruisecontrol/SYSTEM_BIN/views/MANIFESTS.upc.master/FUSIONOS_10/BLD_UPCH_SAMVGW_INTELGRV_LNUX_02/platform_cfg/linux/compiler/i686_gcc_x86_linux_01/root/usr/lib/crt1.o
 .rel.text.big2_prologTok
                0x00000000        0x0 /local/cruisecontrol/SYSTEM_BIN/views/MANIFESTS.upc.master/FUSIONOS_10/BLD_UPCH_SAMVGW_INTELGRV_LNUX_02/platform_cfg/linux/compiler/i686_gcc_x86_linux_01/root/usr/lib/crt1.o
 .rel.text.initScan.clone.6
                0x00000000        0x0 /local/cruisecontrol/SYSTEM_BIN/views/MANIFESTS.upc.master/FUSIONOS_10/BLD_UPCH_SAMVGW_INTELGRV_LNUX_02/platform_cfg/linux/compiler/i686_gcc_x86_linux_01/root/usr/lib/crt1.o
 .rel.text.initScanContent
                0x00000000        0x0 /local/cruisecontrol/SYSTEM_BIN/views/MANIFESTS.upc.master/FUSIONOS_10/BLD_UPCH_SAMVGW_INTELGRV_LNUX_02/platform_cfg/linux/compiler/i686_gcc_x86_linux_01/root/usr/lib/crt1.o
 .rel.text.initScanProlog
                0x00000000        0x0 /local/cruisecontrol/SYSTEM_BIN/views/MANIFESTS.upc.master/FUSIONOS_10/BLD_UPCH_SAMVGW_INTELGRV_LNUX_02/platform_cfg/linux/compiler/i686_gcc_x86_linux_01/root/usr/lib/crt1.o
 .rel.text.XmlUtf8Encode
                0x00000000        0x0 /local/cruisecontrol/SYSTEM_BIN/views/MANIFESTS.upc.master/FUSIONOS_10/BLD_UPCH_SAMVGW_INTELGRV_LNUX_02/platform_cfg/linux/compiler/i686_gcc_x86_linux_01/root/usr/lib/crt1.o
 .rel.text.unknown_toUtf8
                0x00000000        0x0 /local/cruisecontrol/SYSTEM_BIN/views/MANIFESTS.upc.master/FUSIONOS_10/BLD_UPCH_SAMVGW_INTELGRV_LNUX_02/platform_cfg/linux/compiler/i686_gcc_x86_linux_01/root/usr/lib/crt1.o
 .rel.text.XmlUtf16Encode
                0x00000000        0x0 /local/cruisecontrol/SYSTEM_BIN/views/MANIFESTS.upc.master/FUSIONOS_10/BLD_UPCH_SAMVGW_INTELGRV_LNUX_02/platform_cfg/linux/compiler/i686_gcc_x86_linux_01/root/usr/lib/crt1.o
 .rel.text.XmlSizeOfUnknownEncoding
                0x00000000        0x0 /local/cruisecontrol/SYSTEM_BIN/views/MANIFESTS.upc.master/FUSIONOS_10/BLD_UPCH_SAMVGW_INTELGRV_LNUX_02/platform_cfg/linux/compiler/i686_gcc_x86_linux_01/root/usr/lib/crt1.o
 .rel.text.XmlInitUnknownEncoding
                0x00000000        0x0 /local/cruisecontrol/SYSTEM_BIN/views/MANIFESTS.upc.master/FUSIONOS_10/BLD_UPCH_SAMVGW_INTELGRV_LNUX_02/platform_cfg/linux/compiler/i686_gcc_x86_linux_01/root/usr/lib/crt1.o
 .rel.text.XmlGetUtf8InternalEncoding
                0x00000000        0x0 /local/cruisecontrol/SYSTEM_BIN/views/MANIFESTS.upc.master/FUSIONOS_10/BLD_UPCH_SAMVGW_INTELGRV_LNUX_02/platform_cfg/linux/compiler/i686_gcc_x86_linux_01/root/usr/lib/crt1.o
 .rel.text.XmlGetUtf16InternalEncoding
                0x00000000        0x0 /local/cruisecontrol/SYSTEM_BIN/views/MANIFESTS.upc.master/FUSIONOS_10/BLD_UPCH_SAMVGW_INTELGRV_LNUX_02/platform_cfg/linux/compiler/i686_gcc_x86_linux_01/root/usr/lib/crt1.o
 .rel.text.XmlInitEncoding
                0x00000000        0x0 /local/cruisecontrol/SYSTEM_BIN/views/MANIFESTS.upc.master/FUSIONOS_10/BLD_UPCH_SAMVGW_INTELGRV_LNUX_02/platform_cfg/linux/compiler/i686_gcc_x86_linux_01/root/usr/lib/crt1.o
 .rel.text.XmlParseXmlDecl
                0x00000000        0x0 /local/cruisecontrol/SYSTEM_BIN/views/MANIFESTS.upc.master/FUSIONOS_10/BLD_UPCH_SAMVGW_INTELGRV_LNUX_02/platform_cfg/linux/compiler/i686_gcc_x86_linux_01/root/usr/lib/crt1.o
 .rel.text.prolog0
                0x00000000        0x0 /local/cruisecontrol/SYSTEM_BIN/views/MANIFESTS.upc.master/FUSIONOS_10/BLD_UPCH_SAMVGW_INTELGRV_LNUX_02/platform_cfg/linux/compiler/i686_gcc_x86_linux_01/root/usr/lib/crt1.o
 .rel.text.prolog1
                0x00000000        0x0 /local/cruisecontrol/SYSTEM_BIN/views/MANIFESTS.upc.master/FUSIONOS_10/BLD_UPCH_SAMVGW_INTELGRV_LNUX_02/platform_cfg/linux/compiler/i686_gcc_x86_linux_01/root/usr/lib/crt1.o
 .rel.text.prolog2
                0x00000000        0x0 /local/cruisecontrol/SYSTEM_BIN/views/MANIFESTS.upc.master/FUSIONOS_10/BLD_UPCH_SAMVGW_INTELGRV_LNUX_02/platform_cfg/linux/compiler/i686_gcc_x86_linux_01/root/usr/lib/crt1.o
 .rel.text.doctype0
                0x00000000        0x0 /local/cruisecontrol/SYSTEM_BIN/views/MANIFESTS.upc.master/FUSIONOS_10/BLD_UPCH_SAMVGW_INTELGRV_LNUX_02/platform_cfg/linux/compiler/i686_gcc_x86_linux_01/root/usr/lib/crt1.o
 .rel.text.doctype1
                0x00000000        0x0 /local/cruisecontrol/SYSTEM_BIN/views/MANIFESTS.upc.master/FUSIONOS_10/BLD_UPCH_SAMVGW_INTELGRV_LNUX_02/platform_cfg/linux/compiler/i686_gcc_x86_linux_01/root/usr/lib/crt1.o
 .rel.text.doctype2
                0x00000000        0x0 /local/cruisecontrol/SYSTEM_BIN/views/MANIFESTS.upc.master/FUSIONOS_10/BLD_UPCH_SAMVGW_INTELGRV_LNUX_02/platform_cfg/linux/compiler/i686_gcc_x86_linux_01/root/usr/lib/crt1.o
 .rel.text.doctype3
                0x00000000        0x0 /local/cruisecontrol/SYSTEM_BIN/views/MANIFESTS.upc.master/FUSIONOS_10/BLD_UPCH_SAMVGW_INTELGRV_LNUX_02/platform_cfg/linux/compiler/i686_gcc_x86_linux_01/root/usr/lib/crt1.o
 .rel.text.doctype4
                0x00000000        0x0 /local/cruisecontrol/SYSTEM_BIN/views/MANIFESTS.upc.master/FUSIONOS_10/BLD_UPCH_SAMVGW_INTELGRV_LNUX_02/platform_cfg/linux/compiler/i686_gcc_x86_linux_01/root/usr/lib/crt1.o
 .rel.text.doctype5
                0x00000000        0x0 /local/cruisecontrol/SYSTEM_BIN/views/MANIFESTS.upc.master/FUSIONOS_10/BLD_UPCH_SAMVGW_INTELGRV_LNUX_02/platform_cfg/linux/compiler/i686_gcc_x86_linux_01/root/usr/lib/crt1.o
 .rel.text.internalSubset
                0x00000000        0x0 /local/cruisecontrol/SYSTEM_BIN/views/MANIFESTS.upc.master/FUSIONOS_10/BLD_UPCH_SAMVGW_INTELGRV_LNUX_02/platform_cfg/linux/compiler/i686_gcc_x86_linux_01/root/usr/lib/crt1.o
 .rel.text.entity0
                0x00000000        0x0 /local/cruisecontrol/SYSTEM_BIN/views/MANIFESTS.upc.master/FUSIONOS_10/BLD_UPCH_SAMVGW_INTELGRV_LNUX_02/platform_cfg/linux/compiler/i686_gcc_x86_linux_01/root/usr/lib/crt1.o
 .rel.text.entity1
                0x00000000        0x0 /local/cruisecontrol/SYSTEM_BIN/views/MANIFESTS.upc.master/FUSIONOS_10/BLD_UPCH_SAMVGW_INTELGRV_LNUX_02/platform_cfg/linux/compiler/i686_gcc_x86_linux_01/root/usr/lib/crt1.o
 .rel.text.entity2
                0x00000000        0x0 /local/cruisecontrol/SYSTEM_BIN/views/MANIFESTS.upc.master/FUSIONOS_10/BLD_UPCH_SAMVGW_INTELGRV_LNUX_02/platform_cfg/linux/compiler/i686_gcc_x86_linux_01/root/usr/lib/crt1.o
 .rel.text.entity3
                0x00000000        0x0 /local/cruisecontrol/SYSTEM_BIN/views/MANIFESTS.upc.master/FUSIONOS_10/BLD_UPCH_SAMVGW_INTELGRV_LNUX_02/platform_cfg/linux/compiler/i686_gcc_x86_linux_01/root/usr/lib/crt1.o
 .rel.text.entity4
                0x00000000        0x0 /local/cruisecontrol/SYSTEM_BIN/views/MANIFESTS.upc.master/FUSIONOS_10/BLD_UPCH_SAMVGW_INTELGRV_LNUX_02/platform_cfg/linux/compiler/i686_gcc_x86_linux_01/root/usr/lib/crt1.o
 .rel.text.entity5
                0x00000000        0x0 /local/cruisecontrol/SYSTEM_BIN/views/MANIFESTS.upc.master/FUSIONOS_10/BLD_UPCH_SAMVGW_INTELGRV_LNUX_02/platform_cfg/linux/compiler/i686_gcc_x86_linux_01/root/usr/lib/crt1.o
 .rel.text.entity6
                0x00000000        0x0 /local/cruisecontrol/SYSTEM_BIN/views/MANIFESTS.upc.master/FUSIONOS_10/BLD_UPCH_SAMVGW_INTELGRV_LNUX_02/platform_cfg/linux/compiler/i686_gcc_x86_linux_01/root/usr/lib/crt1.o
 .rel.text.entity7
                0x00000000        0x0 /local/cruisecontrol/SYSTEM_BIN/views/MANIFESTS.upc.master/FUSIONOS_10/BLD_UPCH_SAMVGW_INTELGRV_LNUX_02/platform_cfg/linux/compiler/i686_gcc_x86_linux_01/root/usr/lib/crt1.o
 .rel.text.entity8
                0x00000000        0x0 /local/cruisecontrol/SYSTEM_BIN/views/MANIFESTS.upc.master/FUSIONOS_10/BLD_UPCH_SAMVGW_INTELGRV_LNUX_02/platform_cfg/linux/compiler/i686_gcc_x86_linux_01/root/usr/lib/crt1.o
 .rel.text.entity9
                0x00000000        0x0 /local/cruisecontrol/SYSTEM_BIN/views/MANIFESTS.upc.master/FUSIONOS_10/BLD_UPCH_SAMVGW_INTELGRV_LNUX_02/platform_cfg/linux/compiler/i686_gcc_x86_linux_01/root/usr/lib/crt1.o
 .rel.text.entity10
                0x00000000        0x0 /local/cruisecontrol/SYSTEM_BIN/views/MANIFESTS.upc.master/FUSIONOS_10/BLD_UPCH_SAMVGW_INTELGRV_LNUX_02/platform_cfg/linux/compiler/i686_gcc_x86_linux_01/root/usr/lib/crt1.o
 .rel.text.notation0
                0x00000000        0x0 /local/cruisecontrol/SYSTEM_BIN/views/MANIFESTS.upc.master/FUSIONOS_10/BLD_UPCH_SAMVGW_INTELGRV_LNUX_02/platform_cfg/linux/compiler/i686_gcc_x86_linux_01/root/usr/lib/crt1.o
 .rel.text.notation1
                0x00000000        0x0 /local/cruisecontrol/SYSTEM_BIN/views/MANIFESTS.upc.master/FUSIONOS_10/BLD_UPCH_SAMVGW_INTELGRV_LNUX_02/platform_cfg/linux/compiler/i686_gcc_x86_linux_01/root/usr/lib/crt1.o
 .rel.text.notation2
                0x00000000        0x0 /local/cruisecontrol/SYSTEM_BIN/views/MANIFESTS.upc.master/FUSIONOS_10/BLD_UPCH_SAMVGW_INTELGRV_LNUX_02/platform_cfg/linux/compiler/i686_gcc_x86_linux_01/root/usr/lib/crt1.o
 .rel.text.notation3
                0x00000000        0x0 /local/cruisecontrol/SYSTEM_BIN/views/MANIFESTS.upc.master/FUSIONOS_10/BLD_UPCH_SAMVGW_INTELGRV_LNUX_02/platform_cfg/linux/compiler/i686_gcc_x86_linux_01/root/usr/lib/crt1.o
 .rel.text.notation4
                0x00000000        0x0 /local/cruisecontrol/SYSTEM_BIN/views/MANIFESTS.upc.master/FUSIONOS_10/BLD_UPCH_SAMVGW_INTELGRV_LNUX_02/platform_cfg/linux/compiler/i686_gcc_x86_linux_01/root/usr/lib/crt1.o
 .rel.text.attlist0
                0x00000000        0x0 /local/cruisecontrol/SYSTEM_BIN/views/MANIFESTS.upc.master/FUSIONOS_10/BLD_UPCH_SAMVGW_INTELGRV_LNUX_02/platform_cfg/linux/compiler/i686_gcc_x86_linux_01/root/usr/lib/crt1.o
 .rel.text.attlist1
                0x00000000        0x0 /local/cruisecontrol/SYSTEM_BIN/views/MANIFESTS.upc.master/FUSIONOS_10/BLD_UPCH_SAMVGW_INTELGRV_LNUX_02/platform_cfg/linux/compiler/i686_gcc_x86_linux_01/root/usr/lib/crt1.o
 .rel.text.attlist2
                0x00000000        0x0 /local/cruisecontrol/SYSTEM_BIN/views/MANIFESTS.upc.master/FUSIONOS_10/BLD_UPCH_SAMVGW_INTELGRV_LNUX_02/platform_cfg/linux/compiler/i686_gcc_x86_linux_01/root/usr/lib/crt1.o
 .rel.text.attlist3
                0x00000000        0x0 /local/cruisecontrol/SYSTEM_BIN/views/MANIFESTS.upc.master/FUSIONOS_10/BLD_UPCH_SAMVGW_INTELGRV_LNUX_02/platform_cfg/linux/compiler/i686_gcc_x86_linux_01/root/usr/lib/crt1.o
 .rel.text.attlist4
                0x00000000        0x0 /local/cruisecontrol/SYSTEM_BIN/views/MANIFESTS.upc.master/FUSIONOS_10/BLD_UPCH_SAMVGW_INTELGRV_LNUX_02/platform_cfg/linux/compiler/i686_gcc_x86_linux_01/root/usr/lib/crt1.o
 .rel.text.attlist5
                0x00000000        0x0 /local/cruisecontrol/SYSTEM_BIN/views/MANIFESTS.upc.master/FUSIONOS_10/BLD_UPCH_SAMVGW_INTELGRV_LNUX_02/platform_cfg/linux/compiler/i686_gcc_x86_linux_01/root/usr/lib/crt1.o
 .rel.text.attlist6
                0x00000000        0x0 /local/cruisecontrol/SYSTEM_BIN/views/MANIFESTS.upc.master/FUSIONOS_10/BLD_UPCH_SAMVGW_INTELGRV_LNUX_02/platform_cfg/linux/compiler/i686_gcc_x86_linux_01/root/usr/lib/crt1.o
 .rel.text.attlist7
                0x00000000        0x0 /local/cruisecontrol/SYSTEM_BIN/views/MANIFESTS.upc.master/FUSIONOS_10/BLD_UPCH_SAMVGW_INTELGRV_LNUX_02/platform_cfg/linux/compiler/i686_gcc_x86_linux_01/root/usr/lib/crt1.o
 .rel.text.attlist8
                0x00000000        0x0 /local/cruisecontrol/SYSTEM_BIN/views/MANIFESTS.upc.master/FUSIONOS_10/BLD_UPCH_SAMVGW_INTELGRV_LNUX_02/platform_cfg/linux/compiler/i686_gcc_x86_linux_01/root/usr/lib/crt1.o
 .rel.text.attlist9
                0x00000000        0x0 /local/cruisecontrol/SYSTEM_BIN/views/MANIFESTS.upc.master/FUSIONOS_10/BLD_UPCH_SAMVGW_INTELGRV_LNUX_02/platform_cfg/linux/compiler/i686_gcc_x86_linux_01/root/usr/lib/crt1.o
 .rel.text.element0
                0x00000000        0x0 /local/cruisecontrol/SYSTEM_BIN/views/MANIFESTS.upc.master/FUSIONOS_10/BLD_UPCH_SAMVGW_INTELGRV_LNUX_02/platform_cfg/linux/compiler/i686_gcc_x86_linux_01/root/usr/lib/crt1.o
 .rel.text.element1
                0x00000000        0x0 /local/cruisecontrol/SYSTEM_BIN/views/MANIFESTS.upc.master/FUSIONOS_10/BLD_UPCH_SAMVGW_INTELGRV_LNUX_02/platform_cfg/linux/compiler/i686_gcc_x86_linux_01/root/usr/lib/crt1.o
 .rel.text.element2
                0x00000000        0x0 /local/cruisecontrol/SYSTEM_BIN/views/MANIFESTS.upc.master/FUSIONOS_10/BLD_UPCH_SAMVGW_INTELGRV_LNUX_02/platform_cfg/linux/compiler/i686_gcc_x86_linux_01/root/usr/lib/crt1.o
 .rel.text.element3
                0x00000000        0x0 /local/cruisecontrol/SYSTEM_BIN/views/MANIFESTS.upc.master/FUSIONOS_10/BLD_UPCH_SAMVGW_INTELGRV_LNUX_02/platform_cfg/linux/compiler/i686_gcc_x86_linux_01/root/usr/lib/crt1.o
 .rel.text.element4
                0x00000000        0x0 /local/cruisecontrol/SYSTEM_BIN/views/MANIFESTS.upc.master/FUSIONOS_10/BLD_UPCH_SAMVGW_INTELGRV_LNUX_02/platform_cfg/linux/compiler/i686_gcc_x86_linux_01/root/usr/lib/crt1.o
 .rel.text.element5
                0x00000000        0x0 /local/cruisecontrol/SYSTEM_BIN/views/MANIFESTS.upc.master/FUSIONOS_10/BLD_UPCH_SAMVGW_INTELGRV_LNUX_02/platform_cfg/linux/compiler/i686_gcc_x86_linux_01/root/usr/lib/crt1.o
 .rel.text.element6
                0x00000000        0x0 /local/cruisecontrol/SYSTEM_BIN/views/MANIFESTS.upc.master/FUSIONOS_10/BLD_UPCH_SAMVGW_INTELGRV_LNUX_02/platform_cfg/linux/compiler/i686_gcc_x86_linux_01/root/usr/lib/crt1.o
 .rel.text.element7
                0x00000000        0x0 /local/cruisecontrol/SYSTEM_BIN/views/MANIFESTS.upc.master/FUSIONOS_10/BLD_UPCH_SAMVGW_INTELGRV_LNUX_02/platform_cfg/linux/compiler/i686_gcc_x86_linux_01/root/usr/lib/crt1.o
 .rel.text.declClose
                0x00000000        0x0 /local/cruisecontrol/SYSTEM_BIN/views/MANIFESTS.upc.master/FUSIONOS_10/BLD_UPCH_SAMVGW_INTELGRV_LNUX_02/platform_cfg/linux/compiler/i686_gcc_x86_linux_01/root/usr/lib/crt1.o
 .rel.text.error
                0x00000000        0x0 /local/cruisecontrol/SYSTEM_BIN/views/MANIFESTS.upc.master/FUSIONOS_10/BLD_UPCH_SAMVGW_INTELGRV_LNUX_02/platform_cfg/linux/compiler/i686_gcc_x86_linux_01/root/usr/lib/crt1.o
 .rel.text.XmlPrologStateInit
                0x00000000        0x0 /local/cruisecontrol/SYSTEM_BIN/views/MANIFESTS.upc.master/FUSIONOS_10/BLD_UPCH_SAMVGW_INTELGRV_LNUX_02/platform_cfg/linux/compiler/i686_gcc_x86_linux_01/root/usr/lib/crt1.o
 *(.rel.fini)
 *(.rel.rodata .rel.rodata.* .rel.gnu.linkonce.r.*)
 *(.rel.data.rel.ro* .rel.gnu.linkonce.d.rel.ro.*)
 *(.rel.data .rel.data.* .rel.gnu.linkonce.d.*)
 *(.rel.tdata .rel.tdata.* .rel.gnu.linkonce.td.*)
 *(.rel.tbss .rel.tbss.* .rel.gnu.linkonce.tb.*)
 *(.rel.ctors)
 *(.rel.dtors)
 *(.rel.got)
 .rel.got       0x08048658        0x8 /local/cruisecontrol/SYSTEM_BIN/views/MANIFESTS.upc.master/FUSIONOS_10/BLD_UPCH_SAMVGW_INTELGRV_LNUX_02/platform_cfg/linux/compiler/i686_gcc_x86_linux_01/root/usr/lib/crt1.o
 *(.rel.bss .rel.bss.* .rel.gnu.linkonce.b.*)
 .rel.bss       0x08048660        0x8 /local/cruisecontrol/SYSTEM_BIN/views/MANIFESTS.upc.master/FUSIONOS_10/BLD_UPCH_SAMVGW_INTELGRV_LNUX_02/platform_cfg/linux/compiler/i686_gcc_x86_linux_01/root/usr/lib/crt1.o
 *(.rel.ifunc)

.rel.plt        0x08048668       0xb0
 *(.rel.plt)
 .rel.plt       0x08048668       0xb0 /local/cruisecontrol/SYSTEM_BIN/views/MANIFESTS.upc.master/FUSIONOS_10/BLD_UPCH_SAMVGW_INTELGRV_LNUX_02/platform_cfg/linux/compiler/i686_gcc_x86_linux_01/root/usr/lib/crt1.o
                0x08048718                PROVIDE (__rel_iplt_start, .)
 *(.rel.iplt)
 .rel.iplt      0x00000000        0x0 /local/cruisecontrol/SYSTEM_BIN/views/MANIFESTS.upc.master/FUSIONOS_10/BLD_UPCH_SAMVGW_INTELGRV_LNUX_02/platform_cfg/linux/compiler/i686_gcc_x86_linux_01/root/usr/lib/crt1.o
                0x08048718                PROVIDE (__rel_iplt_end, .)

.init           0x08048718       0x30
 *(.init)
 .init          0x08048718       0x22 /local/cruisecontrol/SYSTEM_BIN/views/MANIFESTS.upc.master/FUSIONOS_10/BLD_UPCH_SAMVGW_INTELGRV_LNUX_02/platform_cfg/linux/compiler/i686_gcc_x86_linux_01/root/usr/lib/crti.o
                0x08048718                _init
 .init          0x0804873a        0x5 /local/cruisecontrol/SYSTEM_BIN/views/MANIFESTS.upc.master/SYSTEM_BIN_2/i686_gcc_x86_linux_01/root/bin/../lib/gcc/i686-cm-linux/4.5.1/crtbegin.o
 .init          0x0804873f        0x5 /local/cruisecontrol/SYSTEM_BIN/views/MANIFESTS.upc.master/SYSTEM_BIN_2/i686_gcc_x86_linux_01/root/bin/../lib/gcc/i686-cm-linux/4.5.1/crtend.o
 .init          0x08048744        0x4 /local/cruisecontrol/SYSTEM_BIN/views/MANIFESTS.upc.master/FUSIONOS_10/BLD_UPCH_SAMVGW_INTELGRV_LNUX_02/platform_cfg/linux/compiler/i686_gcc_x86_linux_01/root/usr/lib/crtn.o

.plt            0x08048748      0x170
 *(.plt)
 .plt           0x08048748      0x170 /local/cruisecontrol/SYSTEM_BIN/views/MANIFESTS.upc.master/FUSIONOS_10/BLD_UPCH_SAMVGW_INTELGRV_LNUX_02/platform_cfg/linux/compiler/i686_gcc_x86_linux_01/root/usr/lib/crt1.o
                0x08048758                fputs@@GLIBC_2.0
                0x08048768                memcmp@@GLIBC_2.0
                0x08048778                __fprintf_chk@@GLIBC_2.3.4
                0x08048798                realloc@@GLIBC_2.0
                0x080487a8                __printf_chk@@GLIBC_2.3.4
                0x080487b8                __libc_start_main@@GLIBC_2.0
                0x080487c8                free@@GLIBC_2.0
                0x080487d8                fclose@@GLIBC_2.1
                0x080487e8                fopen@@GLIBC_2.1
                0x080487f8                feof@@GLIBC_2.0
                0x08048808                strcpy@@GLIBC_2.0
                0x08048818                fwrite@@GLIBC_2.0
                0x08048828                malloc@@GLIBC_2.0
                0x08048838                __stack_chk_fail@@GLIBC_2.4
                0x08048848                memmove@@GLIBC_2.0
                0x08048858                strncmp@@GLIBC_2.0
                0x08048868                __snprintf_chk@@GLIBC_2.3.4
                0x08048878                fread@@GLIBC_2.0
                0x08048888                ferror@@GLIBC_2.0
                0x08048898                strcmp@@GLIBC_2.0
                0x080488a8                exit@@GLIBC_2.0
 *(.iplt)
 .iplt          0x00000000        0x0 /local/cruisecontrol/SYSTEM_BIN/views/MANIFESTS.upc.master/FUSIONOS_10/BLD_UPCH_SAMVGW_INTELGRV_LNUX_02/platform_cfg/linux/compiler/i686_gcc_x86_linux_01/root/usr/lib/crt1.o

.text           0x080488c0    0x117bb
 *(.text.unlikely .text.*_unlikely)
 *(.text .stub .text.* .gnu.linkonce.t.*)
 .text          0x080488c0       0x24 /local/cruisecontrol/SYSTEM_BIN/views/MANIFESTS.upc.master/FUSIONOS_10/BLD_UPCH_SAMVGW_INTELGRV_LNUX_02/platform_cfg/linux/compiler/i686_gcc_x86_linux_01/root/usr/lib/crt1.o
                0x080488c0                _start
 *fill*         0x080488e4        0xc 90909090
 .text          0x080488f0       0x84 /local/cruisecontrol/SYSTEM_BIN/views/MANIFESTS.upc.master/SYSTEM_BIN_2/i686_gcc_x86_linux_01/root/bin/../lib/gcc/i686-cm-linux/4.5.1/crtbegin.o
 .text.error_handler
                0x08048974       0x5a /local/cruisecontrol/SYSTEM_BIN/w_drive/824550273/UPCH_SAMVGW_INTELGRV_LNUX_02/LittleEndian/release_dbg/components/../../processes/FusionConfigExport.o
 .text.write_output_files
                0x080489ce      0x240 /local/cruisecontrol/SYSTEM_BIN/w_drive/824550273/UPCH_SAMVGW_INTELGRV_LNUX_02/LittleEndian/release_dbg/components/../../processes/FusionConfigExport.o
 .text.main     0x08048c0e      0x382 /local/cruisecontrol/SYSTEM_BIN/w_drive/824550273/UPCH_SAMVGW_INTELGRV_LNUX_02/LittleEndian/release_dbg/components/../../processes/FusionConfigExport.o
                0x08048c0e                main
 .text.FUSIONCONFIG_NewMem
                0x08048f90       0x52 /local/cruisecontrol/SYSTEM_BIN/w_drive/824550273/UPCH_SAMVGW_INTELGRV_LNUX_02/LittleEndian/release_dbg/components/../../processes/../FusionConfigCommon/FusionConfigLink.o
                0x08048f90                FUSIONCONFIG_NewMem
 .text.FUSIONCONFIG_FindLink
                0x08048fe2       0x70 /local/cruisecontrol/SYSTEM_BIN/w_drive/824550273/UPCH_SAMVGW_INTELGRV_LNUX_02/LittleEndian/release_dbg/components/../../processes/../FusionConfigCommon/FusionConfigLink.o
                0x08048fe2                FUSIONCONFIG_FindLink
 .text.FUSIONCONFIG_InsertLink
                0x08049052       0x9b /local/cruisecontrol/SYSTEM_BIN/w_drive/824550273/UPCH_SAMVGW_INTELGRV_LNUX_02/LittleEndian/release_dbg/components/../../processes/../FusionConfigCommon/FusionConfigLink.o
                0x08049052                FUSIONCONFIG_InsertLink
 .text.FUSIONCONFIG_AppendLink
                0x080490ed       0x78 /local/cruisecontrol/SYSTEM_BIN/w_drive/824550273/UPCH_SAMVGW_INTELGRV_LNUX_02/LittleEndian/release_dbg/components/../../processes/../FusionConfigCommon/FusionConfigLink.o
                0x080490ed                FUSIONCONFIG_AppendLink
 .text.element_end_cb
                0x08049165       0xf3 /local/cruisecontrol/SYSTEM_BIN/w_drive/824550273/UPCH_SAMVGW_INTELGRV_LNUX_02/LittleEndian/release_dbg/components/../../processes/../FusionConfigCommon/FusionConfigParseXml.o
 .text.get_attribute
                0x08049258       0xcb /local/cruisecontrol/SYSTEM_BIN/w_drive/824550273/UPCH_SAMVGW_INTELGRV_LNUX_02/LittleEndian/release_dbg/components/../../processes/../FusionConfigCommon/FusionConfigParseXml.o
 .text.FUSIONCONFIG_LoadInputProfiles
                0x08049323      0x256 /local/cruisecontrol/SYSTEM_BIN/w_drive/824550273/UPCH_SAMVGW_INTELGRV_LNUX_02/LittleEndian/release_dbg/components/../../processes/../FusionConfigCommon/FusionConfigParseXml.o
                0x08049323                FUSIONCONFIG_LoadInputProfiles
 .text.element_start_cb
                0x08049579      0x46a /local/cruisecontrol/SYSTEM_BIN/w_drive/824550273/UPCH_SAMVGW_INTELGRV_LNUX_02/LittleEndian/release_dbg/components/../../processes/../FusionConfigCommon/FusionConfigParseXml.o
 .text.destroyBindings
                0x080499e3       0x4f /local/cruisecontrol/SYSTEM_BIN/w_drive/824550273/UPCH_SAMVGW_INTELGRV_LNUX_02/LittleEndian/release_dbg/components/../../processes/../FusionConfigCommon/expat_2.0.1/lib/xmlparse.o
 .text.errorProcessor
                0x08049a32       0x2e /local/cruisecontrol/SYSTEM_BIN/w_drive/824550273/UPCH_SAMVGW_INTELGRV_LNUX_02/LittleEndian/release_dbg/components/../../processes/../FusionConfigCommon/expat_2.0.1/lib/xmlparse.o
 .text.normalizeLines
                0x08049a60       0x6f /local/cruisecontrol/SYSTEM_BIN/w_drive/824550273/UPCH_SAMVGW_INTELGRV_LNUX_02/LittleEndian/release_dbg/components/../../processes/../FusionConfigCommon/expat_2.0.1/lib/xmlparse.o
 .text.reportDefault
                0x08049acf       0xbd /local/cruisecontrol/SYSTEM_BIN/w_drive/824550273/UPCH_SAMVGW_INTELGRV_LNUX_02/LittleEndian/release_dbg/components/../../processes/../FusionConfigCommon/expat_2.0.1/lib/xmlparse.o
 .text.doCdataSection
                0x08049b8c      0x238 /local/cruisecontrol/SYSTEM_BIN/w_drive/824550273/UPCH_SAMVGW_INTELGRV_LNUX_02/LittleEndian/release_dbg/components/../../processes/../FusionConfigCommon/expat_2.0.1/lib/xmlparse.o
 .text.defineAttribute
                0x08049dc4       0xf2 /local/cruisecontrol/SYSTEM_BIN/w_drive/824550273/UPCH_SAMVGW_INTELGRV_LNUX_02/LittleEndian/release_dbg/components/../../processes/../FusionConfigCommon/expat_2.0.1/lib/xmlparse.o
 .text.normalizePublicId
                0x08049eb6       0x81 /local/cruisecontrol/SYSTEM_BIN/w_drive/824550273/UPCH_SAMVGW_INTELGRV_LNUX_02/LittleEndian/release_dbg/components/../../processes/../FusionConfigCommon/expat_2.0.1/lib/xmlparse.o
 .text.hash     0x08049f37       0x3b /local/cruisecontrol/SYSTEM_BIN/w_drive/824550273/UPCH_SAMVGW_INTELGRV_LNUX_02/LittleEndian/release_dbg/components/../../processes/../FusionConfigCommon/expat_2.0.1/lib/xmlparse.o
 .text.hashTableDestroy
                0x08049f72       0x54 /local/cruisecontrol/SYSTEM_BIN/w_drive/824550273/UPCH_SAMVGW_INTELGRV_LNUX_02/LittleEndian/release_dbg/components/../../processes/../FusionConfigCommon/expat_2.0.1/lib/xmlparse.o
 .text.hashTableIterNext
                0x08049fc6       0x45 /local/cruisecontrol/SYSTEM_BIN/w_drive/824550273/UPCH_SAMVGW_INTELGRV_LNUX_02/LittleEndian/release_dbg/components/../../processes/../FusionConfigCommon/expat_2.0.1/lib/xmlparse.o
 .text.poolClear
                0x0804a00b       0x64 /local/cruisecontrol/SYSTEM_BIN/w_drive/824550273/UPCH_SAMVGW_INTELGRV_LNUX_02/LittleEndian/release_dbg/components/../../processes/../FusionConfigCommon/expat_2.0.1/lib/xmlparse.o
 .text.poolDestroy
                0x0804a06f       0x61 /local/cruisecontrol/SYSTEM_BIN/w_drive/824550273/UPCH_SAMVGW_INTELGRV_LNUX_02/LittleEndian/release_dbg/components/../../processes/../FusionConfigCommon/expat_2.0.1/lib/xmlparse.o
 .text.nextScaffoldPart
                0x0804a0d0      0x134 /local/cruisecontrol/SYSTEM_BIN/w_drive/824550273/UPCH_SAMVGW_INTELGRV_LNUX_02/LittleEndian/release_dbg/components/../../processes/../FusionConfigCommon/expat_2.0.1/lib/xmlparse.o
 .text.build_node
                0x0804a204      0x106 /local/cruisecontrol/SYSTEM_BIN/w_drive/824550273/UPCH_SAMVGW_INTELGRV_LNUX_02/LittleEndian/release_dbg/components/../../processes/../FusionConfigCommon/expat_2.0.1/lib/xmlparse.o
 .text.poolGrow
                0x0804a30a      0x16b /local/cruisecontrol/SYSTEM_BIN/w_drive/824550273/UPCH_SAMVGW_INTELGRV_LNUX_02/LittleEndian/release_dbg/components/../../processes/../FusionConfigCommon/expat_2.0.1/lib/xmlparse.o
 .text.poolCopyString
                0x0804a475       0x61 /local/cruisecontrol/SYSTEM_BIN/w_drive/824550273/UPCH_SAMVGW_INTELGRV_LNUX_02/LittleEndian/release_dbg/components/../../processes/../FusionConfigCommon/expat_2.0.1/lib/xmlparse.o
 .text.poolAppend
                0x0804a4d6       0x81 /local/cruisecontrol/SYSTEM_BIN/w_drive/824550273/UPCH_SAMVGW_INTELGRV_LNUX_02/LittleEndian/release_dbg/components/../../processes/../FusionConfigCommon/expat_2.0.1/lib/xmlparse.o
 .text.poolStoreString
                0x0804a557       0x63 /local/cruisecontrol/SYSTEM_BIN/w_drive/824550273/UPCH_SAMVGW_INTELGRV_LNUX_02/LittleEndian/release_dbg/components/../../processes/../FusionConfigCommon/expat_2.0.1/lib/xmlparse.o
 .text.reportProcessingInstruction
                0x0804a5ba       0xf4 /local/cruisecontrol/SYSTEM_BIN/w_drive/824550273/UPCH_SAMVGW_INTELGRV_LNUX_02/LittleEndian/release_dbg/components/../../processes/../FusionConfigCommon/expat_2.0.1/lib/xmlparse.o
 .text.reportComment
                0x0804a6ae       0x9f /local/cruisecontrol/SYSTEM_BIN/w_drive/824550273/UPCH_SAMVGW_INTELGRV_LNUX_02/LittleEndian/release_dbg/components/../../processes/../FusionConfigCommon/expat_2.0.1/lib/xmlparse.o
 .text.epilogProcessor
                0x0804a74d      0x19f /local/cruisecontrol/SYSTEM_BIN/w_drive/824550273/UPCH_SAMVGW_INTELGRV_LNUX_02/LittleEndian/release_dbg/components/../../processes/../FusionConfigCommon/expat_2.0.1/lib/xmlparse.o
 .text.addBinding
                0x0804a8ec      0x256 /local/cruisecontrol/SYSTEM_BIN/w_drive/824550273/UPCH_SAMVGW_INTELGRV_LNUX_02/LittleEndian/release_dbg/components/../../processes/../FusionConfigCommon/expat_2.0.1/lib/xmlparse.o
 .text.storeRawNames
                0x0804ab42       0xa8 /local/cruisecontrol/SYSTEM_BIN/w_drive/824550273/UPCH_SAMVGW_INTELGRV_LNUX_02/LittleEndian/release_dbg/components/../../processes/../FusionConfigCommon/expat_2.0.1/lib/xmlparse.o
 .text.parserInit
                0x0804abea      0x259 /local/cruisecontrol/SYSTEM_BIN/w_drive/824550273/UPCH_SAMVGW_INTELGRV_LNUX_02/LittleEndian/release_dbg/components/../../processes/../FusionConfigCommon/expat_2.0.1/lib/xmlparse.o
 .text.lookup   0x0804ae43      0x2a3 /local/cruisecontrol/SYSTEM_BIN/w_drive/824550273/UPCH_SAMVGW_INTELGRV_LNUX_02/LittleEndian/release_dbg/components/../../processes/../FusionConfigCommon/expat_2.0.1/lib/xmlparse.o
 .text.getAttributeId
                0x0804b0e6      0x1d1 /local/cruisecontrol/SYSTEM_BIN/w_drive/824550273/UPCH_SAMVGW_INTELGRV_LNUX_02/LittleEndian/release_dbg/components/../../processes/../FusionConfigCommon/expat_2.0.1/lib/xmlparse.o
 .text.setContext
                0x0804b2b7      0x237 /local/cruisecontrol/SYSTEM_BIN/w_drive/824550273/UPCH_SAMVGW_INTELGRV_LNUX_02/LittleEndian/release_dbg/components/../../processes/../FusionConfigCommon/expat_2.0.1/lib/xmlparse.o
 .text.handleUnknownEncoding
                0x0804b4ee       0xf1 /local/cruisecontrol/SYSTEM_BIN/w_drive/824550273/UPCH_SAMVGW_INTELGRV_LNUX_02/LittleEndian/release_dbg/components/../../processes/../FusionConfigCommon/expat_2.0.1/lib/xmlparse.o
 .text.initializeEncoding
                0x0804b5df       0x6a /local/cruisecontrol/SYSTEM_BIN/w_drive/824550273/UPCH_SAMVGW_INTELGRV_LNUX_02/LittleEndian/release_dbg/components/../../processes/../FusionConfigCommon/expat_2.0.1/lib/xmlparse.o
 .text.processXmlDecl
                0x0804b649      0x234 /local/cruisecontrol/SYSTEM_BIN/w_drive/824550273/UPCH_SAMVGW_INTELGRV_LNUX_02/LittleEndian/release_dbg/components/../../processes/../FusionConfigCommon/expat_2.0.1/lib/xmlparse.o
 .text.appendAttributeValue
                0x0804b87d      0x385 /local/cruisecontrol/SYSTEM_BIN/w_drive/824550273/UPCH_SAMVGW_INTELGRV_LNUX_02/LittleEndian/release_dbg/components/../../processes/../FusionConfigCommon/expat_2.0.1/lib/xmlparse.o
 .text.storeAttributeValue
                0x0804bc02       0x90 /local/cruisecontrol/SYSTEM_BIN/w_drive/824550273/UPCH_SAMVGW_INTELGRV_LNUX_02/LittleEndian/release_dbg/components/../../processes/../FusionConfigCommon/expat_2.0.1/lib/xmlparse.o
 .text.setElementTypePrefix.clone.2
                0x0804bc92       0xc9 /local/cruisecontrol/SYSTEM_BIN/w_drive/824550273/UPCH_SAMVGW_INTELGRV_LNUX_02/LittleEndian/release_dbg/components/../../processes/../FusionConfigCommon/expat_2.0.1/lib/xmlparse.o
 .text.storeAtts
                0x0804bd5b      0x8f8 /local/cruisecontrol/SYSTEM_BIN/w_drive/824550273/UPCH_SAMVGW_INTELGRV_LNUX_02/LittleEndian/release_dbg/components/../../processes/../FusionConfigCommon/expat_2.0.1/lib/xmlparse.o
 .text.getElementType.clone.3
                0x0804c653       0x8b /local/cruisecontrol/SYSTEM_BIN/w_drive/824550273/UPCH_SAMVGW_INTELGRV_LNUX_02/LittleEndian/release_dbg/components/../../processes/../FusionConfigCommon/expat_2.0.1/lib/xmlparse.o
 .text.doContent
                0x0804c6de      0xd25 /local/cruisecontrol/SYSTEM_BIN/w_drive/824550273/UPCH_SAMVGW_INTELGRV_LNUX_02/LittleEndian/release_dbg/components/../../processes/../FusionConfigCommon/expat_2.0.1/lib/xmlparse.o
 .text.contentProcessor
                0x0804d403       0x67 /local/cruisecontrol/SYSTEM_BIN/w_drive/824550273/UPCH_SAMVGW_INTELGRV_LNUX_02/LittleEndian/release_dbg/components/../../processes/../FusionConfigCommon/expat_2.0.1/lib/xmlparse.o
 .text.prologProcessor
                0x0804d46a     0x131b /local/cruisecontrol/SYSTEM_BIN/w_drive/824550273/UPCH_SAMVGW_INTELGRV_LNUX_02/LittleEndian/release_dbg/components/../../processes/../FusionConfigCommon/expat_2.0.1/lib/xmlparse.o
 .text.prologInitProcessor
                0x0804e785       0x7b /local/cruisecontrol/SYSTEM_BIN/w_drive/824550273/UPCH_SAMVGW_INTELGRV_LNUX_02/LittleEndian/release_dbg/components/../../processes/../FusionConfigCommon/expat_2.0.1/lib/xmlparse.o
 .text.internalEntityProcessor
                0x0804e800       0xfa /local/cruisecontrol/SYSTEM_BIN/w_drive/824550273/UPCH_SAMVGW_INTELGRV_LNUX_02/LittleEndian/release_dbg/components/../../processes/../FusionConfigCommon/expat_2.0.1/lib/xmlparse.o
 .text.externalEntityContentProcessor
                0x0804e8fa       0x6a /local/cruisecontrol/SYSTEM_BIN/w_drive/824550273/UPCH_SAMVGW_INTELGRV_LNUX_02/LittleEndian/release_dbg/components/../../processes/../FusionConfigCommon/expat_2.0.1/lib/xmlparse.o
 .text.cdataSectionProcessor
                0x0804e964       0x9e /local/cruisecontrol/SYSTEM_BIN/w_drive/824550273/UPCH_SAMVGW_INTELGRV_LNUX_02/LittleEndian/release_dbg/components/../../processes/../FusionConfigCommon/expat_2.0.1/lib/xmlparse.o
 .text.XML_ParserFree
                0x0804ea02      0x1d6 /local/cruisecontrol/SYSTEM_BIN/w_drive/824550273/UPCH_SAMVGW_INTELGRV_LNUX_02/LittleEndian/release_dbg/components/../../processes/../FusionConfigCommon/expat_2.0.1/lib/xmlparse.o
                0x0804ea02                XML_ParserFree
 .text.parserCreate.clone.5
                0x0804ebd8      0x3a2 /local/cruisecontrol/SYSTEM_BIN/w_drive/824550273/UPCH_SAMVGW_INTELGRV_LNUX_02/LittleEndian/release_dbg/components/../../processes/../FusionConfigCommon/expat_2.0.1/lib/xmlparse.o
 .text.XML_ParserCreate_MM
                0x0804ef7a       0x64 /local/cruisecontrol/SYSTEM_BIN/w_drive/824550273/UPCH_SAMVGW_INTELGRV_LNUX_02/LittleEndian/release_dbg/components/../../processes/../FusionConfigCommon/expat_2.0.1/lib/xmlparse.o
                0x0804ef7a                XML_ParserCreate_MM
 .text.XML_ParserCreate
                0x0804efde       0x31 /local/cruisecontrol/SYSTEM_BIN/w_drive/824550273/UPCH_SAMVGW_INTELGRV_LNUX_02/LittleEndian/release_dbg/components/../../processes/../FusionConfigCommon/expat_2.0.1/lib/xmlparse.o
                0x0804efde                XML_ParserCreate
 .text.XML_SetUserData
                0x0804f00f       0x3c /local/cruisecontrol/SYSTEM_BIN/w_drive/824550273/UPCH_SAMVGW_INTELGRV_LNUX_02/LittleEndian/release_dbg/components/../../processes/../FusionConfigCommon/expat_2.0.1/lib/xmlparse.o
                0x0804f00f                XML_SetUserData
 .text.XML_SetElementHandler
                0x0804f04b       0x35 /local/cruisecontrol/SYSTEM_BIN/w_drive/824550273/UPCH_SAMVGW_INTELGRV_LNUX_02/LittleEndian/release_dbg/components/../../processes/../FusionConfigCommon/expat_2.0.1/lib/xmlparse.o
                0x0804f04b                XML_SetElementHandler
 .text.XML_ParseBuffer
                0x0804f080      0x117 /local/cruisecontrol/SYSTEM_BIN/w_drive/824550273/UPCH_SAMVGW_INTELGRV_LNUX_02/LittleEndian/release_dbg/components/../../processes/../FusionConfigCommon/expat_2.0.1/lib/xmlparse.o
                0x0804f080                XML_ParseBuffer